Archive member included to satisfy reference by file (symbol)

e:/mounriver_studio/toolchain/risc-v embedded gcc/bin/../lib/gcc/riscv-none-embed/8.2.0/../../../../riscv-none-embed/lib/rv32imafc/ilp32f\libm.a(lib_a-s_cos.o)
                              ./zf_device/zf_device_gps_tau1201.o (cos)
e:/mounriver_studio/toolchain/risc-v embedded gcc/bin/../lib/gcc/riscv-none-embed/8.2.0/../../../../riscv-none-embed/lib/rv32imafc/ilp32f\libm.a(lib_a-s_sin.o)
                              ./zf_device/zf_device_gps_tau1201.o (sin)
e:/mounriver_studio/toolchain/risc-v embedded gcc/bin/../lib/gcc/riscv-none-embed/8.2.0/../../../../riscv-none-embed/lib/rv32imafc/ilp32f\libm.a(lib_a-w_asin.o)
                              ./zf_device/zf_device_gps_tau1201.o (asin)
e:/mounriver_studio/toolchain/risc-v embedded gcc/bin/../lib/gcc/riscv-none-embed/8.2.0/../../../../riscv-none-embed/lib/rv32imafc/ilp32f\libm.a(lib_a-w_atan2.o)
                              ./zf_device/zf_device_gps_tau1201.o (atan2)
e:/mounriver_studio/toolchain/risc-v embedded gcc/bin/../lib/gcc/riscv-none-embed/8.2.0/../../../../riscv-none-embed/lib/rv32imafc/ilp32f\libm.a(lib_a-w_pow.o)
                              ./zf_device/zf_device_gps_tau1201.o (pow)
e:/mounriver_studio/toolchain/risc-v embedded gcc/bin/../lib/gcc/riscv-none-embed/8.2.0/../../../../riscv-none-embed/lib/rv32imafc/ilp32f\libm.a(lib_a-w_sqrt.o)
                              ./zf_device/zf_device_gps_tau1201.o (sqrt)
e:/mounriver_studio/toolchain/risc-v embedded gcc/bin/../lib/gcc/riscv-none-embed/8.2.0/../../../../riscv-none-embed/lib/rv32imafc/ilp32f\libm.a(lib_a-e_asin.o)
                              e:/mounriver_studio/toolchain/risc-v embedded gcc/bin/../lib/gcc/riscv-none-embed/8.2.0/../../../../riscv-none-embed/lib/rv32imafc/ilp32f\libm.a(lib_a-w_asin.o) (__ieee754_asin)
e:/mounriver_studio/toolchain/risc-v embedded gcc/bin/../lib/gcc/riscv-none-embed/8.2.0/../../../../riscv-none-embed/lib/rv32imafc/ilp32f\libm.a(lib_a-e_atan2.o)
                              e:/mounriver_studio/toolchain/risc-v embedded gcc/bin/../lib/gcc/riscv-none-embed/8.2.0/../../../../riscv-none-embed/lib/rv32imafc/ilp32f\libm.a(lib_a-w_atan2.o) (__ieee754_atan2)
e:/mounriver_studio/toolchain/risc-v embedded gcc/bin/../lib/gcc/riscv-none-embed/8.2.0/../../../../riscv-none-embed/lib/rv32imafc/ilp32f\libm.a(lib_a-e_pow.o)
                              e:/mounriver_studio/toolchain/risc-v embedded gcc/bin/../lib/gcc/riscv-none-embed/8.2.0/../../../../riscv-none-embed/lib/rv32imafc/ilp32f\libm.a(lib_a-w_pow.o) (__ieee754_pow)
e:/mounriver_studio/toolchain/risc-v embedded gcc/bin/../lib/gcc/riscv-none-embed/8.2.0/../../../../riscv-none-embed/lib/rv32imafc/ilp32f\libm.a(lib_a-e_rem_pio2.o)
                              e:/mounriver_studio/toolchain/risc-v embedded gcc/bin/../lib/gcc/riscv-none-embed/8.2.0/../../../../riscv-none-embed/lib/rv32imafc/ilp32f\libm.a(lib_a-s_cos.o) (__ieee754_rem_pio2)
e:/mounriver_studio/toolchain/risc-v embedded gcc/bin/../lib/gcc/riscv-none-embed/8.2.0/../../../../riscv-none-embed/lib/rv32imafc/ilp32f\libm.a(lib_a-e_sqrt.o)
                              e:/mounriver_studio/toolchain/risc-v embedded gcc/bin/../lib/gcc/riscv-none-embed/8.2.0/../../../../riscv-none-embed/lib/rv32imafc/ilp32f\libm.a(lib_a-w_sqrt.o) (__ieee754_sqrt)
e:/mounriver_studio/toolchain/risc-v embedded gcc/bin/../lib/gcc/riscv-none-embed/8.2.0/../../../../riscv-none-embed/lib/rv32imafc/ilp32f\libm.a(lib_a-k_cos.o)
                              e:/mounriver_studio/toolchain/risc-v embedded gcc/bin/../lib/gcc/riscv-none-embed/8.2.0/../../../../riscv-none-embed/lib/rv32imafc/ilp32f\libm.a(lib_a-s_cos.o) (__kernel_cos)
e:/mounriver_studio/toolchain/risc-v embedded gcc/bin/../lib/gcc/riscv-none-embed/8.2.0/../../../../riscv-none-embed/lib/rv32imafc/ilp32f\libm.a(lib_a-k_rem_pio2.o)
                              e:/mounriver_studio/toolchain/risc-v embedded gcc/bin/../lib/gcc/riscv-none-embed/8.2.0/../../../../riscv-none-embed/lib/rv32imafc/ilp32f\libm.a(lib_a-e_rem_pio2.o) (__kernel_rem_pio2)
e:/mounriver_studio/toolchain/risc-v embedded gcc/bin/../lib/gcc/riscv-none-embed/8.2.0/../../../../riscv-none-embed/lib/rv32imafc/ilp32f\libm.a(lib_a-k_sin.o)
                              e:/mounriver_studio/toolchain/risc-v embedded gcc/bin/../lib/gcc/riscv-none-embed/8.2.0/../../../../riscv-none-embed/lib/rv32imafc/ilp32f\libm.a(lib_a-s_cos.o) (__kernel_sin)
e:/mounriver_studio/toolchain/risc-v embedded gcc/bin/../lib/gcc/riscv-none-embed/8.2.0/../../../../riscv-none-embed/lib/rv32imafc/ilp32f\libm.a(lib_a-s_atan.o)
                              e:/mounriver_studio/toolchain/risc-v embedded gcc/bin/../lib/gcc/riscv-none-embed/8.2.0/../../../../riscv-none-embed/lib/rv32imafc/ilp32f\libm.a(lib_a-e_atan2.o) (atan)
e:/mounriver_studio/toolchain/risc-v embedded gcc/bin/../lib/gcc/riscv-none-embed/8.2.0/../../../../riscv-none-embed/lib/rv32imafc/ilp32f\libm.a(lib_a-s_fabs.o)
[...]
Memory Configuration

Name             Origin             Length             Attributes
RAM              0x0000000020000040 0x000000000000fc00 xrw
FLASH            0x0000000000000000 0x0000000000040000 xr
*default*        0x0000000000000000 0xffffffffffffffff

Linker script and memory map

LOAD ./zf_driver/zf_driver_adc.o
LOAD ./zf_driver/zf_driver_delay.o
LOAD ./zf_driver/zf_driver_dvp.o
LOAD ./zf_driver/zf_driver_encoder.o
LOAD ./zf_driver/zf_driver_exti.o
LOAD ./zf_driver/zf_driver_flash.o
LOAD ./zf_driver/zf_driver_gpio.o
LOAD ./zf_driver/zf_driver_iic.o
LOAD ./zf_driver/zf_driver_pit.o
LOAD ./zf_driver/zf_driver_pwm.o
LOAD ./zf_driver/zf_driver_soft_iic.o
LOAD ./zf_driver/zf_driver_soft_spi.o
LOAD ./zf_driver/zf_driver_spi.o
LOAD ./zf_driver/zf_driver_timer.o
LOAD ./zf_driver/zf_driver_uart.o
LOAD ./zf_driver/zf_driver_usb_cdc.o
LOAD ./zf_device/zf_device_absolute_encoder.o
LOAD ./zf_device/zf_device_aht20.o
LOAD ./zf_device/zf_device_bluetooth_ch9141.o
LOAD ./zf_device/zf_device_camera.o
LOAD ./zf_device/zf_device_detector.o
LOAD ./zf_device/zf_device_dl1a.o
LOAD ./zf_device/zf_device_dl1b.o
LOAD ./zf_device/zf_device_dm1xa.o
LOAD ./zf_device/zf_device_gps_tau1201.o
LOAD ./zf_device/zf_device_icm20602.o
LOAD ./zf_device/zf_device_imu660ra.o
LOAD ./zf_device/zf_device_imu963ra.o
LOAD ./zf_device/zf_device_ips114.o
LOAD ./zf_device/zf_device_ips200.o
LOAD ./zf_device/zf_device_k24c02.o
LOAD ./zf_device/zf_device_key.o
LOAD ./zf_device/zf_device_mpu6050.o
LOAD ./zf_device/zf_device_mt9v03x_dvp.o
LOAD ./zf_device/zf_device_oled.o
LOAD ./zf_device/zf_device_scc8660_dvp.o
LOAD ./zf_device/zf_device_tft180.o
LOAD ./zf_device/zf_device_type.o
LOAD ./zf_device/zf_device_virtual_oscilloscope.o
LOAD ./zf_device/zf_device_w25q32.o
LOAD ./zf_device/zf_device_wifi_spi.o
LOAD ./zf_device/zf_device_wifi_uart.o
LOAD ./zf_device/zf_device_wireless_ch573.o
LOAD ./zf_device/zf_device_wireless_uart.o
LOAD ./zf_common/zf_common_clock.o
LOAD ./zf_common/zf_common_debug.o
LOAD ./zf_common/zf_common_fifo.o
LOAD ./zf_common/zf_common_font.o
LOAD ./zf_common/zf_common_function.o
LOAD ./zf_common/zf_common_interrupt.o
LOAD ./user_c/isr.o
LOAD ./user_c/main.o
LOAD ./sdk/Startup/startup_ch32v30x_D8C.o
LOAD ./sdk/Peripheral/ch32v30x_adc.o
LOAD ./sdk/Peripheral/ch32v30x_bkp.o
LOAD ./sdk/Peripheral/ch32v30x_can.o
LOAD ./sdk/Peripheral/ch32v30x_crc.o
LOAD ./sdk/Peripheral/ch32v30x_dac.o
LOAD ./sdk/Peripheral/ch32v30x_dbgmcu.o
LOAD ./sdk/Peripheral/ch32v30x_dma.o
LOAD ./sdk/Peripheral/ch32v30x_dvp.o
LOAD ./sdk/Peripheral/ch32v30x_eth.o
LOAD ./sdk/Peripheral/ch32v30x_exti.o
LOAD ./sdk/Peripheral/ch32v30x_flash.o
LOAD ./sdk/Peripheral/ch32v30x_fsmc.o
LOAD ./sdk/Peripheral/ch32v30x_gpio.o
LOAD ./sdk/Peripheral/ch32v30x_i2c.o
LOAD ./sdk/Peripheral/ch32v30x_iwdg.o
LOAD ./sdk/Peripheral/ch32v30x_opa.o
LOAD ./sdk/Peripheral/ch32v30x_pwr.o
LOAD ./sdk/Peripheral/ch32v30x_rcc.o
LOAD ./sdk/Peripheral/ch32v30x_rng.o
LOAD ./sdk/Peripheral/ch32v30x_rtc.o
LOAD ./sdk/Peripheral/ch32v30x_sdio.o
LOAD ./sdk/Peripheral/ch32v30x_spi.o
LOAD ./sdk/Peripheral/ch32v30x_tim.o
LOAD ./sdk/Peripheral/ch32v30x_usart.o
LOAD ./sdk/Peripheral/ch32v30x_usbotg_device.o
LOAD ./sdk/Peripheral/ch32v30x_wwdg.o
LOAD ./sdk/Core/core_riscv.o
LOAD ./code/function/lib/Slope_Calculate.o
LOAD ./code/function/lib/kernel_smooth.o
LOAD ./code/function/angleErr.o
LOAD ./code/function/binData.o
LOAD ./code/function/eight..o
LOAD ./code/CPP/pid.o
LOAD ./code/CPP/timer.o
LOAD ./code/CPP/turn_pd.o
LOAD ./code/CPP/volicity_pid.o
LOAD ./code/BSP/beep.o
LOAD ./code/BSP/encoder.o
LOAD ./code/BSP/steer.o
LOAD ./code/BSP/wheel.o
LOAD ./code/APP/UI.o
LOAD ./code/APP/integration_control.o
LOAD ./code/APP/key.o
LOAD ./code/My_Math.o
LOAD ./code/cam_preprocess.o
LOAD e:/mounriver_studio/toolchain/risc-v embedded gcc/bin/../lib/gcc/riscv-none-embed/8.2.0/../../../../riscv-none-embed/lib/rv32imafc/ilp32f\libm.a
LOAD E:\proJectLibrary\cybercar\visionCar_main\libraries\zf_device\libzf_device_config.a
LOAD e:/mounriver_studio/toolchain/risc-v embedded gcc/bin/../lib/gcc/riscv-none-embed/8.2.0/rv32imafc/ilp32f\libgcc.a
LOAD e:/mounriver_studio/toolchain/risc-v embedded gcc/bin/../lib/gcc/riscv-none-embed/8.2.0/../../../../riscv-none-embed/lib/rv32imafc/ilp32f\libg_nano.a
LOAD e:/mounriver_studio/toolchain/risc-v embedded gcc/bin/../lib/gcc/riscv-none-embed/8.2.0/../../../../riscv-none-embed/lib/rv32imafc/ilp32f\libc_nano.a
LOAD e:/mounriver_studio/toolchain/risc-v embedded gcc/bin/../lib/gcc/riscv-none-embed/8.2.0/rv32imafc/ilp32f\libgcc.a
START GROUP
LOAD e:/mounriver_studio/toolchain/risc-v embedded gcc/bin/../lib/gcc/riscv-none-embed/8.2.0/rv32imafc/ilp32f\libgcc.a
LOAD e:/mounriver_studio/toolchain/risc-v embedded gcc/bin/../lib/gcc/riscv-none-embed/8.2.0/../../../../riscv-none-embed/lib/rv32imafc/ilp32f\libc_nano.a
LOAD e:/mounriver_studio/toolchain/risc-v embedded gcc/bin/../lib/gcc/riscv-none-embed/8.2.0/../../../../riscv-none-embed/lib/rv32imafc/ilp32f\libnosys.a
END GROUP
START GROUP
LOAD e:/mounriver_studio/toolchain/risc-v embedded gcc/bin/../lib/gcc/riscv-none-embed/8.2.0/rv32imafc/ilp32f\libgcc.a
LOAD e:/mounriver_studio/toolchain/risc-v embedded gcc/bin/../lib/gcc/riscv-none-embed/8.2.0/../../../../riscv-none-embed/lib/rv32imafc/ilp32f\libc_nano.a
LOAD e:/mounriver_studio/toolchain/risc-v embedded gcc/bin/../lib/gcc/riscv-none-embed/8.2.0/../../../../riscv-none-embed/lib/rv32imafc/ilp32f\libnosys.a
END GROUP
                0x0000000000000800                __stack_size = 0x800
                [!provide]                        PROVIDE (_stack_size = __stack_size)

.init           0x0000000000000000       0x38
                0x0000000000000000                _sinit = .
                0x0000000000000000                . = ALIGN (0x4)
 *(SORT_NONE(.init))
 .init          0x0000000000000000       0x38 ./sdk/Startup/startup_ch32v30x_D8C.o
                0x0000000000000000                _start
                0x0000000000000038                . = ALIGN (0x4)
                0x0000000000000038                _einit = .

.vector         0x0000000000000038      0x1c8
 *(.vector)
 .vector        0x0000000000000038      0x1a0 ./sdk/Startup/startup_ch32v30x_D8C.o
                0x0000000000000200                . = ALIGN (0x40)
 *fill*         0x00000000000001d8       0x28 

.text           0x0000000000000200    0x1503c
                0x0000000000000200                . = ALIGN (0x4)
 *(.text)
 .text          0x0000000000000200       0xa8 e:/mounriver_studio/toolchain/risc-v embedded gcc/bin/../lib/gcc/riscv-none-embed/8.2.0/../../../../riscv-none-embed/lib/rv32imafc/ilp32f\libg_nano.a(lib_a-memset.o)
                0x0000000000000200                memset
 *(.text.*)
 .text.system_delay_ms
                0x00000000000002a8       0xa2 ./zf_driver/zf_driver_delay.o
                0x00000000000002a8                system_delay_ms
 .text.system_delay_us
                0x000000000000034a       0xa4 ./zf_driver/zf_driver_delay.o
                0x000000000000034a                system_delay_us
 .text.dvp_gpio_init
                0x00000000000003ee      0x102 ./zf_driver/zf_driver_dvp.o
                0x00000000000003ee                dvp_gpio_init
 .text.dvp_camera_init
                0x00000000000004f0      0x144 ./zf_driver/zf_driver_dvp.o
                0x00000000000004f0                dvp_camera_init
 .text.encoder_dir_init
                0x0000000000000634      0x2fa ./zf_driver/zf_driver_encoder.o
                0x0000000000000634                encoder_dir_init
 .text.gpio_get_level
                0x000000000000092e       0x42 ./zf_driver/zf_driver_gpio.o
                0x000000000000092e                gpio_get_level
 .text.gpio_init
                0x0000000000000970      0x15c ./zf_driver/zf_driver_gpio.o
                0x0000000000000970                gpio_init
 .text.pwm_set_duty
                0x0000000000000acc      0x166 ./zf_driver/zf_driver_pwm.o
                0x0000000000000acc                pwm_set_duty
 .text.pwm_init
                0x0000000000000c32      0x416 ./zf_driver/zf_driver_pwm.o
                0x0000000000000c32                pwm_init
 .text.soft_iic_start
                0x0000000000001048      0x128 ./zf_driver/zf_driver_soft_iic.o
 .text.soft_iic_stop
                0x0000000000001170      0x142 ./zf_driver/zf_driver_soft_iic.o
 .text.soft_iic_send_ack
                0x00000000000012b2      0x196 ./zf_driver/zf_driver_soft_iic.o
 .text.soft_iic_wait_ack
                0x0000000000001448      0x160 ./zf_driver/zf_driver_soft_iic.o
 .text.soft_iic_send_data
                0x00000000000015a8      0x16e ./zf_driver/zf_driver_soft_iic.o
 .text.soft_iic_read_data
                0x0000000000001716      0x1e8 ./zf_driver/zf_driver_soft_iic.o
 .text.soft_iic_sccb_write_register
                0x00000000000018fe       0x80 ./zf_driver/zf_driver_soft_iic.o
                0x00000000000018fe                soft_iic_sccb_write_register
 .text.soft_iic_sccb_read_register
                0x000000000000197e       0xb4 ./zf_driver/zf_driver_soft_iic.o
                0x000000000000197e                soft_iic_sccb_read_register
 .text.soft_iic_init
                0x0000000000001a32       0xb2 ./zf_driver/zf_driver_soft_iic.o
                0x0000000000001a32                soft_iic_init
 .text.spi_write_8bit
                0x0000000000001ae4       0x6a ./zf_driver/zf_driver_spi.o
                0x0000000000001ae4                spi_write_8bit
 .text.spi_write_16bit
                0x0000000000001b4e       0xa6 ./zf_driver/zf_driver_spi.o
                0x0000000000001b4e                spi_write_16bit
 .text.spi_init
                0x0000000000001bf4      0x2d6 ./zf_driver/zf_driver_spi.o
                0x0000000000001bf4                spi_init
 .text.timer_funciton_check
                0x0000000000001eca       0x66 ./zf_driver/zf_driver_timer.o
                0x0000000000001eca                timer_funciton_check
 .text.timer_clock_enable
                0x0000000000001f30       0xe2 ./zf_driver/zf_driver_timer.o
                0x0000000000001f30                timer_clock_enable
 .text.timer_get
                0x0000000000002012       0xfe ./zf_driver/zf_driver_timer.o
                0x0000000000002012                timer_get
 .text.timer_clear
                0x0000000000002110       0xc4 ./zf_driver/zf_driver_timer.o
                0x0000000000002110                timer_clear
 .text.uart_write_byte
                0x00000000000021d4       0x56 ./zf_driver/zf_driver_uart.o
                0x00000000000021d4                uart_write_byte
 .text.uart_write_buffer
                0x000000000000222a       0x64 ./zf_driver/zf_driver_uart.o
                0x000000000000222a                uart_write_buffer
 .text.uart_write_string
                0x000000000000228e       0x60 ./zf_driver/zf_driver_uart.o
                0x000000000000228e                uart_write_string
 .text.uart_rx_interrupt
                0x00000000000022ee       0x84 ./zf_driver/zf_driver_uart.o
                0x00000000000022ee                uart_rx_interrupt
 .text.uart_query_byte
                0x0000000000002372       0x5e ./zf_driver/zf_driver_uart.o
                0x0000000000002372                uart_query_byte
 .text.uart_init
                0x00000000000023d0      0x5aa ./zf_driver/zf_driver_uart.o
                0x00000000000023d0                uart_init
 .text.camera_fifo_init
                0x000000000000297a       0x22 ./zf_device/zf_device_camera.o
                0x000000000000297a                camera_fifo_init
 .text.dm1xa_sound_callback
                0x000000000000299c       0xf6 ./zf_device/zf_device_dm1xa.o
                0x000000000000299c                dm1xa_sound_callback
 .text.dm1xa_light_callback
                0x0000000000002a92       0x32 ./zf_device/zf_device_dm1xa.o
                0x0000000000002a92                dm1xa_light_callback
 .text.gps_uart_callback
                0x0000000000002ac4      0x10e ./zf_device/zf_device_gps_tau1201.o
                0x0000000000002ac4                gps_uart_callback
 .text.mt9v03x_set_config
                0x0000000000002bd2      0x12c ./zf_device/zf_device_mt9v03x_dvp.o
 .text.mt9v03x_get_config
                0x0000000000002cfe      0x164 ./zf_device/zf_device_mt9v03x_dvp.o
 .text.mt9v03x_uart_handler
                0x0000000000002e62       0x44 ./zf_device/zf_device_mt9v03x_dvp.o
 .text.mt9v03x_dvp_handler
                0x0000000000002ea6       0x14 ./zf_device/zf_device_mt9v03x_dvp.o
                0x0000000000002ea6                mt9v03x_dvp_handler
 .text.mt9v03x_get_version
                0x0000000000002eba       0xca ./zf_device/zf_device_mt9v03x_dvp.o
                0x0000000000002eba                mt9v03x_get_version
 .text.mt9v03x_init
                0x0000000000002f84      0x17e ./zf_device/zf_device_mt9v03x_dvp.o
                0x0000000000002f84                mt9v03x_init
 .text.tft180_write_index
                0x0000000000003102       0x44 ./zf_device/zf_device_tft180.o
 .text.tft180_set_region
                0x0000000000003146      0x1e8 ./zf_device/zf_device_tft180.o
 .text.tft180_debug_init
                0x000000000000332e       0x86 ./zf_device/zf_device_tft180.o
 .text.tft180_clear
                0x00000000000033b4       0x8c ./zf_device/zf_device_tft180.o
                0x00000000000033b4                tft180_clear
 .text.tft180_full
                0x0000000000003440       0x8e ./zf_device/zf_device_tft180.o
                0x0000000000003440                tft180_full
 .text.tft180_set_dir
                0x00000000000034ce       0x50 ./zf_device/zf_device_tft180.o
                0x00000000000034ce                tft180_set_dir
 .text.tft180_set_color
                0x000000000000351e       0x34 ./zf_device/zf_device_tft180.o
                0x000000000000351e                tft180_set_color
 .text.tft180_show_char
                0x0000000000003552      0x2ba ./zf_device/zf_device_tft180.o
                0x0000000000003552                tft180_show_char
 .text.tft180_show_string
                0x000000000000380c      0x110 ./zf_device/zf_device_tft180.o
                0x000000000000380c                tft180_show_string
 .text.tft180_show_int
                0x000000000000391c      0x146 ./zf_device/zf_device_tft180.o
                0x000000000000391c                tft180_show_int
 .text.tft180_show_float
                0x0000000000003a62      0x208 ./zf_device/zf_device_tft180.o
                0x0000000000003a62                tft180_show_float
 .text.tft180_show_gray_image
                0x0000000000003c6a      0x23e ./zf_device/zf_device_tft180.o
                0x0000000000003c6a                tft180_show_gray_image
 .text.tft180_show_rgb565_image
                0x0000000000003ea8      0x1e4 ./zf_device/zf_device_tft180.o
                0x0000000000003ea8                tft180_show_rgb565_image
 .text.tft180_init
                0x000000000000408c      0x426 ./zf_device/zf_device_tft180.o
                0x000000000000408c                tft180_init
 .text.type_default_callback
                0x00000000000044b2        0xe ./zf_device/zf_device_type.o
 .text.set_camera_type
                0x00000000000044c0       0x52 ./zf_device/zf_device_type.o
                0x00000000000044c0                set_camera_type
 .text.clock_reset
                0x0000000000004512       0x76 ./zf_common/zf_common_clock.o
                0x0000000000004512                clock_reset
 .text.clock_set_freq
                0x0000000000004588      0x1e0 ./zf_common/zf_common_clock.o
                0x0000000000004588                clock_set_freq
 .text.clock_init
                0x0000000000004768       0x2e ./zf_common/zf_common_clock.o
                0x0000000000004768                clock_init
 .text.__NOP    0x0000000000004796       0x10 ./zf_common/zf_common_debug.o
 .text.debug_delay
                0x00000000000047a6       0x54 ./zf_common/zf_common_debug.o
 .text.debug_protective_handler
                0x00000000000047fa        0xe ./zf_common/zf_common_debug.o
 .text.debug_uart_str_output
                0x0000000000004808       0x20 ./zf_common/zf_common_debug.o
 .text.debug_output
                0x0000000000004828      0x564 ./zf_common/zf_common_debug.o
 .text.debug_interrupr_handler
                0x0000000000004d8c       0x36 ./zf_common/zf_common_debug.o
                0x0000000000004d8c                debug_interrupr_handler
 .text._write   0x0000000000004dc2       0x7c ./zf_common/zf_common_debug.o
                0x0000000000004dc2                _write
 .text.debug_assert_handler
                0x0000000000004e3e       0x68 ./zf_common/zf_common_debug.o
                0x0000000000004e3e                debug_assert_handler
 .text.debug_log_handler
                0x0000000000004ea6       0x4e ./zf_common/zf_common_debug.o
                0x0000000000004ea6                debug_log_handler
 .text.debug_output_struct_init
                0x0000000000004ef4       0x5a ./zf_common/zf_common_debug.o
                0x0000000000004ef4                debug_output_struct_init
 .text.debug_output_init
                0x0000000000004f4e       0xa8 ./zf_common/zf_common_debug.o
                0x0000000000004f4e                debug_output_init
 .text.debug_init
                0x0000000000004ff6       0x6c ./zf_common/zf_common_debug.o
                0x0000000000004ff6                debug_init
 .text.fifo_head_offset
                0x0000000000005062       0x4e ./zf_common/zf_common_fifo.o
 .text.fifo_end_offset
                0x00000000000050b0       0x4e ./zf_common/zf_common_fifo.o
 .text.fifo_clear
                0x00000000000050fe      0x100 ./zf_common/zf_common_fifo.o
                0x00000000000050fe                fifo_clear
 .text.fifo_used
                0x00000000000051fe       0x44 ./zf_common/zf_common_fifo.o
                0x00000000000051fe                fifo_used
 .text.fifo_write_element
                0x0000000000005242      0x118 ./zf_common/zf_common_fifo.o
                0x0000000000005242                fifo_write_element
 .text.fifo_write_buffer
                0x000000000000535a      0x304 ./zf_common/zf_common_fifo.o
                0x000000000000535a                fifo_write_buffer
 .text.fifo_read_buffer
                0x000000000000565e      0x2e0 ./zf_common/zf_common_fifo.o
                0x000000000000565e                fifo_read_buffer
 .text.fifo_init
                0x000000000000593e       0x96 ./zf_common/zf_common_fifo.o
                0x000000000000593e                fifo_init
 .text.func_int_to_str
                0x00000000000059d4      0x116 ./zf_common/zf_common_function.o
                0x00000000000059d4                func_int_to_str
 .text.func_double_to_str
                0x0000000000005aea      0x2a2 ./zf_common/zf_common_function.o
                0x0000000000005aea                func_double_to_str
 .text.__enable_irq
                0x0000000000005d8c       0x18 ./zf_common/zf_common_interrupt.o
 .text.__disable_irq
                0x0000000000005da4       0x14 ./zf_common/zf_common_interrupt.o
 .text.NVIC_EnableIRQ
                0x0000000000005db8       0x32 ./zf_common/zf_common_interrupt.o
 .text.NVIC_DisableIRQ
                0x0000000000005dea       0x32 ./zf_common/zf_common_interrupt.o
 .text.NVIC_SetPriority
                0x0000000000005e1c       0x2a ./zf_common/zf_common_interrupt.o
 .text.interrupt_enable
                0x0000000000005e46       0x1e ./zf_common/zf_common_interrupt.o
                0x0000000000005e46                interrupt_enable
 .text.interrupt_disable
                0x0000000000005e64       0x1e ./zf_common/zf_common_interrupt.o
                0x0000000000005e64                interrupt_disable
 .text.interrupt_set_priority
                0x0000000000005e82       0x2a ./zf_common/zf_common_interrupt.o
                0x0000000000005e82                interrupt_set_priority
 .text.interrupt_global_enable
                0x0000000000005eac       0x32 ./zf_common/zf_common_interrupt.o
                0x0000000000005eac                interrupt_global_enable
 .text.interrupt_global_disable
                0x0000000000005ede       0x2c ./zf_common/zf_common_interrupt.o
                0x0000000000005ede                interrupt_global_disable
 .text.interrupt_init
                0x0000000000005f0a       0x18 ./zf_common/zf_common_interrupt.o
                0x0000000000005f0a                interrupt_init
 .text.USART1_IRQHandler
                0x0000000000005f22       0xc4 ./user_c/isr.o
                0x0000000000005f22                USART1_IRQHandler
 .text.USART2_IRQHandler
                0x0000000000005fe6       0xc4 ./user_c/isr.o
                0x0000000000005fe6                USART2_IRQHandler
 .text.USART3_IRQHandler
                0x00000000000060aa       0xc8 ./user_c/isr.o
                0x00000000000060aa                USART3_IRQHandler
 .text.UART4_IRQHandler
                0x0000000000006172       0xc4 ./user_c/isr.o
                0x0000000000006172                UART4_IRQHandler
 .text.UART5_IRQHandler
                0x0000000000006236       0xc2 ./user_c/isr.o
                0x0000000000006236                UART5_IRQHandler
 .text.UART6_IRQHandler
                0x00000000000062f8       0xc4 ./user_c/isr.o
                0x00000000000062f8                UART6_IRQHandler
 .text.UART7_IRQHandler
                0x00000000000063bc       0xca ./user_c/isr.o
                0x00000000000063bc                UART7_IRQHandler
 .text.UART8_IRQHandler
                0x0000000000006486       0xc0 ./user_c/isr.o
                0x0000000000006486                UART8_IRQHandler
 .text.DVP_IRQHandler
                0x0000000000006546       0xd0 ./user_c/isr.o
                0x0000000000006546                DVP_IRQHandler
 .text.EXTI0_IRQHandler
                0x0000000000006616       0xb4 ./user_c/isr.o
                0x0000000000006616                EXTI0_IRQHandler
 .text.EXTI1_IRQHandler
                0x00000000000066ca       0xb4 ./user_c/isr.o
                0x00000000000066ca                EXTI1_IRQHandler
 .text.EXTI2_IRQHandler
                0x000000000000677e       0xb4 ./user_c/isr.o
                0x000000000000677e                EXTI2_IRQHandler
 .text.EXTI3_IRQHandler
                0x0000000000006832       0xb4 ./user_c/isr.o
                0x0000000000006832                EXTI3_IRQHandler
 .text.EXTI4_IRQHandler
                0x00000000000068e6       0xb4 ./user_c/isr.o
                0x00000000000068e6                EXTI4_IRQHandler
 .text.EXTI9_5_IRQHandler
                0x000000000000699a      0x118 ./user_c/isr.o
                0x000000000000699a                EXTI9_5_IRQHandler
 .text.EXTI15_10_IRQHandler
                0x0000000000006ab2      0x132 ./user_c/isr.o
                0x0000000000006ab2                EXTI15_10_IRQHandler
 .text.TIM1_UP_IRQHandler
                0x0000000000006be4       0xc0 ./user_c/isr.o
                0x0000000000006be4                TIM1_UP_IRQHandler
 .text.TIM2_IRQHandler
                0x0000000000006ca4       0xb8 ./user_c/isr.o
                0x0000000000006ca4                TIM2_IRQHandler
 .text.TIM3_IRQHandler
                0x0000000000006d5c       0xc0 ./user_c/isr.o
                0x0000000000006d5c                TIM3_IRQHandler
 .text.TIM4_IRQHandler
                0x0000000000006e1c       0xc0 ./user_c/isr.o
                0x0000000000006e1c                TIM4_IRQHandler
 .text.TIM5_IRQHandler
                0x0000000000006edc       0xc0 ./user_c/isr.o
                0x0000000000006edc                TIM5_IRQHandler
 .text.TIM6_IRQHandler
                0x0000000000006f9c       0xb8 ./user_c/isr.o
                0x0000000000006f9c                TIM6_IRQHandler
 .text.TIM7_IRQHandler
                0x0000000000007054       0xc0 ./user_c/isr.o
                0x0000000000007054                TIM7_IRQHandler
 .text.TIM8_UP_IRQHandler
                0x0000000000007114       0xc0 ./user_c/isr.o
                0x0000000000007114                TIM8_UP_IRQHandler
 .text.TIM9_UP_IRQHandler
                0x00000000000071d4       0xc0 ./user_c/isr.o
                0x00000000000071d4                TIM9_UP_IRQHandler
 .text.TIM10_UP_IRQHandler
                0x0000000000007294       0xb8 ./user_c/isr.o
                0x0000000000007294                TIM10_UP_IRQHandler
 .text.NMI_Handler
                0x000000000000734c       0x10 ./user_c/isr.o
                0x000000000000734c                NMI_Handler
 .text.HardFault_Handler
                0x000000000000735c        0x8 ./user_c/isr.o
                0x000000000000735c                HardFault_Handler
 .text.Init     0x0000000000007364       0x48 ./user_c/main.o
                0x0000000000007364                Init
 .text.main     0x00000000000073ac       0x38 ./user_c/main.o
                0x00000000000073ac                main
 .text.vector_handler
                0x00000000000073e4       0xbe ./sdk/Startup/startup_ch32v30x_D8C.o
                0x00000000000073e8                Ecall_M_Mode_Handler
                0x00000000000073ea                Ecall_U_Mode_Handler
                0x00000000000073ec                Break_Point_Handler
                0x00000000000073ee                SysTick_Handler
                0x00000000000073f0                SW_Handler
                0x00000000000073f2                WWDG_IRQHandler
                0x00000000000073f4                PVD_IRQHandler
                0x00000000000073f6                TAMPER_IRQHandler
                0x00000000000073f8                RTC_IRQHandler
                0x00000000000073fa                FLASH_IRQHandler
                0x00000000000073fc                RCC_IRQHandler
                0x0000000000007408                DMA1_Channel1_IRQHandler
                0x000000000000740a                DMA1_Channel2_IRQHandler
                0x000000000000740c                DMA1_Channel3_IRQHandler
                0x000000000000740e                DMA1_Channel4_IRQHandler
                0x0000000000007410                DMA1_Channel5_IRQHandler
                0x0000000000007412                DMA1_Channel6_IRQHandler
                0x0000000000007414                DMA1_Channel7_IRQHandler
                0x0000000000007416                ADC1_2_IRQHandler
                0x0000000000007418                USB_HP_CAN1_TX_IRQHandler
                0x000000000000741a                USB_LP_CAN1_RX0_IRQHandler
                0x000000000000741c                CAN1_RX1_IRQHandler
                0x000000000000741e                CAN1_SCE_IRQHandler
                0x0000000000007422                TIM1_BRK_IRQHandler
                0x0000000000007426                TIM1_TRG_COM_IRQHandler
                0x0000000000007428                TIM1_CC_IRQHandler
                0x0000000000007430                I2C1_EV_IRQHandler
                0x0000000000007432                I2C1_ER_IRQHandler
                0x0000000000007434                I2C2_EV_IRQHandler
                0x0000000000007436                I2C2_ER_IRQHandler
                0x0000000000007438                SPI1_IRQHandler
                0x000000000000743a                SPI2_IRQHandler
                0x0000000000007444                RTCAlarm_IRQHandler
                0x0000000000007446                USBWakeUp_IRQHandler
                0x0000000000007448                TIM8_BRK_IRQHandler
                0x000000000000744c                TIM8_TRG_COM_IRQHandler
                0x000000000000744e                TIM8_CC_IRQHandler
                0x0000000000007450                RNG_IRQHandler
                0x0000000000007452                FSMC_IRQHandler
                0x0000000000007454                SDIO_IRQHandler
                0x0000000000007458                SPI3_IRQHandler
                0x0000000000007462                DMA2_Channel1_IRQHandler
                0x0000000000007464                DMA2_Channel2_IRQHandler
                0x0000000000007466                DMA2_Channel3_IRQHandler
                0x0000000000007468                DMA2_Channel4_IRQHandler
                0x000000000000746a                DMA2_Channel5_IRQHandler
                0x000000000000746c                ETH_IRQHandler
                0x000000000000746e                ETH_WKUP_IRQHandler
                0x0000000000007470                CAN2_TX_IRQHandler
                0x0000000000007472                CAN2_RX0_IRQHandler
                0x0000000000007474                CAN2_RX1_IRQHandler
                0x0000000000007476                CAN2_SCE_IRQHandler
                0x000000000000747a                USBHSWakeup_IRQHandler
                0x000000000000747c                USBHS_IRQHandler
                0x0000000000007486                TIM9_BRK_IRQHandler
                0x000000000000748a                TIM9_TRG_COM_IRQHandler
                0x000000000000748c                TIM9_CC_IRQHandler
                0x000000000000748e                TIM10_BRK_IRQHandler
                0x0000000000007492                TIM10_TRG_COM_IRQHandler
                0x0000000000007494                TIM10_CC_IRQHandler
                0x0000000000007496                DMA2_Channel6_IRQHandler
                0x0000000000007498                DMA2_Channel7_IRQHandler
                0x000000000000749a                DMA2_Channel8_IRQHandler
                0x000000000000749c                DMA2_Channel9_IRQHandler
                0x000000000000749e                DMA2_Channel10_IRQHandler
                0x00000000000074a0                DMA2_Channel11_IRQHandler
 .text.handle_reset
                0x00000000000074a2       0x8a ./sdk/Startup/startup_ch32v30x_D8C.o
                0x00000000000074a2                handle_reset
 .text.EXTI_GetITStatus
                0x000000000000752c       0x56 ./sdk/Peripheral/ch32v30x_exti.o
                0x000000000000752c                EXTI_GetITStatus
 .text.EXTI_ClearITPendingBit
                0x0000000000007582       0x20 ./sdk/Peripheral/ch32v30x_exti.o
                0x0000000000007582                EXTI_ClearITPendingBit
 .text.GPIO_Init
                0x00000000000075a2      0x22a ./sdk/Peripheral/ch32v30x_gpio.o
                0x00000000000075a2                GPIO_Init
 .text.GPIO_WriteBit
                0x00000000000077cc       0x38 ./sdk/Peripheral/ch32v30x_gpio.o
                0x00000000000077cc                GPIO_WriteBit
 .text.GPIO_PinRemapConfig
                0x0000000000007804      0x1c8 ./sdk/Peripheral/ch32v30x_gpio.o
                0x0000000000007804                GPIO_PinRemapConfig
 .text.RCC_GetClocksFreq
                0x00000000000079cc      0x2c6 ./sdk/Peripheral/ch32v30x_rcc.o
                0x00000000000079cc                RCC_GetClocksFreq
 .text.RCC_AHBPeriphClockCmd
                0x0000000000007c92       0x46 ./sdk/Peripheral/ch32v30x_rcc.o
                0x0000000000007c92                RCC_AHBPeriphClockCmd
 .text.RCC_APB2PeriphClockCmd
                0x0000000000007cd8       0x46 ./sdk/Peripheral/ch32v30x_rcc.o
                0x0000000000007cd8                RCC_APB2PeriphClockCmd
 .text.RCC_APB1PeriphClockCmd
                0x0000000000007d1e       0x46 ./sdk/Peripheral/ch32v30x_rcc.o
                0x0000000000007d1e                RCC_APB1PeriphClockCmd
 .text.RCC_APB2PeriphResetCmd
                0x0000000000007d64       0x46 ./sdk/Peripheral/ch32v30x_rcc.o
                0x0000000000007d64                RCC_APB2PeriphResetCmd
 .text.RCC_APB1PeriphResetCmd
                0x0000000000007daa       0x46 ./sdk/Peripheral/ch32v30x_rcc.o
                0x0000000000007daa                RCC_APB1PeriphResetCmd
 .text.SPI_I2S_DeInit
                0x0000000000007df0       0x76 ./sdk/Peripheral/ch32v30x_spi.o
                0x0000000000007df0                SPI_I2S_DeInit
 .text.SPI_Init
                0x0000000000007e66       0xf8 ./sdk/Peripheral/ch32v30x_spi.o
                0x0000000000007e66                SPI_Init
 .text.SPI_Cmd  0x0000000000007f5e       0x5a ./sdk/Peripheral/ch32v30x_spi.o
                0x0000000000007f5e                SPI_Cmd
 .text.TIM_TimeBaseInit
                0x0000000000007fb8      0x17e ./sdk/Peripheral/ch32v30x_tim.o
                0x0000000000007fb8                TIM_TimeBaseInit
 .text.TIM_OC1Init
                0x0000000000008136      0x19c ./sdk/Peripheral/ch32v30x_tim.o
                0x0000000000008136                TIM_OC1Init
 .text.TIM_OC2Init
                0x00000000000082d2      0x1e2 ./sdk/Peripheral/ch32v30x_tim.o
                0x00000000000082d2                TIM_OC2Init
 .text.TIM_OC3Init
                0x00000000000084b4      0x1dc ./sdk/Peripheral/ch32v30x_tim.o
                0x00000000000084b4                TIM_OC3Init
 .text.TIM_OC4Init
                0x0000000000008690      0x176 ./sdk/Peripheral/ch32v30x_tim.o
                0x0000000000008690                TIM_OC4Init
 .text.TIM_TimeBaseStructInit
                0x0000000000008806       0x3c ./sdk/Peripheral/ch32v30x_tim.o
                0x0000000000008806                TIM_TimeBaseStructInit
 .text.TIM_Cmd  0x0000000000008842       0x58 ./sdk/Peripheral/ch32v30x_tim.o
                0x0000000000008842                TIM_Cmd
 .text.TIM_CtrlPWMOutputs
                0x000000000000889a       0x60 ./sdk/Peripheral/ch32v30x_tim.o
                0x000000000000889a                TIM_CtrlPWMOutputs
 .text.TIM_ITRxExternalClockConfig
                0x00000000000088fa       0x46 ./sdk/Peripheral/ch32v30x_tim.o
                0x00000000000088fa                TIM_ITRxExternalClockConfig
 .text.TIM_ETRConfig
                0x0000000000008940       0x7c ./sdk/Peripheral/ch32v30x_tim.o
                0x0000000000008940                TIM_ETRConfig
 .text.TIM_SelectInputTrigger
                0x00000000000089bc       0x4e ./sdk/Peripheral/ch32v30x_tim.o
                0x00000000000089bc                TIM_SelectInputTrigger
 .text.TIM_OC1PreloadConfig
                0x0000000000008a0a       0x4c ./sdk/Peripheral/ch32v30x_tim.o
                0x0000000000008a0a                TIM_OC1PreloadConfig
 .text.TIM_OC2PreloadConfig
                0x0000000000008a56       0x5a ./sdk/Peripheral/ch32v30x_tim.o
                0x0000000000008a56                TIM_OC2PreloadConfig
 .text.TIM_OC3PreloadConfig
                0x0000000000008ab0       0x4c ./sdk/Peripheral/ch32v30x_tim.o
                0x0000000000008ab0                TIM_OC3PreloadConfig
 .text.TIM_OC4PreloadConfig
                0x0000000000008afc       0x5a ./sdk/Peripheral/ch32v30x_tim.o
                0x0000000000008afc                TIM_OC4PreloadConfig
 .text.TIM_OC1FastConfig
                0x0000000000008b56       0x4c ./sdk/Peripheral/ch32v30x_tim.o
                0x0000000000008b56                TIM_OC1FastConfig
 .text.TIM_OC2FastConfig
                0x0000000000008ba2       0x56 ./sdk/Peripheral/ch32v30x_tim.o
                0x0000000000008ba2                TIM_OC2FastConfig
 .text.TIM_OC3FastConfig
                0x0000000000008bf8       0x4c ./sdk/Peripheral/ch32v30x_tim.o
                0x0000000000008bf8                TIM_OC3FastConfig
 .text.TIM_OC4FastConfig
                0x0000000000008c44       0x56 ./sdk/Peripheral/ch32v30x_tim.o
                0x0000000000008c44                TIM_OC4FastConfig
 .text.TIM_GetITStatus
                0x0000000000008c9a       0x70 ./sdk/Peripheral/ch32v30x_tim.o
                0x0000000000008c9a                TIM_GetITStatus
 .text.TIM_ClearITPendingBit
                0x0000000000008d0a       0x2e ./sdk/Peripheral/ch32v30x_tim.o
                0x0000000000008d0a                TIM_ClearITPendingBit
 .text.USART_Init
                0x0000000000008d38      0x234 ./sdk/Peripheral/ch32v30x_usart.o
                0x0000000000008d38                USART_Init
 .text.USART_Cmd
                0x0000000000008f6c       0x60 ./sdk/Peripheral/ch32v30x_usart.o
                0x0000000000008f6c                USART_Cmd
 .text.USART_ITConfig
                0x0000000000008fcc       0xc4 ./sdk/Peripheral/ch32v30x_usart.o
                0x0000000000008fcc                USART_ITConfig
 .text.USART_SendData
                0x0000000000009090       0x2e ./sdk/Peripheral/ch32v30x_usart.o
                0x0000000000009090                USART_SendData
 .text.USART_GetFlagStatus
                0x00000000000090be       0x46 ./sdk/Peripheral/ch32v30x_usart.o
                0x00000000000090be                USART_GetFlagStatus
 .text.USART_GetITStatus
                0x0000000000009104      0x102 ./sdk/Peripheral/ch32v30x_usart.o
                0x0000000000009104                USART_GetITStatus
 .text.USART_ClearITPendingBit
                0x0000000000009206       0x4e ./sdk/Peripheral/ch32v30x_usart.o
                0x0000000000009206                USART_ClearITPendingBit
 .text.DevEP1_IN_Deal
                0x0000000000009254       0x3e ./sdk/Peripheral/ch32v30x_usbotg_device.o
                0x0000000000009254                DevEP1_IN_Deal
 .text.DevEP2_IN_Deal
                0x0000000000009292       0x3e ./sdk/Peripheral/ch32v30x_usbotg_device.o
                0x0000000000009292                DevEP2_IN_Deal
 .text.DevEP1_OUT_Deal
                0x00000000000092d0       0x66 ./sdk/Peripheral/ch32v30x_usbotg_device.o
                0x00000000000092d0                DevEP1_OUT_Deal
 .text.DevEP2_OUT_Deal
                0x0000000000009336       0x66 ./sdk/Peripheral/ch32v30x_usbotg_device.o
                0x0000000000009336                DevEP2_OUT_Deal
 .text.OTG_FS_IRQHandler
                0x000000000000939c      0xd16 ./sdk/Peripheral/ch32v30x_usbotg_device.o
                0x000000000000939c                OTG_FS_IRQHandler
 .text.find_mode
                0x000000000000a0b2      0x110 ./code/function/lib/kernel_smooth.o
                0x000000000000a0b2                find_mode
 .text.mode_convolve
                0x000000000000a1c2       0xa6 ./code/function/lib/kernel_smooth.o
                0x000000000000a1c2                mode_convolve
 .text.angleErr_cal
                0x000000000000a268      0x1c2 ./code/function/angleErr.o
                0x000000000000a268                angleErr_cal
 .text.image_cpy
                0x000000000000a42a       0x32 ./code/function/eight..o
                0x000000000000a42a                image_cpy
 .text.detectStartPoint
                0x000000000000a45c      0x1d2 ./code/function/eight..o
                0x000000000000a45c                detectStartPoint
 .text.isIN_map
                0x000000000000a62e       0x3c ./code/function/eight..o
                0x000000000000a62e                isIN_map
 .text.isRepeat
                0x000000000000a66a       0x4c ./code/function/eight..o
                0x000000000000a66a                isRepeat
 .text.eIGHT_neighbor
                0x000000000000a6b6      0x5ba ./code/function/eight..o
                0x000000000000a6b6                eIGHT_neighbor
 .text.kernel_smooth
                0x000000000000ac70      0x164 ./code/function/eight..o
                0x000000000000ac70                kernel_smooth
 .text.get_left
                0x000000000000add4       0xf4 ./code/function/eight..o
                0x000000000000add4                get_left
 .text.get_right
                0x000000000000aec8       0xf6 ./code/function/eight..o
                0x000000000000aec8                get_right
 .text.exclude_remote_miss
                0x000000000000afbe       0xb4 ./code/function/eight..o
                0x000000000000afbe                exclude_remote_miss
 .text.get_mid  0x000000000000b072      0x2e2 ./code/function/eight..o
                0x000000000000b072                get_mid
 .text.image_process
                0x000000000000b354      0x13a ./code/function/eight..o
                0x000000000000b354                image_process
 .text.draw_output_image
                0x000000000000b48e      0x1fc ./code/function/eight..o
                0x000000000000b48e                draw_output_image
 .text.deter_roadState
                0x000000000000b68a      0x166 ./code/function/eight..o
                0x000000000000b68a                deter_roadState
 .text.eight_init
                0x000000000000b7f0      0x10c ./code/function/eight..o
                0x000000000000b7f0                eight_init
 .text.eight_all_in_one
                0x000000000000b8fc       0x50 ./code/function/eight..o
                0x000000000000b8fc                eight_all_in_one
 .text.turn_out
                0x000000000000b94c       0xfe ./code/CPP/turn_pd.o
                0x000000000000b94c                turn_out
 .text.PIDL_init
                0x000000000000ba4a       0x6c ./code/CPP/volicity_pid.o
                0x000000000000ba4a                PIDL_init
 .text.PIDR_init
                0x000000000000bab6       0x6c ./code/CPP/volicity_pid.o
                0x000000000000bab6                PIDR_init
 .text.beep_init
                0x000000000000bb22       0x20 ./code/BSP/beep.o
                0x000000000000bb22                beep_init
 .text.encoder_init
                0x000000000000bb42       0x32 ./code/BSP/encoder.o
                0x000000000000bb42                encoder_init
 .text._limit_AG
                0x000000000000bb74       0x48 ./code/BSP/steer.o
                0x000000000000bb74                _limit_AG
 .text.steer_init
                0x000000000000bbbc       0x2e ./code/BSP/steer.o
                0x000000000000bbbc                steer_init
 .text.steer_SetAngle
                0x000000000000bbea       0xa6 ./code/BSP/steer.o
                0x000000000000bbea                steer_SetAngle
 .text.steer_MoveAngle
                0x000000000000bc90       0x2a ./code/BSP/steer.o
                0x000000000000bc90                steer_MoveAngle
 .text.wheel_init
                0x000000000000bcba       0x5a ./code/BSP/wheel.o
                0x000000000000bcba                wheel_init
 .text.wheel_pwm_out
                0x000000000000bd14       0x48 ./code/BSP/wheel.o
 .text.wheel_ctrl
                0x000000000000bd5c       0x40 ./code/BSP/wheel.o
                0x000000000000bd5c                wheel_ctrl
 .text.UI_Init  0x000000000000bd9c       0x36 ./code/APP/UI.o
                0x000000000000bd9c                UI_Init
 .text.UI_Update
                0x000000000000bdd2       0x52 ./code/APP/UI.o
                0x000000000000bdd2                UI_Update
 .text.UI_cursor_render
                0x000000000000be24       0x4a ./code/APP/UI.o
                0x000000000000be24                UI_cursor_render
 .text.UI_cursor_active
                0x000000000000be6e       0xf8 ./code/APP/UI.o
                0x000000000000be6e                UI_cursor_active
 .text.UI_Home  0x000000000000bf66       0x54 ./code/APP/UI.o
                0x000000000000bf66                UI_Home
 .text.UI_QucikRun
                0x000000000000bfba       0xbc ./code/APP/UI.o
                0x000000000000bfba                UI_QucikRun
 .text.UI_INFO  0x000000000000c076       0xb0 ./code/APP/UI.o
                0x000000000000c076                UI_INFO
 .text.UI_CameraONLY
                0x000000000000c126       0xfa ./code/APP/UI.o
                0x000000000000c126                UI_CameraONLY
 .text.inte_control_init
                0x000000000000c220       0x18 ./code/APP/integration_control.o
                0x000000000000c220                inte_control_init
 .text.inte_control
                0x000000000000c238       0x36 ./code/APP/integration_control.o
                0x000000000000c238                inte_control
 .text.ctrl_QUICKRUN
                0x000000000000c26e        0xe ./code/APP/integration_control.o
                0x000000000000c26e                ctrl_QUICKRUN
 .text.ctrl_INFO
                0x000000000000c27c       0x9c ./code/APP/integration_control.o
                0x000000000000c27c                ctrl_INFO
 .text.ctrl_CAMERAONLY
                0x000000000000c318       0x28 ./code/APP/integration_control.o
                0x000000000000c318                ctrl_CAMERAONLY
 .text.KEY_Init
                0x000000000000c340       0x6c ./code/APP/key.o
                0x000000000000c340                KEY_Init
 .text.KEY_Scan
                0x000000000000c3ac       0xca ./code/APP/key.o
                0x000000000000c3ac                KEY_Scan
 .text.key_control
                0x000000000000c476      0x16a ./code/APP/key.o
                0x000000000000c476                key_control
 .text.JumpInit
                0x000000000000c5e0       0xba ./code/cam_preprocess.o
                0x000000000000c5e0                JumpInit
 .text.ImageCompression
                0x000000000000c69a       0xaa ./code/cam_preprocess.o
                0x000000000000c69a                ImageCompression
 .text.Automatic_Threshold
                0x000000000000c744      0x208 ./code/cam_preprocess.o
                0x000000000000c744                Automatic_Threshold
 .text.GetBinarizedImage
                0x000000000000c94c       0xc0 ./code/cam_preprocess.o
                0x000000000000c94c                GetBinarizedImage
 .text.FillRunVectors
                0x000000000000ca0c      0x2ba ./code/cam_preprocess.o
 .text.LabeledConDomain
                0x000000000000ccc6      0x32c ./code/cam_preprocess.o
 .text.addEquival_next
                0x000000000000cff2      0x146 ./code/cam_preprocess.o
 .text.addEquival_prev
                0x000000000000d138       0xec ./code/cam_preprocess.o
 .text.Connected_Domain
                0x000000000000d224      0x188 ./code/cam_preprocess.o
                0x000000000000d224                Connected_Domain
 .text.CDM_Segment
                0x000000000000d3ac       0xc4 ./code/cam_preprocess.o
                0x000000000000d3ac                CDM_Segment
 .text.ImgPreprocess
                0x000000000000d470       0x82 ./code/cam_preprocess.o
                0x000000000000d470                ImgPreprocess
 .text.mt9v03x_write_word_sccb
                0x000000000000d4f2       0x34 E:\proJectLibrary\cybercar\visionCar_main\libraries\zf_device\libzf_device_config.a(zf_device_config.o)
 .text.mt9v03x_set_config_sccb
                0x000000000000d526      0x602 E:\proJectLibrary\cybercar\visionCar_main\libraries\zf_device\libzf_device_config.a(zf_device_config.o)
                0x000000000000d526                mt9v03x_set_config_sccb
 .text.__adddf3
                0x000000000000db28      0xa0e e:/mounriver_studio/toolchain/risc-v embedded gcc/bin/../lib/gcc/riscv-none-embed/8.2.0/rv32imafc/ilp32f\libgcc.a(adddf3.o)
                0x000000000000db28                __adddf3
 .text.__divdf3
                0x000000000000e536      0x7ea e:/mounriver_studio/toolchain/risc-v embedded gcc/bin/../lib/gcc/riscv-none-embed/8.2.0/rv32imafc/ilp32f\libgcc.a(divdf3.o)
                0x000000000000e536                __divdf3
 .text.__eqdf2  0x000000000000ed20       0x98 e:/mounriver_studio/toolchain/risc-v embedded gcc/bin/../lib/gcc/riscv-none-embed/8.2.0/rv32imafc/ilp32f\libgcc.a(eqdf2.o)
                0x000000000000ed20                __nedf2
                0x000000000000ed20                __eqdf2
 .text.__gedf2  0x000000000000edb8       0xb6 e:/mounriver_studio/toolchain/risc-v embedded gcc/bin/../lib/gcc/riscv-none-embed/8.2.0/rv32imafc/ilp32f\libgcc.a(gedf2.o)
                0x000000000000edb8                __gedf2
                0x000000000000edb8                __gtdf2
 .text.__ledf2  0x000000000000ee6e       0xb6 e:/mounriver_studio/toolchain/risc-v embedded gcc/bin/../lib/gcc/riscv-none-embed/8.2.0/rv32imafc/ilp32f\libgcc.a(ledf2.o)
                0x000000000000ee6e                __ledf2
                0x000000000000ee6e                __ltdf2
 .text.__muldf3
                0x000000000000ef24      0x656 e:/mounriver_studio/toolchain/risc-v embedded gcc/bin/../lib/gcc/riscv-none-embed/8.2.0/rv32imafc/ilp32f\libgcc.a(muldf3.o)
                0x000000000000ef24                __muldf3
 .text.__subdf3
                0x000000000000f57a      0xa8c e:/mounriver_studio/toolchain/risc-v embedded gcc/bin/../lib/gcc/riscv-none-embed/8.2.0/rv32imafc/ilp32f\libgcc.a(subdf3.o)
                0x000000000000f57a                __subdf3
 .text.__unorddf2
                0x0000000000010006       0x7c e:/mounriver_studio/toolchain/risc-v embedded gcc/bin/../lib/gcc/riscv-none-embed/8.2.0/rv32imafc/ilp32f\libgcc.a(unorddf2.o)
                0x0000000000010006                __unorddf2
 .text.__fixdfsi
                0x0000000000010082       0xd8 e:/mounriver_studio/toolchain/risc-v embedded gcc/bin/../lib/gcc/riscv-none-embed/8.2.0/rv32imafc/ilp32f\libgcc.a(fixdfsi.o)
                0x0000000000010082                __fixdfsi
 .text.__fixunsdfsi
                0x000000000001015a       0x9e e:/mounriver_studio/toolchain/risc-v embedded gcc/bin/../lib/gcc/riscv-none-embed/8.2.0/rv32imafc/ilp32f\libgcc.a(fixunsdfsi.o)
                0x000000000001015a                __fixunsdfsi
 .text.__floatsidf
                0x00000000000101f8       0x70 e:/mounriver_studio/toolchain/risc-v embedded gcc/bin/../lib/gcc/riscv-none-embed/8.2.0/rv32imafc/ilp32f\libgcc.a(floatsidf.o)
                0x00000000000101f8                __floatsidf
 .text.__floatunsidf
                0x0000000000010268       0x66 e:/mounriver_studio/toolchain/risc-v embedded gcc/bin/../lib/gcc/riscv-none-embed/8.2.0/rv32imafc/ilp32f\libgcc.a(floatunsidf.o)
                0x0000000000010268                __floatunsidf
 .text.__extendsfdf2
                0x00000000000102ce       0xe8 e:/mounriver_studio/toolchain/risc-v embedded gcc/bin/../lib/gcc/riscv-none-embed/8.2.0/rv32imafc/ilp32f\libgcc.a(extendsfdf2.o)
                0x00000000000102ce                __extendsfdf2
 .text.__truncdfsf2
                0x00000000000103b6      0x31e e:/mounriver_studio/toolchain/risc-v embedded gcc/bin/../lib/gcc/riscv-none-embed/8.2.0/rv32imafc/ilp32f\libgcc.a(truncdfsf2.o)
                0x00000000000103b6                __truncdfsf2
 .text.__clzsi2
                0x00000000000106d4       0x76 e:/mounriver_studio/toolchain/risc-v embedded gcc/bin/../lib/gcc/riscv-none-embed/8.2.0/rv32imafc/ilp32f\libgcc.a(_clzsi2.o)
                0x00000000000106d4                __clzsi2
 .text.memcpy   0x000000000001074a       0xb6 e:/mounriver_studio/toolchain/risc-v embedded gcc/bin/../lib/gcc/riscv-none-embed/8.2.0/../../../../riscv-none-embed/lib/rv32imafc/ilp32f\libg_nano.a(lib_a-memcpy.o)
                0x000000000001074a                memcpy
 .text.__cvt    0x0000000000010800       0xee e:/mounriver_studio/toolchain/risc-v embedded gcc/bin/../lib/gcc/riscv-none-embed/8.2.0/../../../../riscv-none-embed/lib/rv32imafc/ilp32f\libg_nano.a(lib_a-nano-vfprintf_float.o)
                0x0000000000010800                __cvt
 .text.__exponent
                0x00000000000108ee       0x8c e:/mounriver_studio/toolchain/risc-v embedded gcc/bin/../lib/gcc/riscv-none-embed/8.2.0/../../../../riscv-none-embed/lib/rv32imafc/ilp32f\libg_nano.a(lib_a-nano-vfprintf_float.o)
                0x00000000000108ee                __exponent
 .text._printf_float
                0x000000000001097a      0x4c4 e:/mounriver_studio/toolchain/risc-v embedded gcc/bin/../lib/gcc/riscv-none-embed/8.2.0/../../../../riscv-none-embed/lib/rv32imafc/ilp32f\libg_nano.a(lib_a-nano-vfprintf_float.o)
                0x000000000001097a                _printf_float
 .text._printf_common
                0x0000000000010e3e      0x10c e:/mounriver_studio/toolchain/risc-v embedded gcc/bin/../lib/gcc/riscv-none-embed/8.2.0/../../../../riscv-none-embed/lib/rv32imafc/ilp32f\libg_nano.a(lib_a-nano-vfprintf_i.o)
                0x0000000000010e3e                _printf_common
 .text._printf_i
                0x0000000000010f4a      0x2ac e:/mounriver_studio/toolchain/risc-v embedded gcc/bin/../lib/gcc/riscv-none-embed/8.2.0/../../../../riscv-none-embed/lib/rv32imafc/ilp32f\libg_nano.a(lib_a-nano-vfprintf_i.o)
                0x0000000000010f4a                _printf_i
 .text.printf   0x00000000000111f6       0x42 e:/mounriver_studio/toolchain/risc-v embedded gcc/bin/../lib/gcc/riscv-none-embed/8.2.0/../../../../riscv-none-embed/lib/rv32imafc/ilp32f\libg_nano.a(lib_a-printf.o)
                0x00000000000111f6                iprintf
                0x00000000000111f6                printf
 .text.sprintf  0x0000000000011238       0x46 e:/mounriver_studio/toolchain/risc-v embedded gcc/bin/../lib/gcc/riscv-none-embed/8.2.0/../../../../riscv-none-embed/lib/rv32imafc/ilp32f\libg_nano.a(lib_a-sprintf.o)
                0x0000000000011238                siprintf
                0x0000000000011238                sprintf
 .text.strlen   0x000000000001127e       0x12 e:/mounriver_studio/toolchain/risc-v embedded gcc/bin/../lib/gcc/riscv-none-embed/8.2.0/../../../../riscv-none-embed/lib/rv32imafc/ilp32f\libg_nano.a(lib_a-strlen.o)
                0x000000000001127e                strlen
 .text.strncmp  0x0000000000011290       0x2c e:/mounriver_studio/toolchain/risc-v embedded gcc/bin/../lib/gcc/riscv-none-embed/8.2.0/../../../../riscv-none-embed/lib/rv32imafc/ilp32f\libg_nano.a(lib_a-strncmp.o)
                0x0000000000011290                strncmp
 .text.quorem   0x00000000000112bc      0x13a e:/mounriver_studio/toolchain/risc-v embedded gcc/bin/../lib/gcc/riscv-none-embed/8.2.0/../../../../riscv-none-embed/lib/rv32imafc/ilp32f\libg_nano.a(lib_a-dtoa.o)
 .text._dtoa_r  0x00000000000113f6      0xbea e:/mounriver_studio/toolchain/risc-v embedded gcc/bin/../lib/gcc/riscv-none-embed/8.2.0/../../../../riscv-none-embed/lib/rv32imafc/ilp32f\libg_nano.a(lib_a-dtoa.o)
                0x00000000000113f6                _dtoa_r
 .text.std      0x0000000000011fe0       0x6a e:/mounriver_studio/toolchain/risc-v embedded gcc/bin/../lib/gcc/riscv-none-embed/8.2.0/../../../../riscv-none-embed/lib/rv32imafc/ilp32f\libg_nano.a(lib_a-findfp.o)
 .text._cleanup_r
                0x000000000001204a        0xa e:/mounriver_studio/toolchain/risc-v embedded gcc/bin/../lib/gcc/riscv-none-embed/8.2.0/../../../../riscv-none-embed/lib/rv32imafc/ilp32f\libg_nano.a(lib_a-findfp.o)
                0x000000000001204a                _cleanup_r
 .text.__sfmoreglue
                0x0000000000012054       0x48 e:/mounriver_studio/toolchain/risc-v embedded gcc/bin/../lib/gcc/riscv-none-embed/8.2.0/../../../../riscv-none-embed/lib/rv32imafc/ilp32f\libg_nano.a(lib_a-findfp.o)
                0x0000000000012054                __sfmoreglue
 .text.__sinit  0x000000000001209c       0x6c e:/mounriver_studio/toolchain/risc-v embedded gcc/bin/../lib/gcc/riscv-none-embed/8.2.0/../../../../riscv-none-embed/lib/rv32imafc/ilp32f\libg_nano.a(lib_a-findfp.o)
                0x000000000001209c                __sinit
 .text.__sfp    0x0000000000012108       0xa0 e:/mounriver_studio/toolchain/risc-v embedded gcc/bin/../lib/gcc/riscv-none-embed/8.2.0/../../../../riscv-none-embed/lib/rv32imafc/ilp32f\libg_nano.a(lib_a-findfp.o)
                0x0000000000012108                __sfp
 .text._fwalk_reent
                0x00000000000121a8       0x6c e:/mounriver_studio/toolchain/risc-v embedded gcc/bin/../lib/gcc/riscv-none-embed/8.2.0/../../../../riscv-none-embed/lib/rv32imafc/ilp32f\libg_nano.a(lib_a-fwalk.o)
                0x00000000000121a8                _fwalk_reent
 .text._localeconv_r
                0x0000000000012214       0x18 e:/mounriver_studio/toolchain/risc-v embedded gcc/bin/../lib/gcc/riscv-none-embed/8.2.0/../../../../riscv-none-embed/lib/rv32imafc/ilp32f\libg_nano.a(lib_a-localeconv.o)
                0x0000000000012214                _localeconv_r
 .text.malloc   0x000000000001222c        0xc e:/mounriver_studio/toolchain/risc-v embedded gcc/bin/../lib/gcc/riscv-none-embed/8.2.0/../../../../riscv-none-embed/lib/rv32imafc/ilp32f\libg_nano.a(lib_a-malloc.o)
                0x000000000001222c                malloc
 .text.memchr   0x0000000000012238       0x1a e:/mounriver_studio/toolchain/risc-v embedded gcc/bin/../lib/gcc/riscv-none-embed/8.2.0/../../../../riscv-none-embed/lib/rv32imafc/ilp32f\libg_nano.a(lib_a-memchr.o)
                0x0000000000012238                memchr
 .text._Balloc  0x0000000000012252       0x88 e:/mounriver_studio/toolchain/risc-v embedded gcc/bin/../lib/gcc/riscv-none-embed/8.2.0/../../../../riscv-none-embed/lib/rv32imafc/ilp32f\libg_nano.a(lib_a-mprec.o)
                0x0000000000012252                _Balloc
 .text._Bfree   0x00000000000122da       0x44 e:/mounriver_studio/toolchain/risc-v embedded gcc/bin/../lib/gcc/riscv-none-embed/8.2.0/../../../../riscv-none-embed/lib/rv32imafc/ilp32f\libg_nano.a(lib_a-mprec.o)
                0x00000000000122da                _Bfree
 .text.__multadd
                0x000000000001231e       0x98 e:/mounriver_studio/toolchain/risc-v embedded gcc/bin/../lib/gcc/riscv-none-embed/8.2.0/../../../../riscv-none-embed/lib/rv32imafc/ilp32f\libg_nano.a(lib_a-mprec.o)
                0x000000000001231e                __multadd
 .text.__hi0bits
                0x00000000000123b6       0x46 e:/mounriver_studio/toolchain/risc-v embedded gcc/bin/../lib/gcc/riscv-none-embed/8.2.0/../../../../riscv-none-embed/lib/rv32imafc/ilp32f\libg_nano.a(lib_a-mprec.o)
                0x00000000000123b6                __hi0bits
 .text.__lo0bits
                0x00000000000123fc       0x6a e:/mounriver_studio/toolchain/risc-v embedded gcc/bin/../lib/gcc/riscv-none-embed/8.2.0/../../../../riscv-none-embed/lib/rv32imafc/ilp32f\libg_nano.a(lib_a-mprec.o)
                0x00000000000123fc                __lo0bits
 .text.__i2b    0x0000000000012466       0x1c e:/mounriver_studio/toolchain/risc-v embedded gcc/bin/../lib/gcc/riscv-none-embed/8.2.0/../../../../riscv-none-embed/lib/rv32imafc/ilp32f\libg_nano.a(lib_a-mprec.o)
                0x0000000000012466                __i2b
 .text.__multiply
                0x0000000000012482      0x144 e:/mounriver_studio/toolchain/risc-v embedded gcc/bin/../lib/gcc/riscv-none-embed/8.2.0/../../../../riscv-none-embed/lib/rv32imafc/ilp32f\libg_nano.a(lib_a-mprec.o)
                0x0000000000012482                __multiply
 .text.__pow5mult
                0x00000000000125c6       0xbe e:/mounriver_studio/toolchain/risc-v embedded gcc/bin/../lib/gcc/riscv-none-embed/8.2.0/../../../../riscv-none-embed/lib/rv32imafc/ilp32f\libg_nano.a(lib_a-mprec.o)
                0x00000000000125c6                __pow5mult
 .text.__lshift
                0x0000000000012684       0xce e:/mounriver_studio/toolchain/risc-v embedded gcc/bin/../lib/gcc/riscv-none-embed/8.2.0/../../../../riscv-none-embed/lib/rv32imafc/ilp32f\libg_nano.a(lib_a-mprec.o)
                0x0000000000012684                __lshift
 .text.__mcmp   0x0000000000012752       0x32 e:/mounriver_studio/toolchain/risc-v embedded gcc/bin/../lib/gcc/riscv-none-embed/8.2.0/../../../../riscv-none-embed/lib/rv32imafc/ilp32f\libg_nano.a(lib_a-mprec.o)
                0x0000000000012752                __mcmp
 .text.__mdiff  0x0000000000012784       0xf2 e:/mounriver_studio/toolchain/risc-v embedded gcc/bin/../lib/gcc/riscv-none-embed/8.2.0/../../../../riscv-none-embed/lib/rv32imafc/ilp32f\libg_nano.a(lib_a-mprec.o)
                0x0000000000012784                __mdiff
 .text.__d2b    0x0000000000012876       0xd4 e:/mounriver_studio/toolchain/risc-v embedded gcc/bin/../lib/gcc/riscv-none-embed/8.2.0/../../../../riscv-none-embed/lib/rv32imafc/ilp32f\libg_nano.a(lib_a-mprec.o)
                0x0000000000012876                __d2b
 .text._calloc_r
                0x000000000001294a       0x26 e:/mounriver_studio/toolchain/risc-v embedded gcc/bin/../lib/gcc/riscv-none-embed/8.2.0/../../../../riscv-none-embed/lib/rv32imafc/ilp32f\libg_nano.a(lib_a-nano-callocr.o)
                0x000000000001294a                _calloc_r
 .text._free_r  0x0000000000012970       0xa8 e:/mounriver_studio/toolchain/risc-v embedded gcc/bin/../lib/gcc/riscv-none-embed/8.2.0/../../../../riscv-none-embed/lib/rv32imafc/ilp32f\libg_nano.a(lib_a-nano-freer.o)
                0x0000000000012970                _free_r
 .text._malloc_r
                0x0000000000012a18       0xd4 e:/mounriver_studio/toolchain/risc-v embedded gcc/bin/../lib/gcc/riscv-none-embed/8.2.0/../../../../riscv-none-embed/lib/rv32imafc/ilp32f\libg_nano.a(lib_a-nano-mallocr.o)
                0x0000000000012a18                _malloc_r
 .text.__ssputs_r
                0x0000000000012aec       0xee e:/mounriver_studio/toolchain/risc-v embedded gcc/bin/../lib/gcc/riscv-none-embed/8.2.0/../../../../riscv-none-embed/lib/rv32imafc/ilp32f\libg_nano.a(lib_a-nano-svfprintf.o)
                0x0000000000012aec                __ssputs_r
 .text._svfprintf_r
                0x0000000000012bda      0x27e e:/mounriver_studio/toolchain/risc-v embedded gcc/bin/../lib/gcc/riscv-none-embed/8.2.0/../../../../riscv-none-embed/lib/rv32imafc/ilp32f\libg_nano.a(lib_a-nano-svfprintf.o)
                0x0000000000012bda                _svfiprintf_r
                0x0000000000012bda                _svfprintf_r
 .text.__sfputc_r
                0x0000000000012e58       0x28 e:/mounriver_studio/toolchain/risc-v embedded gcc/bin/../lib/gcc/riscv-none-embed/8.2.0/../../../../riscv-none-embed/lib/rv32imafc/ilp32f\libg_nano.a(lib_a-nano-vfprintf.o)
 .text.__sfputs_r
                0x0000000000012e80       0x44 e:/mounriver_studio/toolchain/risc-v embedded gcc/bin/../lib/gcc/riscv-none-embed/8.2.0/../../../../riscv-none-embed/lib/rv32imafc/ilp32f\libg_nano.a(lib_a-nano-vfprintf.o)
                0x0000000000012e80                __sfputs_r
 .text._vfprintf_r
                0x0000000000012ec4      0x29e e:/mounriver_studio/toolchain/risc-v embedded gcc/bin/../lib/gcc/riscv-none-embed/8.2.0/../../../../riscv-none-embed/lib/rv32imafc/ilp32f\libg_nano.a(lib_a-nano-vfprintf.o)
                0x0000000000012ec4                _vfprintf_r
                0x0000000000012ec4                _vfiprintf_r
 .text._sbrk_r  0x0000000000013162       0x32 e:/mounriver_studio/toolchain/risc-v embedded gcc/bin/../lib/gcc/riscv-none-embed/8.2.0/../../../../riscv-none-embed/lib/rv32imafc/ilp32f\libg_nano.a(lib_a-sbrkr.o)
                0x0000000000013162                _sbrk_r
 .text.__sread  0x0000000000013194       0x30 e:/mounriver_studio/toolchain/risc-v embedded gcc/bin/../lib/gcc/riscv-none-embed/8.2.0/../../../../riscv-none-embed/lib/rv32imafc/ilp32f\libg_nano.a(lib_a-stdio.o)
                0x0000000000013194                __sread
 .text.__swrite
                0x00000000000131c4       0x4e e:/mounriver_studio/toolchain/risc-v embedded gcc/bin/../lib/gcc/riscv-none-embed/8.2.0/../../../../riscv-none-embed/lib/rv32imafc/ilp32f\libg_nano.a(lib_a-stdio.o)
                0x00000000000131c4                __swrite
 .text.__sseek  0x0000000000013212       0x36 e:/mounriver_studio/toolchain/risc-v embedded gcc/bin/../lib/gcc/riscv-none-embed/8.2.0/../../../../riscv-none-embed/lib/rv32imafc/ilp32f\libg_nano.a(lib_a-stdio.o)
                0x0000000000013212                __sseek
 .text.__sclose
                0x0000000000013248        0x6 e:/mounriver_studio/toolchain/risc-v embedded gcc/bin/../lib/gcc/riscv-none-embed/8.2.0/../../../../riscv-none-embed/lib/rv32imafc/ilp32f\libg_nano.a(lib_a-stdio.o)
                0x0000000000013248                __sclose
 .text.__swbuf_r
                0x000000000001324e       0xc2 e:/mounriver_studio/toolchain/risc-v embedded gcc/bin/../lib/gcc/riscv-none-embed/8.2.0/../../../../riscv-none-embed/lib/rv32imafc/ilp32f\libg_nano.a(lib_a-wbuf.o)
                0x000000000001324e                __swbuf_r
 .text._write_r
                0x0000000000013310       0x36 e:/mounriver_studio/toolchain/risc-v embedded gcc/bin/../lib/gcc/riscv-none-embed/8.2.0/../../../../riscv-none-embed/lib/rv32imafc/ilp32f\libg_nano.a(lib_a-writer.o)
                0x0000000000013310                _write_r
 .text.__swsetup_r
                0x0000000000013346      0x110 e:/mounriver_studio/toolchain/risc-v embedded gcc/bin/../lib/gcc/riscv-none-embed/8.2.0/../../../../riscv-none-embed/lib/rv32imafc/ilp32f\libg_nano.a(lib_a-wsetup.o)
                0x0000000000013346                __swsetup_r
 .text._close_r
                0x0000000000013456       0x32 e:/mounriver_studio/toolchain/risc-v embedded gcc/bin/../lib/gcc/riscv-none-embed/8.2.0/../../../../riscv-none-embed/lib/rv32imafc/ilp32f\libg_nano.a(lib_a-closer.o)
                0x0000000000013456                _close_r
 .text.__sflush_r
                0x0000000000013488      0x13e e:/mounriver_studio/toolchain/risc-v embedded gcc/bin/../lib/gcc/riscv-none-embed/8.2.0/../../../../riscv-none-embed/lib/rv32imafc/ilp32f\libg_nano.a(lib_a-fflush.o)
                0x0000000000013488                __sflush_r
 .text._fflush_r
                0x00000000000135c6       0x68 e:/mounriver_studio/toolchain/risc-v embedded gcc/bin/../lib/gcc/riscv-none-embed/8.2.0/../../../../riscv-none-embed/lib/rv32imafc/ilp32f\libg_nano.a(lib_a-fflush.o)
                0x00000000000135c6                _fflush_r
 .text._lseek_r
                0x000000000001362e       0x34 e:/mounriver_studio/toolchain/risc-v embedded gcc/bin/../lib/gcc/riscv-none-embed/8.2.0/../../../../riscv-none-embed/lib/rv32imafc/ilp32f\libg_nano.a(lib_a-lseekr.o)
                0x000000000001362e                _lseek_r
 .text.__swhatbuf_r
                0x0000000000013662       0x58 e:/mounriver_studio/toolchain/risc-v embedded gcc/bin/../lib/gcc/riscv-none-embed/8.2.0/../../../../riscv-none-embed/lib/rv32imafc/ilp32f\libg_nano.a(lib_a-makebuf.o)
                0x0000000000013662                __swhatbuf_r
 .text.__smakebuf_r
                0x00000000000136ba       0xa0 e:/mounriver_studio/toolchain/risc-v embedded gcc/bin/../lib/gcc/riscv-none-embed/8.2.0/../../../../riscv-none-embed/lib/rv32imafc/ilp32f\libg_nano.a(lib_a-makebuf.o)
                0x00000000000136ba                __smakebuf_r
 .text.__ascii_mbtowc
                0x000000000001375a       0x3a e:/mounriver_studio/toolchain/risc-v embedded gcc/bin/../lib/gcc/riscv-none-embed/8.2.0/../../../../riscv-none-embed/lib/rv32imafc/ilp32f\libg_nano.a(lib_a-mbtowc_r.o)
                0x000000000001375a                __ascii_mbtowc
 .text.memmove  0x0000000000013794       0x4a e:/mounriver_studio/toolchain/risc-v embedded gcc/bin/../lib/gcc/riscv-none-embed/8.2.0/../../../../riscv-none-embed/lib/rv32imafc/ilp32f\libg_nano.a(lib_a-memmove.o)
                0x0000000000013794                memmove
 .text.__malloc_lock
                0x00000000000137de        0x2 e:/mounriver_studio/toolchain/risc-v embedded gcc/bin/../lib/gcc/riscv-none-embed/8.2.0/../../../../riscv-none-embed/lib/rv32imafc/ilp32f\libg_nano.a(lib_a-mlock.o)
                0x00000000000137de                __malloc_lock
 .text.__malloc_unlock
                0x00000000000137e0        0x2 e:/mounriver_studio/toolchain/risc-v embedded gcc/bin/../lib/gcc/riscv-none-embed/8.2.0/../../../../riscv-none-embed/lib/rv32imafc/ilp32f\libg_nano.a(lib_a-mlock.o)
                0x00000000000137e0                __malloc_unlock
 .text._realloc_r
                0x00000000000137e2       0x58 e:/mounriver_studio/toolchain/risc-v embedded gcc/bin/../lib/gcc/riscv-none-embed/8.2.0/../../../../riscv-none-embed/lib/rv32imafc/ilp32f\libg_nano.a(lib_a-nano-reallocr.o)
                0x00000000000137e2                _realloc_r
 .text._read_r  0x000000000001383a       0x34 e:/mounriver_studio/toolchain/risc-v embedded gcc/bin/../lib/gcc/riscv-none-embed/8.2.0/../../../../riscv-none-embed/lib/rv32imafc/ilp32f\libg_nano.a(lib_a-readr.o)
                0x000000000001383a                _read_r
 .text.__ascii_wctomb
                0x000000000001386e       0x20 e:/mounriver_studio/toolchain/risc-v embedded gcc/bin/../lib/gcc/riscv-none-embed/8.2.0/../../../../riscv-none-embed/lib/rv32imafc/ilp32f\libg_nano.a(lib_a-wctomb_r.o)
                0x000000000001386e                __ascii_wctomb
 .text._fstat_r
                0x000000000001388e       0x32 e:/mounriver_studio/toolchain/risc-v embedded gcc/bin/../lib/gcc/riscv-none-embed/8.2.0/../../../../riscv-none-embed/lib/rv32imafc/ilp32f\libg_nano.a(lib_a-fstatr.o)
                0x000000000001388e                _fstat_r
 .text._isatty_r
                0x00000000000138c0       0x30 e:/mounriver_studio/toolchain/risc-v embedded gcc/bin/../lib/gcc/riscv-none-embed/8.2.0/../../../../riscv-none-embed/lib/rv32imafc/ilp32f\libg_nano.a(lib_a-isattyr.o)
                0x00000000000138c0                _isatty_r
 .text._malloc_usable_size_r
                0x00000000000138f0       0x14 e:/mounriver_studio/toolchain/risc-v embedded gcc/bin/../lib/gcc/riscv-none-embed/8.2.0/../../../../riscv-none-embed/lib/rv32imafc/ilp32f\libg_nano.a(lib_a-nano-msizer.o)
                0x00000000000138f0                _malloc_usable_size_r
 .text.__trunctfdf2
                0x0000000000013904      0x3d0 e:/mounriver_studio/toolchain/risc-v embedded gcc/bin/../lib/gcc/riscv-none-embed/8.2.0/rv32imafc/ilp32f\libgcc.a(trunctfdf2.o)
                0x0000000000013904                __trunctfdf2
 .text._close   0x0000000000013cd4       0x10 e:/mounriver_studio/toolchain/risc-v embedded gcc/bin/../lib/gcc/riscv-none-embed/8.2.0/../../../../riscv-none-embed/lib/rv32imafc/ilp32f\libnosys.a(close.o)
                0x0000000000013cd4                _close
 .text._fstat   0x0000000000013ce4       0x10 e:/mounriver_studio/toolchain/risc-v embedded gcc/bin/../lib/gcc/riscv-none-embed/8.2.0/../../../../riscv-none-embed/lib/rv32imafc/ilp32f\libnosys.a(fstat.o)
                0x0000000000013ce4                _fstat
 .text._isatty  0x0000000000013cf4       0x10 e:/mounriver_studio/toolchain/risc-v embedded gcc/bin/../lib/gcc/riscv-none-embed/8.2.0/../../../../riscv-none-embed/lib/rv32imafc/ilp32f\libnosys.a(isatty.o)
                0x0000000000013cf4                _isatty
 .text._lseek   0x0000000000013d04       0x10 e:/mounriver_studio/toolchain/risc-v embedded gcc/bin/../lib/gcc/riscv-none-embed/8.2.0/../../../../riscv-none-embed/lib/rv32imafc/ilp32f\libnosys.a(lseek.o)
                0x0000000000013d04                _lseek
 .text._read    0x0000000000013d14       0x10 e:/mounriver_studio/toolchain/risc-v embedded gcc/bin/../lib/gcc/riscv-none-embed/8.2.0/../../../../riscv-none-embed/lib/rv32imafc/ilp32f\libnosys.a(read.o)
                0x0000000000013d14                _read
 .text._sbrk    0x0000000000013d24       0x24 e:/mounriver_studio/toolchain/risc-v embedded gcc/bin/../lib/gcc/riscv-none-embed/8.2.0/../../../../riscv-none-embed/lib/rv32imafc/ilp32f\libnosys.a(sbrk.o)
                0x0000000000013d24                _sbrk
 *(.rodata)
 *fill*         0x0000000000013d48        0x0 
 .rodata        0x0000000000013d48       0x52 ./zf_driver/zf_driver_encoder.o
 *fill*         0x0000000000013d9a        0x2 
 .rodata        0x0000000000013d9c       0x4e ./zf_driver/zf_driver_pwm.o
 *fill*         0x0000000000013dea        0x2 
 .rodata        0x0000000000013dec       0x53 ./zf_driver/zf_driver_soft_iic.o
 *fill*         0x0000000000013e3f        0x1 
 .rodata        0x0000000000013e40       0x4e ./zf_driver/zf_driver_spi.o
 *fill*         0x0000000000013e8e        0x2 
 .rodata        0x0000000000013e90       0x4f ./zf_driver/zf_driver_uart.o
 *fill*         0x0000000000013edf        0x1 
 .rodata        0x0000000000013ee0        0x8 ./zf_device/zf_device_dm1xa.o
 .rodata        0x0000000000013ee8       0xf0 ./zf_device/zf_device_gps_tau1201.o
 .rodata        0x0000000000013fd8       0x8e ./zf_device/zf_device_mt9v03x_dvp.o
 *fill*         0x0000000000014066        0x2 
 .rodata        0x0000000000014068       0x68 ./zf_device/zf_device_tft180.o
 .rodata        0x00000000000140d0       0x78 ./zf_common/zf_common_debug.o
 .rodata        0x0000000000014148       0x4f ./zf_common/zf_common_fifo.o
 *fill*         0x0000000000014197        0x1 
 .rodata        0x0000000000014198       0x90 ./zf_common/zf_common_function.o
 .rodata        0x0000000000014228       0x41 ./sdk/Peripheral/ch32v30x_usbotg_device.o
 *fill*         0x0000000000014269        0x3 
 .rodata        0x000000000001426c       0x14 ./code/function/angleErr.o
 .rodata        0x0000000000014280        0x8 ./code/CPP/turn_pd.o
 .rodata        0x0000000000014288       0x24 ./code/CPP/volicity_pid.o
 .rodata        0x00000000000142ac       0x20 ./code/BSP/steer.o
 .rodata        0x00000000000142cc       0x36 ./code/APP/UI.o
 *fill*         0x0000000000014302        0x2 
 .rodata        0x0000000000014304       0x10 ./code/APP/integration_control.o
 .rodata        0x0000000000014314       0x10 ./code/cam_preprocess.o
 *(.rodata*)
 .rodata.encoder_dir_init
                0x0000000000014324       0x28 ./zf_driver/zf_driver_encoder.o
 .rodata.pwm_set_duty
                0x000000000001434c       0x28 ./zf_driver/zf_driver_pwm.o
 .rodata.pwm_init
                0x0000000000014374       0x28 ./zf_driver/zf_driver_pwm.o
 .rodata.spi_index
                0x000000000001439c        0xc ./zf_driver/zf_driver_spi.o
                0x000000000001439c                spi_index
 .rodata.timer_get
                0x00000000000143a8       0x28 ./zf_driver/zf_driver_timer.o
 .rodata.timer_clear
                0x00000000000143d0       0x28 ./zf_driver/zf_driver_timer.o
 .rodata.uart_index
                0x00000000000143f8       0x20 ./zf_driver/zf_driver_uart.o
                0x00000000000143f8                uart_index
 .rodata.ascii_font_8x16
                0x0000000000014418      0x5f0 ./zf_common/zf_common_font.o
                0x0000000000014418                ascii_font_8x16
 .rodata.ascii_font_6x8
                0x0000000000014a08      0x228 ./zf_common/zf_common_font.o
                0x0000000000014a08                ascii_font_6x8
 .rodata.MyDevDescrHD
                0x0000000000014c30       0x12 ./sdk/Peripheral/ch32v30x_usbotg_device.o
                0x0000000000014c30                MyDevDescrHD
 *fill*         0x0000000000014c42        0x2 
 .rodata.MyCfgDescrHD
                0x0000000000014c44       0x43 ./sdk/Peripheral/ch32v30x_usbotg_device.o
                0x0000000000014c44                MyCfgDescrHD
 *fill*         0x0000000000014c87        0x1 
 .rodata.MyReportDescHD
                0x0000000000014c88       0x14 ./sdk/Peripheral/ch32v30x_usbotg_device.o
                0x0000000000014c88                MyReportDescHD
 .rodata.MyManuInfoHD
                0x0000000000014c9c        0xe ./sdk/Peripheral/ch32v30x_usbotg_device.o
                0x0000000000014c9c                MyManuInfoHD
 *fill*         0x0000000000014caa        0x2 
 .rodata.MyProdInfoHD
                0x0000000000014cac        0xc ./sdk/Peripheral/ch32v30x_usbotg_device.o
                0x0000000000014cac                MyProdInfoHD
 .rodata.MySerNumInfoHD
                0x0000000000014cb8       0x16 ./sdk/Peripheral/ch32v30x_usbotg_device.o
                0x0000000000014cb8                MySerNumInfoHD
 *fill*         0x0000000000014cce        0x2 
 .rodata.MyUSBQUADescHD
                0x0000000000014cd0        0xa ./sdk/Peripheral/ch32v30x_usbotg_device.o
                0x0000000000014cd0                MyUSBQUADescHD
 *fill*         0x0000000000014cda        0x2 
 .rodata.OTG_FS_IRQHandler
                0x0000000000014cdc       0xbc ./sdk/Peripheral/ch32v30x_usbotg_device.o
 .rodata.__divdf3
                0x0000000000014d98       0x40 e:/mounriver_studio/toolchain/risc-v embedded gcc/bin/../lib/gcc/riscv-none-embed/8.2.0/rv32imafc/ilp32f\libgcc.a(divdf3.o)
 .rodata.__muldf3
                0x0000000000014dd8       0x40 e:/mounriver_studio/toolchain/risc-v embedded gcc/bin/../lib/gcc/riscv-none-embed/8.2.0/rv32imafc/ilp32f\libgcc.a(muldf3.o)
 .rodata.__clz_tab
                0x0000000000014e18      0x100 e:/mounriver_studio/toolchain/risc-v embedded gcc/bin/../lib/gcc/riscv-none-embed/8.2.0/rv32imafc/ilp32f\libgcc.a(_clz.o)
                0x0000000000014e18                __clz_tab
 .rodata._printf_float.cst8
                0x0000000000014f18        0x8 e:/mounriver_studio/toolchain/risc-v embedded gcc/bin/../lib/gcc/riscv-none-embed/8.2.0/../../../../riscv-none-embed/lib/rv32imafc/ilp32f\libg_nano.a(lib_a-nano-vfprintf_float.o)
 .rodata._printf_float.str1.4
                0x0000000000014f20       0x12 e:/mounriver_studio/toolchain/risc-v embedded gcc/bin/../lib/gcc/riscv-none-embed/8.2.0/../../../../riscv-none-embed/lib/rv32imafc/ilp32f\libg_nano.a(lib_a-nano-vfprintf_float.o)
 *fill*         0x0000000000014f32        0x2 
 .rodata._printf_i.str1.4
                0x0000000000014f34       0x25 e:/mounriver_studio/toolchain/risc-v embedded gcc/bin/../lib/gcc/riscv-none-embed/8.2.0/../../../../riscv-none-embed/lib/rv32imafc/ilp32f\libg_nano.a(lib_a-nano-vfprintf_i.o)
 *fill*         0x0000000000014f59        0x7 
 .rodata._dtoa_r.cst8
                0x0000000000014f60       0x48 e:/mounriver_studio/toolchain/risc-v embedded gcc/bin/../lib/gcc/riscv-none-embed/8.2.0/../../../../riscv-none-embed/lib/rv32imafc/ilp32f\libg_nano.a(lib_a-dtoa.o)
 .rodata._dtoa_r.str1.4
                0x0000000000014fa8       0x10 e:/mounriver_studio/toolchain/risc-v embedded gcc/bin/../lib/gcc/riscv-none-embed/8.2.0/../../../../riscv-none-embed/lib/rv32imafc/ilp32f\libg_nano.a(lib_a-dtoa.o)
                                         0x12 (size before relaxing)
 .rodata.__sf_fake_stderr
                0x0000000000014fb8       0x20 e:/mounriver_studio/toolchain/risc-v embedded gcc/bin/../lib/gcc/riscv-none-embed/8.2.0/../../../../riscv-none-embed/lib/rv32imafc/ilp32f\libg_nano.a(lib_a-findfp.o)
                0x0000000000014fb8                __sf_fake_stderr
 .rodata.__sf_fake_stdin
                0x0000000000014fd8       0x20 e:/mounriver_studio/toolchain/risc-v embedded gcc/bin/../lib/gcc/riscv-none-embed/8.2.0/../../../../riscv-none-embed/lib/rv32imafc/ilp32f\libg_nano.a(lib_a-findfp.o)
                0x0000000000014fd8                __sf_fake_stdin
 .rodata.__sf_fake_stdout
                0x0000000000014ff8       0x20 e:/mounriver_studio/toolchain/risc-v embedded gcc/bin/../lib/gcc/riscv-none-embed/8.2.0/../../../../riscv-none-embed/lib/rv32imafc/ilp32f\libg_nano.a(lib_a-findfp.o)
                0x0000000000014ff8                __sf_fake_stdout
 .rodata.__mprec_bigtens
                0x0000000000015018       0x28 e:/mounriver_studio/toolchain/risc-v embedded gcc/bin/../lib/gcc/riscv-none-embed/8.2.0/../../../../riscv-none-embed/lib/rv32imafc/ilp32f\libg_nano.a(lib_a-mprec.o)
                0x0000000000015018                __mprec_bigtens
 .rodata.__mprec_tens
                0x0000000000015040       0xc8 e:/mounriver_studio/toolchain/risc-v embedded gcc/bin/../lib/gcc/riscv-none-embed/8.2.0/../../../../riscv-none-embed/lib/rv32imafc/ilp32f\libg_nano.a(lib_a-mprec.o)
                0x0000000000015040                __mprec_tens
 .rodata.p05.3321
                0x0000000000015108        0xc e:/mounriver_studio/toolchain/risc-v embedded gcc/bin/../lib/gcc/riscv-none-embed/8.2.0/../../../../riscv-none-embed/lib/rv32imafc/ilp32f\libg_nano.a(lib_a-mprec.o)
 .rodata._svfprintf_r.str1.4
                0x0000000000015114       0x13 e:/mounriver_studio/toolchain/risc-v embedded gcc/bin/../lib/gcc/riscv-none-embed/8.2.0/../../../../riscv-none-embed/lib/rv32imafc/ilp32f\libg_nano.a(lib_a-nano-svfprintf.o)
 .rodata._vfprintf_r.str1.4
                0x0000000000015127       0x13 e:/mounriver_studio/toolchain/risc-v embedded gcc/bin/../lib/gcc/riscv-none-embed/8.2.0/../../../../riscv-none-embed/lib/rv32imafc/ilp32f\libg_nano.a(lib_a-nano-vfprintf.o)
 *fill*         0x0000000000015127        0x1 
 .rodata._setlocale_r.str1.4
                0x0000000000015128        0xa e:/mounriver_studio/toolchain/risc-v embedded gcc/bin/../lib/gcc/riscv-none-embed/8.2.0/../../../../riscv-none-embed/lib/rv32imafc/ilp32f\libg_nano.a(lib_a-locale.o)
                                          0xd (size before relaxing)
 *fill*         0x0000000000015132        0x2 
 .rodata.str1.4
                0x0000000000015134        0x4 e:/mounriver_studio/toolchain/risc-v embedded gcc/bin/../lib/gcc/riscv-none-embed/8.2.0/../../../../riscv-none-embed/lib/rv32imafc/ilp32f\libg_nano.a(lib_a-locale.o)
                                          0x2 (size before relaxing)
 .rodata._ctype_
                0x0000000000015138      0x101 e:/mounriver_studio/toolchain/risc-v embedded gcc/bin/../lib/gcc/riscv-none-embed/8.2.0/../../../../riscv-none-embed/lib/rv32imafc/ilp32f\libg_nano.a(lib_a-ctype_.o)
                0x0000000000015138                _ctype_
 *(.glue_7)
 *(.glue_7t)
 *(.gnu.linkonce.t.*)
                0x000000000001523c                . = ALIGN (0x4)
 *fill*         0x0000000000015239        0x3 

.rela.dyn       0x000000000001523c        0x0
 .rela.init     0x000000000001523c        0x0 ./zf_driver/zf_driver_delay.o
 .rela.vector   0x000000000001523c        0x0 ./zf_driver/zf_driver_delay.o
 .rela.text.handle_reset
                0x000000000001523c        0x0 ./zf_driver/zf_driver_delay.o
 .rela.text._svfprintf_r
                0x000000000001523c        0x0 ./zf_driver/zf_driver_delay.o
 .rela.text._vfprintf_r
                0x000000000001523c        0x0 ./zf_driver/zf_driver_delay.o
 .rela.text._sbrk_r
                0x000000000001523c        0x0 ./zf_driver/zf_driver_delay.o
 .rela.text._write_r
                0x000000000001523c        0x0 ./zf_driver/zf_driver_delay.o
 .rela.text._close_r
                0x000000000001523c        0x0 ./zf_driver/zf_driver_delay.o
 .rela.text._lseek_r
                0x000000000001523c        0x0 ./zf_driver/zf_driver_delay.o
 .rela.text._read_r
                0x000000000001523c        0x0 ./zf_driver/zf_driver_delay.o
 .rela.text._fstat_r
                0x000000000001523c        0x0 ./zf_driver/zf_driver_delay.o
 .rela.text._isatty_r
                0x000000000001523c        0x0 ./zf_driver/zf_driver_delay.o
 .rela.text._close
                0x000000000001523c        0x0 ./zf_driver/zf_driver_delay.o
 .rela.text._fstat
                0x000000000001523c        0x0 ./zf_driver/zf_driver_delay.o
 .rela.text._isatty
                0x000000000001523c        0x0 ./zf_driver/zf_driver_delay.o
 .rela.text._lseek
                0x000000000001523c        0x0 ./zf_driver/zf_driver_delay.o
 .rela.text._read
                0x000000000001523c        0x0 ./zf_driver/zf_driver_delay.o
 .rela.text._sbrk
                0x000000000001523c        0x0 ./zf_driver/zf_driver_delay.o

.fini           0x000000000001523c        0x0
 *(SORT_NONE(.fini))
                0x000000000001523c                . = ALIGN (0x4)
                [!provide]                        PROVIDE (_etext = .)
                [!provide]                        PROVIDE (_eitcm = .)

.preinit_array  0x000000000001523c        0x0
                [!provide]                        PROVIDE (__preinit_array_start = .)
 *(.preinit_array)
                [!provide]                        PROVIDE (__preinit_array_end = .)

.init_array     0x000000000001523c        0x0
                [!provide]                        PROVIDE (__init_array_start = .)
 *(SORT_BY_INIT_PRIORITY(.init_array.*) SORT_BY_INIT_PRIORITY(.ctors.*))
 *(.init_array EXCLUDE_FILE(*crtend?.o *crtend.o *crtbegin?.o *crtbegin.o) .ctors)
                [!provide]                        PROVIDE (__init_array_end = .)

.fini_array     0x000000000001523c        0x0
                [!provide]                        PROVIDE (__fini_array_start = .)
 *(SORT_BY_INIT_PRIORITY(.fini_array.*) SORT_BY_INIT_PRIORITY(.dtors.*))
 *(.fini_array EXCLUDE_FILE(*crtend?.o *crtend.o *crtbegin?.o *crtbegin.o) .dtors)
                [!provide]                        PROVIDE (__fini_array_end = .)

.ctors
 *crtbegin.o(.ctors)
 *crtbegin?.o(.ctors)
 *(EXCLUDE_FILE(*crtend?.o *crtend.o) .ctors)
 *(SORT_BY_NAME(.ctors.*))
 *(.ctors)

.dtors
 *crtbegin.o(.dtors)
 *crtbegin?.o(.dtors)
 *(EXCLUDE_FILE(*crtend?.o *crtend.o) .dtors)
 *(SORT_BY_NAME(.dtors.*))
 *(.dtors)

.dalign         0x0000000020000040        0x0 load address 0x000000000001523c
                0x0000000020000040                . = ALIGN (0x4)
                0x0000000020000040                PROVIDE (_data_vma = .)

.dlalign        0x000000000001523c        0x0
                0x000000000001523c                . = ALIGN (0x4)
                0x000000000001523c                PROVIDE (_data_lma = .)

.data           0x0000000020000040      0x398 load address 0x000000000001523c
 *(.gnu.linkonce.r.*)
 *(.data .data.*)
 .data.encoder_dir_pin
                0x0000000020000040        0xa ./zf_driver/zf_driver_encoder.o
 *fill*         0x000000002000004a        0x2 
 .data.gpio_group
                0x000000002000004c       0x14 ./zf_driver/zf_driver_gpio.o
                0x000000002000004c                gpio_group
 .data.mt9v03x_set_confing_buffer
                0x0000000020000060       0x28 ./zf_device/zf_device_mt9v03x_dvp.o
 .data.mt9v03x_get_confing_buffer
                0x0000000020000088       0x24 ./zf_device/zf_device_mt9v03x_dvp.o
 .data.APBAHBPrescTable
                0x00000000200000ac       0x10 ./sdk/Peripheral/ch32v30x_rcc.o
 .data.TAB_USB_FS_OSC_DESC
                0x00000000200000bc       0x43 ./sdk/Peripheral/ch32v30x_usbotg_device.o
                0x00000000200000bc                TAB_USB_FS_OSC_DESC
 *fill*         0x00000000200000ff        0x1 
 .data.weight2  0x0000000020000100       0x3c ./code/function/angleErr.o
                0x0000000020000100                weight2
 .data.EIGHT_SEARCH_CL
                0x000000002000013c       0x48 ./code/function/eight..o
                0x000000002000013c                EIGHT_SEARCH_CL
 .data.oppo_index
                0x0000000020000184        0x9 ./code/function/eight..o
                0x0000000020000184                oppo_index
 *fill*         0x000000002000018d        0x3 
 .data.menu_str
                0x0000000020000190        0xc ./code/APP/UI.o
                0x0000000020000190                menu_str
 .data.ImgConf  0x000000002000019c       0x10 ./code/cam_preprocess.o
                0x000000002000019c                ImgConf
 .data.impure_data
                0x00000000200001ac       0x60 e:/mounriver_studio/toolchain/risc-v embedded gcc/bin/../lib/gcc/riscv-none-embed/8.2.0/../../../../riscv-none-embed/lib/rv32imafc/ilp32f\libg_nano.a(lib_a-impure.o)
 .data.__global_locale
                0x000000002000020c      0x16c e:/mounriver_studio/toolchain/risc-v embedded gcc/bin/../lib/gcc/riscv-none-embed/8.2.0/../../../../riscv-none-embed/lib/rv32imafc/ilp32f\libg_nano.a(lib_a-locale.o)
                0x000000002000020c                __global_locale
 *(.gnu.linkonce.d.*)
                0x0000000020000378                . = ALIGN (0x8)
                0x0000000020000b78                PROVIDE (__global_pointer$ = (. + 0x800))
 *(.sdata .sdata.*)
 .sdata.dm1xa_distance_mm
                0x0000000020000378        0x2 ./zf_device/zf_device_dm1xa.o
 .sdata.tft180_pencolor
                0x000000002000037a        0x2 ./zf_device/zf_device_tft180.o
 .sdata.tft180_bgcolor
                0x000000002000037c        0x2 ./zf_device/zf_device_tft180.o
 *fill*         0x000000002000037e        0x2 
 .sdata.tft180_display_font
                0x0000000020000380        0x4 ./zf_device/zf_device_tft180.o
 .sdata.tft180_x_max
                0x0000000020000384        0x1 ./zf_device/zf_device_tft180.o
 .sdata.tft180_y_max
                0x0000000020000385        0x1 ./zf_device/zf_device_tft180.o
 *fill*         0x0000000020000386        0x2 
 .sdata.camera_uart_handler
                0x0000000020000388        0x4 ./zf_device/zf_device_type.o
                0x0000000020000388                camera_uart_handler
 .sdata.camera_dvp_handler
                0x000000002000038c        0x4 ./zf_device/zf_device_type.o
                0x000000002000038c                camera_dvp_handler
 .sdata.wireless_module_uart_handler
                0x0000000020000390        0x4 ./zf_device/zf_device_type.o
                0x0000000020000390                wireless_module_uart_handler
 .sdata.tof_module_exti_handler
                0x0000000020000394        0x4 ./zf_device/zf_device_type.o
                0x0000000020000394                tof_module_exti_handler
 .sdata.system_clock
                0x0000000020000398        0x4 ./zf_common/zf_common_clock.o
                0x0000000020000398                system_clock
 .sdata.zf_debug_assert_enable
                0x000000002000039c        0x1 ./zf_common/zf_common_debug.o
 *fill*         0x000000002000039d        0x3 
 .sdata.ADCPrescTable
                0x00000000200003a0        0x4 ./sdk/Peripheral/ch32v30x_rcc.o
 .sdata.USBHD_Dev_Speed
                0x00000000200003a4        0x1 ./sdk/Peripheral/ch32v30x_usbotg_device.o
                0x00000000200003a4                USBHD_Dev_Speed
 *fill*         0x00000000200003a5        0x3 
 .sdata.LineCoding
                0x00000000200003a8        0x7 ./sdk/Peripheral/ch32v30x_usbotg_device.o
                0x00000000200003a8                LineCoding
 *fill*         0x00000000200003af        0x1 
 .sdata.middleStandard
                0x00000000200003b0        0x4 ./code/function/angleErr.o
                0x00000000200003b0                middleStandard
 .sdata.start_Line_total
                0x00000000200003b4        0x1 ./code/function/eight..o
                0x00000000200003b4                start_Line_total
 .sdata.hightest
                0x00000000200003b5        0x1 ./code/function/eight..o
                0x00000000200003b5                hightest
 *fill*         0x00000000200003b6        0x2 
 .sdata.CHECK_CHAO_TIMES
                0x00000000200003b8        0x4 ./code/function/eight..o
                0x00000000200003b8                CHECK_CHAO_TIMES
 .sdata.road_w  0x00000000200003bc        0x1 ./code/function/eight..o
                0x00000000200003bc                road_w
 .sdata.mid_point_last
                0x00000000200003bd        0x1 ./code/function/eight..o
                0x00000000200003bd                mid_point_last
 *fill*         0x00000000200003be        0x2 
 .sdata.key_up.8320
                0x00000000200003c0        0x4 ./code/APP/key.o
 .sdata._impure_ptr
                0x00000000200003c4        0x4 e:/mounriver_studio/toolchain/risc-v embedded gcc/bin/../lib/gcc/riscv-none-embed/8.2.0/../../../../riscv-none-embed/lib/rv32imafc/ilp32f\libg_nano.a(lib_a-impure.o)
                0x00000000200003c4                _impure_ptr
 *(.sdata2.*)
 .sdata2.uart_irq
                0x00000000200003c8        0x8 ./zf_driver/zf_driver_uart.o
                0x00000000200003c8                uart_irq
 .sdata2.MyLangDescrHD
                0x00000000200003d0        0x4 ./sdk/Peripheral/ch32v30x_usbotg_device.o
                0x00000000200003d0                MyLangDescrHD
 .sdata2._global_impure_ptr
                0x00000000200003d4        0x4 e:/mounriver_studio/toolchain/risc-v embedded gcc/bin/../lib/gcc/riscv-none-embed/8.2.0/../../../../riscv-none-embed/lib/rv32imafc/ilp32f\libg_nano.a(lib_a-impure.o)
                0x00000000200003d4                _global_impure_ptr
 *(.gnu.linkonce.s.*)
                0x00000000200003d8                . = ALIGN (0x8)
 *(.srodata.cst16)
 *(.srodata.cst8)
 *(.srodata.cst4)
 *(.srodata.cst2)
 *(.srodata .srodata.*)
                0x00000000200003d8                . = ALIGN (0x4)
                0x00000000200003d8                PROVIDE (_edata = .)

.bss            0x00000000200003d8     0xd504 load address 0x00000000000155d4
                0x00000000200003d8                . = ALIGN (0x4)
                0x00000000200003d8                PROVIDE (_sbss = .)
 *(.sbss*)
 .sbss.camera_receiver_buffer
                0x00000000200003d8        0x8 ./zf_device/zf_device_camera.o
                0x00000000200003d8                camera_receiver_buffer
 .sbss.dm1xa_plus_count
                0x00000000200003e0        0x4 ./zf_device/zf_device_dm1xa.o
 .sbss.dm1xa_type
                0x00000000200003e4        0x4 ./zf_device/zf_device_dm1xa.o
 .sbss.dm1xa_ranging_state
                0x00000000200003e8        0x4 ./zf_device/zf_device_dm1xa.o
 .sbss.gps_tau1201_flag
                0x00000000200003ec        0x1 ./zf_device/zf_device_gps_tau1201.o
                0x00000000200003ec                gps_tau1201_flag
 .sbss.gps_tau1201_state
                0x00000000200003ed        0x1 ./zf_device/zf_device_gps_tau1201.o
 *fill*         0x00000000200003ee        0x2 
 .sbss.gps_gga_state
                0x00000000200003f0        0x4 ./zf_device/zf_device_gps_tau1201.o
                0x00000000200003f0                gps_gga_state
 .sbss.gps_rmc_state
                0x00000000200003f4        0x4 ./zf_device/zf_device_gps_tau1201.o
                0x00000000200003f4                gps_rmc_state
 .sbss.mt9v03x_finish_flag
                0x00000000200003f8        0x1 ./zf_device/zf_device_mt9v03x_dvp.o
                0x00000000200003f8                mt9v03x_finish_flag
 *fill*         0x00000000200003f9        0x3 
 .sbss.mt9v03x_type
                0x00000000200003fc        0x4 ./zf_device/zf_device_mt9v03x_dvp.o
 .sbss.mt9v03x_version
                0x0000000020000400        0x2 ./zf_device/zf_device_mt9v03x_dvp.o
 *fill*         0x0000000020000402        0x2 
 .sbss.tft180_display_dir
                0x0000000020000404        0x4 ./zf_device/zf_device_tft180.o
 .sbss.camera_type
                0x0000000020000408        0x4 ./zf_device/zf_device_type.o
                0x0000000020000408                camera_type
 .sbss.debug_uart_data
                0x000000002000040c        0x1 ./zf_common/zf_common_debug.o
                0x000000002000040c                debug_uart_data
 .sbss.zf_debug_init_flag
                0x000000002000040d        0x1 ./zf_common/zf_common_debug.o
 .sbss.assert_nest_index.5039
                0x000000002000040e        0x1 ./zf_common/zf_common_debug.o
 *fill*         0x000000002000040f        0x1 
 .sbss.interrupt_nest_count
                0x0000000020000410        0x4 ./zf_common/zf_common_interrupt.o
 .sbss.EP0_DatabufHD
                0x0000000020000414        0x8 ./sdk/Peripheral/ch32v30x_usbotg_device.o
                0x0000000020000414                EP0_DatabufHD
 .sbss.pEP0_RAM_Addr
                0x000000002000041c        0x4 ./sdk/Peripheral/ch32v30x_usbotg_device.o
                0x000000002000041c                pEP0_RAM_Addr
 .sbss.pEP1_RAM_Addr