Archive member included to satisfy reference by file (symbol)

c:/mounriver/mounriver_studio/toolchain/risc-v embedded gcc/bin/../lib/gcc/riscv-none-embed/8.2.0/../../../../riscv-none-embed/lib/rv32imafc/ilp32f\libm.a(lib_a-s_cos.o)
                              ./zf_device/zf_device_gps_tau1201.o (cos)
c:/mounriver/mounriver_studio/toolchain/risc-v embedded gcc/bin/../lib/gcc/riscv-none-embed/8.2.0/../../../../riscv-none-embed/lib/rv32imafc/ilp32f\libm.a(lib_a-s_sin.o)
                              ./zf_device/zf_device_gps_tau1201.o (sin)
c:/mounriver/mounriver_studio/toolchain/risc-v embedded gcc/bin/../lib/gcc/riscv-none-embed/8.2.0/../../../../riscv-none-embed/lib/rv32imafc/ilp32f\libm.a(lib_a-w_asin.o)
                              ./zf_device/zf_device_gps_tau1201.o (asin)
c:/mounriver/mounriver_studio/toolchain/risc-v embedded gcc/bin/../lib/gcc/riscv-none-embed/8.2.0/../../../../riscv-none-embed/lib/rv32imafc/ilp32f\libm.a(lib_a-w_atan2.o)
                              ./zf_device/zf_device_gps_tau1201.o (atan2)
c:/mounriver/mounriver_studio/toolchain/risc-v embedded gcc/bin/../lib/gcc/riscv-none-embed/8.2.0/../../../../riscv-none-embed/lib/rv32imafc/ilp32f\libm.a(lib_a-w_pow.o)
                              ./zf_device/zf_device_gps_tau1201.o (pow)
c:/mounriver/mounriver_studio/toolchain/risc-v embedded gcc/bin/../lib/gcc/riscv-none-embed/8.2.0/../../../../riscv-none-embed/lib/rv32imafc/ilp32f\libm.a(lib_a-w_sqrt.o)
                              ./zf_device/zf_device_gps_tau1201.o (sqrt)
c:/mounriver/mounriver_studio/toolchain/risc-v embedded gcc/bin/../lib/gcc/riscv-none-embed/8.2.0/../../../../riscv-none-embed/lib/rv32imafc/ilp32f\libm.a(lib_a-e_asin.o)
                              c:/mounriver/mounriver_studio/toolchain/risc-v embedded gcc/bin/../lib/gcc/riscv-none-embed/8.2.0/../../../../riscv-none-embed/lib/rv32imafc/ilp32f\libm.a(lib_a-w_asin.o) (__ieee754_asin)
c:/mounriver/mounriver_studio/toolchain/risc-v embedded gcc/bin/../lib/gcc/riscv-none-embed/8.2.0/../../../../riscv-none-embed/lib/rv32imafc/ilp32f\libm.a(lib_a-e_atan2.o)
                              c:/mounriver/mounriver_studio/toolchain/risc-v embedded gcc/bin/../lib/gcc/riscv-none-embed/8.2.0/../../../../riscv-none-embed/lib/rv32imafc/ilp32f\libm.a(lib_a-w_atan2.o) (__ieee754_atan2)
c:/mounriver/mounriver_studio/toolchain/risc-v embedded gcc/bin/../lib/gcc/riscv-none-embed/8.2.0/../../../../riscv-none-embed/lib/rv32imafc/ilp32f\libm.a(lib_a-e_pow.o)
                              c:/mounriver/mounriver_studio/toolchain/risc-v embedded gcc/bin/../lib/gcc/riscv-none-embed/8.2.0/../../../../riscv-none-embed/lib/rv32imafc/ilp32f\libm.a(lib_a-w_pow.o) (__ieee754_pow)
c:/mounriver/mounriver_studio/toolchain/risc-v embedded gcc/bin/../lib/gcc/riscv-none-embed/8.2.0/../../../../riscv-none-embed/lib/rv32imafc/ilp32f\libm.a(lib_a-e_rem_pio2.o)
                              c:/mounriver/mounriver_studio/toolchain/risc-v embedded gcc/bin/../lib/gcc/riscv-none-embed/8.2.0/../../../../riscv-none-embed/lib/rv32imafc/ilp32f\libm.a(lib_a-s_cos.o) (__ieee754_rem_pio2)
c:/mounriver/mounriver_studio/toolchain/risc-v embedded gcc/bin/../lib/gcc/riscv-none-embed/8.2.0/../../../../riscv-none-embed/lib/rv32imafc/ilp32f\libm.a(lib_a-e_sqrt.o)
                              c:/mounriver/mounriver_studio/toolchain/risc-v embedded gcc/bin/../lib/gcc/riscv-none-embed/8.2.0/../../../../riscv-none-embed/lib/rv32imafc/ilp32f\libm.a(lib_a-w_sqrt.o) (__ieee754_sqrt)
c:/mounriver/mounriver_studio/toolchain/risc-v embedded gcc/bin/../lib/gcc/riscv-none-embed/8.2.0/../../../../riscv-none-embed/lib/rv32imafc/ilp32f\libm.a(lib_a-k_cos.o)
                              c:/mounriver/mounriver_studio/toolchain/risc-v embedded gcc/bin/../lib/gcc/riscv-none-embed/8.2.0/../../../../riscv-none-embed/lib/rv32imafc/ilp32f\libm.a(lib_a-s_cos.o) (__kernel_cos)
c:/mounriver/mounriver_studio/toolchain/risc-v embedded gcc/bin/../lib/gcc/riscv-none-embed/8.2.0/../../../../riscv-none-embed/lib/rv32imafc/ilp32f\libm.a(lib_a-k_rem_pio2.o)
                              c:/mounriver/mounriver_studio/toolchain/risc-v embedded gcc/bin/../lib/gcc/riscv-none-embed/8.2.0/../../../../riscv-none-embed/lib/rv32imafc/ilp32f\libm.a(lib_a-e_rem_pio2.o) (__kernel_rem_pio2)
c:/mounriver/mounriver_studio/toolchain/risc-v embedded gcc/bin/../lib/gcc/riscv-none-embed/8.2.0/../../../../riscv-none-embed/lib/rv32imafc/ilp32f\libm.a(lib_a-k_sin.o)
                              c:/mounriver/mounriver_studio/toolchain/risc-v embedded gcc/bin/../lib/gcc/riscv-none-embed/8.2.0/../../../../riscv-none-embed/lib/rv32imafc/ilp32f\libm.a(lib_a-s_cos.o) (__kernel_sin)
c:/mounriver/mounriver_studio/toolchain/risc-v embedded gcc/bin/../lib/gcc/riscv-none-embed/8.2.0/../../../../riscv-none-embed/lib/rv32imafc/ilp32f\libm.a(lib_a-s_atan.o)
[...]
Memory Configuration

Name             Origin             Length             Attributes
RAM              0x0000000020000040 0x000000000000fc00 xrw
FLASH            0x0000000000000000 0x0000000000040000 xr
*default*        0x0000000000000000 0xffffffffffffffff

Linker script and memory map

LOAD ./zf_driver/zf_driver_adc.o
LOAD ./zf_driver/zf_driver_delay.o
LOAD ./zf_driver/zf_driver_dvp.o
LOAD ./zf_driver/zf_driver_encoder.o
LOAD ./zf_driver/zf_driver_exti.o
LOAD ./zf_driver/zf_driver_flash.o
LOAD ./zf_driver/zf_driver_gpio.o
LOAD ./zf_driver/zf_driver_iic.o
LOAD ./zf_driver/zf_driver_pit.o
LOAD ./zf_driver/zf_driver_pwm.o
LOAD ./zf_driver/zf_driver_soft_iic.o
LOAD ./zf_driver/zf_driver_soft_spi.o
LOAD ./zf_driver/zf_driver_spi.o
LOAD ./zf_driver/zf_driver_timer.o
LOAD ./zf_driver/zf_driver_uart.o
LOAD ./zf_driver/zf_driver_usb_cdc.o
LOAD ./zf_device/zf_device_absolute_encoder.o
LOAD ./zf_device/zf_device_aht20.o
LOAD ./zf_device/zf_device_bluetooth_ch9141.o
LOAD ./zf_device/zf_device_camera.o
LOAD ./zf_device/zf_device_detector.o
LOAD ./zf_device/zf_device_dl1a.o
LOAD ./zf_device/zf_device_dl1b.o
LOAD ./zf_device/zf_device_dm1xa.o
LOAD ./zf_device/zf_device_gps_tau1201.o
LOAD ./zf_device/zf_device_icm20602.o
LOAD ./zf_device/zf_device_imu660ra.o
LOAD ./zf_device/zf_device_imu963ra.o
LOAD ./zf_device/zf_device_ips114.o
LOAD ./zf_device/zf_device_ips200.o
LOAD ./zf_device/zf_device_k24c02.o
LOAD ./zf_device/zf_device_key.o
LOAD ./zf_device/zf_device_mpu6050.o
LOAD ./zf_device/zf_device_mt9v03x_dvp.o
LOAD ./zf_device/zf_device_oled.o
LOAD ./zf_device/zf_device_scc8660_dvp.o
LOAD ./zf_device/zf_device_tft180.o
LOAD ./zf_device/zf_device_type.o
LOAD ./zf_device/zf_device_virtual_oscilloscope.o
LOAD ./zf_device/zf_device_w25q32.o
LOAD ./zf_device/zf_device_wifi_spi.o
LOAD ./zf_device/zf_device_wifi_uart.o
LOAD ./zf_device/zf_device_wireless_ch573.o
LOAD ./zf_device/zf_device_wireless_uart.o
LOAD ./zf_common/zf_common_clock.o
LOAD ./zf_common/zf_common_debug.o
LOAD ./zf_common/zf_common_fifo.o
LOAD ./zf_common/zf_common_font.o
LOAD ./zf_common/zf_common_function.o
LOAD ./zf_common/zf_common_interrupt.o
LOAD ./user_c/isr.o
LOAD ./user_c/main.o
LOAD ./sdk/Startup/startup_ch32v30x_D8C.o
LOAD ./sdk/Peripheral/ch32v30x_adc.o
LOAD ./sdk/Peripheral/ch32v30x_bkp.o
LOAD ./sdk/Peripheral/ch32v30x_can.o
LOAD ./sdk/Peripheral/ch32v30x_crc.o
LOAD ./sdk/Peripheral/ch32v30x_dac.o
LOAD ./sdk/Peripheral/ch32v30x_dbgmcu.o
LOAD ./sdk/Peripheral/ch32v30x_dma.o
LOAD ./sdk/Peripheral/ch32v30x_dvp.o
LOAD ./sdk/Peripheral/ch32v30x_eth.o
LOAD ./sdk/Peripheral/ch32v30x_exti.o
LOAD ./sdk/Peripheral/ch32v30x_flash.o
LOAD ./sdk/Peripheral/ch32v30x_fsmc.o
LOAD ./sdk/Peripheral/ch32v30x_gpio.o
LOAD ./sdk/Peripheral/ch32v30x_i2c.o
LOAD ./sdk/Peripheral/ch32v30x_iwdg.o
LOAD ./sdk/Peripheral/ch32v30x_opa.o
LOAD ./sdk/Peripheral/ch32v30x_pwr.o
LOAD ./sdk/Peripheral/ch32v30x_rcc.o
LOAD ./sdk/Peripheral/ch32v30x_rng.o
LOAD ./sdk/Peripheral/ch32v30x_rtc.o
LOAD ./sdk/Peripheral/ch32v30x_sdio.o
LOAD ./sdk/Peripheral/ch32v30x_spi.o
LOAD ./sdk/Peripheral/ch32v30x_tim.o
LOAD ./sdk/Peripheral/ch32v30x_usart.o
LOAD ./sdk/Peripheral/ch32v30x_usbotg_device.o
LOAD ./sdk/Peripheral/ch32v30x_wwdg.o
LOAD ./sdk/Core/core_riscv.o
LOAD ./code/function/lib/Slope_Calculate.o
LOAD ./code/function/lib/kernel_smooth.o
LOAD ./code/function/angleErr.o
LOAD ./code/function/binData.o
LOAD ./code/function/eight.o
LOAD ./code/CPP/pid.o
LOAD ./code/CPP/timer.o
LOAD ./code/CPP/turn_pd.o
LOAD ./code/CPP/volicity_pid.o
LOAD ./code/BSP/beep.o
LOAD ./code/BSP/encoder.o
LOAD ./code/BSP/steer.o
LOAD ./code/BSP/wheel.o
LOAD ./code/APP/UI.o
LOAD ./code/APP/integration_control.o
LOAD ./code/APP/key.o
LOAD ./code/My_Math.o
LOAD ./code/cam_preprocess.o
LOAD c:/mounriver/mounriver_studio/toolchain/risc-v embedded gcc/bin/../lib/gcc/riscv-none-embed/8.2.0/../../../../riscv-none-embed/lib/rv32imafc/ilp32f\libm.a
LOAD C:\Users\Zh319\Desktop\新建文件夹\visionCar-eight_Dev(1)\visionCar-eight_Dev(1)\visionCar-eight_Dev\visionCar-eight_Dev(1)\visionCar-eight_Dev\libraries\zf_device\libzf_device_config.a
LOAD c:/mounriver/mounriver_studio/toolchain/risc-v embedded gcc/bin/../lib/gcc/riscv-none-embed/8.2.0/rv32imafc/ilp32f\libgcc.a
LOAD c:/mounriver/mounriver_studio/toolchain/risc-v embedded gcc/bin/../lib/gcc/riscv-none-embed/8.2.0/../../../../riscv-none-embed/lib/rv32imafc/ilp32f\libg_nano.a
LOAD c:/mounriver/mounriver_studio/toolchain/risc-v embedded gcc/bin/../lib/gcc/riscv-none-embed/8.2.0/../../../../riscv-none-embed/lib/rv32imafc/ilp32f\libc_nano.a
LOAD c:/mounriver/mounriver_studio/toolchain/risc-v embedded gcc/bin/../lib/gcc/riscv-none-embed/8.2.0/rv32imafc/ilp32f\libgcc.a
START GROUP
LOAD c:/mounriver/mounriver_studio/toolchain/risc-v embedded gcc/bin/../lib/gcc/riscv-none-embed/8.2.0/rv32imafc/ilp32f\libgcc.a
LOAD c:/mounriver/mounriver_studio/toolchain/risc-v embedded gcc/bin/../lib/gcc/riscv-none-embed/8.2.0/../../../../riscv-none-embed/lib/rv32imafc/ilp32f\libc_nano.a
LOAD c:/mounriver/mounriver_studio/toolchain/risc-v embedded gcc/bin/../lib/gcc/riscv-none-embed/8.2.0/../../../../riscv-none-embed/lib/rv32imafc/ilp32f\libnosys.a
END GROUP
START GROUP
LOAD c:/mounriver/mounriver_studio/toolchain/risc-v embedded gcc/bin/../lib/gcc/riscv-none-embed/8.2.0/rv32imafc/ilp32f\libgcc.a
LOAD c:/mounriver/mounriver_studio/toolchain/risc-v embedded gcc/bin/../lib/gcc/riscv-none-embed/8.2.0/../../../../riscv-none-embed/lib/rv32imafc/ilp32f\libc_nano.a
LOAD c:/mounriver/mounriver_studio/toolchain/risc-v embedded gcc/bin/../lib/gcc/riscv-none-embed/8.2.0/../../../../riscv-none-embed/lib/rv32imafc/ilp32f\libnosys.a
END GROUP
                0x0000000000000800                __stack_size = 0x800
                [!provide]                        PROVIDE (_stack_size = __stack_size)

.init           0x0000000000000000       0x38
                0x0000000000000000                _sinit = .
                0x0000000000000000                . = ALIGN (0x4)
 *(SORT_NONE(.init))
 .init          0x0000000000000000       0x38 ./sdk/Startup/startup_ch32v30x_D8C.o
                0x0000000000000000                _start
                0x0000000000000038                . = ALIGN (0x4)
                0x0000000000000038                _einit = .

.vector         0x0000000000000038      0x1c8
 *(.vector)
 .vector        0x0000000000000038      0x1a0 ./sdk/Startup/startup_ch32v30x_D8C.o
                0x0000000000000200                . = ALIGN (0x40)
 *fill*         0x00000000000001d8       0x28 

.text           0x0000000000000200    0x161d4
                0x0000000000000200                . = ALIGN (0x4)
 *(.text)
 .text          0x0000000000000200       0xa8 c:/mounriver/mounriver_studio/toolchain/risc-v embedded gcc/bin/../lib/gcc/riscv-none-embed/8.2.0/../../../../riscv-none-embed/lib/rv32imafc/ilp32f\libg_nano.a(lib_a-memset.o)
                0x0000000000000200                memset
 *(.text.*)
 .text.system_delay_ms
                0x00000000000002a8       0xa2 ./zf_driver/zf_driver_delay.o
                0x00000000000002a8                system_delay_ms
 .text.system_delay_us
                0x000000000000034a       0xa4 ./zf_driver/zf_driver_delay.o
                0x000000000000034a                system_delay_us
 .text.dvp_gpio_init
                0x00000000000003ee      0x10c ./zf_driver/zf_driver_dvp.o
                0x00000000000003ee                dvp_gpio_init
 .text.dvp_camera_init
                0x00000000000004fa      0x144 ./zf_driver/zf_driver_dvp.o
                0x00000000000004fa                dvp_camera_init
 .text.encoder_get_count
                0x000000000000063e      0x14e ./zf_driver/zf_driver_encoder.o
                0x000000000000063e                encoder_get_count
 .text.encoder_clear_count
                0x000000000000078c       0x9a ./zf_driver/zf_driver_encoder.o
                0x000000000000078c                encoder_clear_count
 .text.encoder_dir_init
                0x0000000000000826      0x2fa ./zf_driver/zf_driver_encoder.o
                0x0000000000000826                encoder_dir_init
 .text.gpio_set_level
                0x0000000000000b20       0x78 ./zf_driver/zf_driver_gpio.o
                0x0000000000000b20                gpio_set_level
 .text.gpio_get_level
                0x0000000000000b98       0x42 ./zf_driver/zf_driver_gpio.o
                0x0000000000000b98                gpio_get_level
 .text.gpio_init
                0x0000000000000bda      0x15c ./zf_driver/zf_driver_gpio.o
                0x0000000000000bda                gpio_init
 .text.pwm_set_duty
                0x0000000000000d36      0x166 ./zf_driver/zf_driver_pwm.o
                0x0000000000000d36                pwm_set_duty
 .text.pwm_init
                0x0000000000000e9c      0x416 ./zf_driver/zf_driver_pwm.o
                0x0000000000000e9c                pwm_init
 .text.soft_iic_start
                0x00000000000012b2      0x128 ./zf_driver/zf_driver_soft_iic.o
 .text.soft_iic_stop
                0x00000000000013da      0x142 ./zf_driver/zf_driver_soft_iic.o
 .text.soft_iic_send_ack
                0x000000000000151c      0x196 ./zf_driver/zf_driver_soft_iic.o
 .text.soft_iic_wait_ack
                0x00000000000016b2      0x160 ./zf_driver/zf_driver_soft_iic.o
 .text.soft_iic_send_data
                0x0000000000001812      0x16e ./zf_driver/zf_driver_soft_iic.o
 .text.soft_iic_read_data
                0x0000000000001980      0x1e8 ./zf_driver/zf_driver_soft_iic.o
 .text.soft_iic_sccb_write_register
                0x0000000000001b68       0x80 ./zf_driver/zf_driver_soft_iic.o
                0x0000000000001b68                soft_iic_sccb_write_register
 .text.soft_iic_sccb_read_register
                0x0000000000001be8       0xb4 ./zf_driver/zf_driver_soft_iic.o
                0x0000000000001be8                soft_iic_sccb_read_register
 .text.soft_iic_init
                0x0000000000001c9c       0xb2 ./zf_driver/zf_driver_soft_iic.o
                0x0000000000001c9c                soft_iic_init
 .text.spi_write_8bit
                0x0000000000001d4e       0x6a ./zf_driver/zf_driver_spi.o
                0x0000000000001d4e                spi_write_8bit
 .text.spi_write_16bit
                0x0000000000001db8       0xa6 ./zf_driver/zf_driver_spi.o
                0x0000000000001db8                spi_write_16bit
 .text.spi_init
                0x0000000000001e5e      0x2d6 ./zf_driver/zf_driver_spi.o
                0x0000000000001e5e                spi_init
 .text.timer_funciton_check
                0x0000000000002134       0x66 ./zf_driver/zf_driver_timer.o
                0x0000000000002134                timer_funciton_check
 .text.timer_clock_enable
                0x000000000000219a       0xe2 ./zf_driver/zf_driver_timer.o
                0x000000000000219a                timer_clock_enable
 .text.timer_get
                0x000000000000227c       0xfe ./zf_driver/zf_driver_timer.o
                0x000000000000227c                timer_get
 .text.timer_clear
                0x000000000000237a       0xc4 ./zf_driver/zf_driver_timer.o
                0x000000000000237a                timer_clear
 .text.uart_write_byte
                0x000000000000243e       0x56 ./zf_driver/zf_driver_uart.o
                0x000000000000243e                uart_write_byte
 .text.uart_write_buffer
                0x0000000000002494       0x64 ./zf_driver/zf_driver_uart.o
                0x0000000000002494                uart_write_buffer
 .text.uart_write_string
                0x00000000000024f8       0x60 ./zf_driver/zf_driver_uart.o
                0x00000000000024f8                uart_write_string
 .text.uart_rx_interrupt
                0x0000000000002558       0x84 ./zf_driver/zf_driver_uart.o
                0x0000000000002558                uart_rx_interrupt
 .text.uart_query_byte
                0x00000000000025dc       0x5e ./zf_driver/zf_driver_uart.o
                0x00000000000025dc                uart_query_byte
 .text.uart_init
                0x000000000000263a      0x5aa ./zf_driver/zf_driver_uart.o
                0x000000000000263a                uart_init
 .text.camera_fifo_init
                0x0000000000002be4       0x22 ./zf_device/zf_device_camera.o
                0x0000000000002be4                camera_fifo_init
 .text.dm1xa_sound_callback
                0x0000000000002c06       0xf6 ./zf_device/zf_device_dm1xa.o
                0x0000000000002c06                dm1xa_sound_callback
 .text.dm1xa_light_callback
                0x0000000000002cfc       0x32 ./zf_device/zf_device_dm1xa.o
                0x0000000000002cfc                dm1xa_light_callback
 .text.gps_uart_callback
                0x0000000000002d2e      0x10e ./zf_device/zf_device_gps_tau1201.o
                0x0000000000002d2e                gps_uart_callback
 .text.mt9v03x_set_config
                0x0000000000002e3c      0x12c ./zf_device/zf_device_mt9v03x_dvp.o
 .text.mt9v03x_get_config
                0x0000000000002f68      0x164 ./zf_device/zf_device_mt9v03x_dvp.o
 .text.mt9v03x_uart_handler
                0x00000000000030cc       0x44 ./zf_device/zf_device_mt9v03x_dvp.o
 .text.mt9v03x_dvp_handler
                0x0000000000003110       0x14 ./zf_device/zf_device_mt9v03x_dvp.o
                0x0000000000003110                mt9v03x_dvp_handler
 .text.mt9v03x_get_version
                0x0000000000003124       0xca ./zf_device/zf_device_mt9v03x_dvp.o
                0x0000000000003124                mt9v03x_get_version
 .text.mt9v03x_init
                0x00000000000031ee      0x17e ./zf_device/zf_device_mt9v03x_dvp.o
                0x00000000000031ee                mt9v03x_init
 .text.tft180_write_index
                0x000000000000336c       0x44 ./zf_device/zf_device_tft180.o
 .text.tft180_set_region
                0x00000000000033b0      0x1e8 ./zf_device/zf_device_tft180.o
 .text.tft180_debug_init
                0x0000000000003598       0x86 ./zf_device/zf_device_tft180.o
 .text.tft180_clear
                0x000000000000361e       0x8c ./zf_device/zf_device_tft180.o
                0x000000000000361e                tft180_clear
 .text.tft180_full
                0x00000000000036aa       0x8e ./zf_device/zf_device_tft180.o
                0x00000000000036aa                tft180_full
 .text.tft180_set_dir
                0x0000000000003738       0x50 ./zf_device/zf_device_tft180.o
                0x0000000000003738                tft180_set_dir
 .text.tft180_set_color
                0x0000000000003788       0x34 ./zf_device/zf_device_tft180.o
                0x0000000000003788                tft180_set_color
 .text.tft180_show_char
                0x00000000000037bc      0x2ba ./zf_device/zf_device_tft180.o
                0x00000000000037bc                tft180_show_char
 .text.tft180_show_string
                0x0000000000003a76      0x110 ./zf_device/zf_device_tft180.o
                0x0000000000003a76                tft180_show_string
 .text.tft180_show_int
                0x0000000000003b86      0x146 ./zf_device/zf_device_tft180.o
                0x0000000000003b86                tft180_show_int
 .text.tft180_show_uint
                0x0000000000003ccc      0x142 ./zf_device/zf_device_tft180.o
                0x0000000000003ccc                tft180_show_uint
 .text.tft180_show_float
                0x0000000000003e0e      0x208 ./zf_device/zf_device_tft180.o
                0x0000000000003e0e                tft180_show_float
 .text.tft180_show_gray_image
                0x0000000000004016      0x23e ./zf_device/zf_device_tft180.o
                0x0000000000004016                tft180_show_gray_image
 .text.tft180_show_rgb565_image
                0x0000000000004254      0x1e4 ./zf_device/zf_device_tft180.o
                0x0000000000004254                tft180_show_rgb565_image
 .text.tft180_init
                0x0000000000004438      0x426 ./zf_device/zf_device_tft180.o
                0x0000000000004438                tft180_init
 .text.type_default_callback
                0x000000000000485e        0xe ./zf_device/zf_device_type.o
 .text.set_camera_type
                0x000000000000486c       0x52 ./zf_device/zf_device_type.o
                0x000000000000486c                set_camera_type
 .text.clock_reset
                0x00000000000048be       0x76 ./zf_common/zf_common_clock.o
                0x00000000000048be                clock_reset
 .text.clock_set_freq
                0x0000000000004934      0x1e0 ./zf_common/zf_common_clock.o
                0x0000000000004934                clock_set_freq
 .text.clock_init
                0x0000000000004b14       0x2e ./zf_common/zf_common_clock.o
                0x0000000000004b14                clock_init
 .text.__NOP    0x0000000000004b42       0x10 ./zf_common/zf_common_debug.o
 .text.debug_delay
                0x0000000000004b52       0x54 ./zf_common/zf_common_debug.o
 .text.debug_protective_handler
                0x0000000000004ba6        0xe ./zf_common/zf_common_debug.o
 .text.debug_uart_str_output
                0x0000000000004bb4       0x20 ./zf_common/zf_common_debug.o
 .text.debug_output
                0x0000000000004bd4      0x564 ./zf_common/zf_common_debug.o
 .text.debug_interrupr_handler
                0x0000000000005138       0x36 ./zf_common/zf_common_debug.o
                0x0000000000005138                debug_interrupr_handler
 .text._write   0x000000000000516e       0x7c ./zf_common/zf_common_debug.o
                0x000000000000516e                _write
 .text.debug_assert_handler
                0x00000000000051ea       0x68 ./zf_common/zf_common_debug.o
                0x00000000000051ea                debug_assert_handler
 .text.debug_log_handler
                0x0000000000005252       0x4e ./zf_common/zf_common_debug.o
                0x0000000000005252                debug_log_handler
 .text.debug_output_struct_init
                0x00000000000052a0       0x5a ./zf_common/zf_common_debug.o
                0x00000000000052a0                debug_output_struct_init
 .text.debug_output_init
                0x00000000000052fa       0xa8 ./zf_common/zf_common_debug.o
                0x00000000000052fa                debug_output_init
 .text.debug_init
                0x00000000000053a2       0x6c ./zf_common/zf_common_debug.o
                0x00000000000053a2                debug_init
 .text.fifo_head_offset
                0x000000000000540e       0x4e ./zf_common/zf_common_fifo.o
 .text.fifo_end_offset
                0x000000000000545c       0x4e ./zf_common/zf_common_fifo.o
 .text.fifo_clear
                0x00000000000054aa      0x100 ./zf_common/zf_common_fifo.o
                0x00000000000054aa                fifo_clear
 .text.fifo_used
                0x00000000000055aa       0x44 ./zf_common/zf_common_fifo.o
                0x00000000000055aa                fifo_used
 .text.fifo_write_element
                0x00000000000055ee      0x118 ./zf_common/zf_common_fifo.o
                0x00000000000055ee                fifo_write_element
 .text.fifo_write_buffer
                0x0000000000005706      0x304 ./zf_common/zf_common_fifo.o
                0x0000000000005706                fifo_write_buffer
 .text.fifo_read_buffer
                0x0000000000005a0a      0x2e0 ./zf_common/zf_common_fifo.o
                0x0000000000005a0a                fifo_read_buffer
 .text.fifo_init
                0x0000000000005cea       0x96 ./zf_common/zf_common_fifo.o
                0x0000000000005cea                fifo_init
 .text.func_int_to_str
                0x0000000000005d80      0x116 ./zf_common/zf_common_function.o
                0x0000000000005d80                func_int_to_str
 .text.func_uint_to_str
                0x0000000000005e96       0xd8 ./zf_common/zf_common_function.o
                0x0000000000005e96                func_uint_to_str
 .text.func_double_to_str
                0x0000000000005f6e      0x2a2 ./zf_common/zf_common_function.o
                0x0000000000005f6e                func_double_to_str
 .text.__enable_irq
                0x0000000000006210       0x18 ./zf_common/zf_common_interrupt.o
 .text.__disable_irq
                0x0000000000006228       0x14 ./zf_common/zf_common_interrupt.o
 .text.NVIC_EnableIRQ
                0x000000000000623c       0x32 ./zf_common/zf_common_interrupt.o
 .text.NVIC_DisableIRQ
                0x000000000000626e       0x32 ./zf_common/zf_common_interrupt.o
 .text.NVIC_SetPriority
                0x00000000000062a0       0x2a ./zf_common/zf_common_interrupt.o
 .text.interrupt_enable
                0x00000000000062ca       0x1e ./zf_common/zf_common_interrupt.o
                0x00000000000062ca                interrupt_enable
 .text.interrupt_disable
                0x00000000000062e8       0x1e ./zf_common/zf_common_interrupt.o
                0x00000000000062e8                interrupt_disable
 .text.interrupt_set_priority
                0x0000000000006306       0x2a ./zf_common/zf_common_interrupt.o
                0x0000000000006306                interrupt_set_priority
 .text.interrupt_global_enable
                0x0000000000006330       0x32 ./zf_common/zf_common_interrupt.o
                0x0000000000006330                interrupt_global_enable
 .text.interrupt_global_disable
                0x0000000000006362       0x2c ./zf_common/zf_common_interrupt.o
                0x0000000000006362                interrupt_global_disable
 .text.interrupt_init
                0x000000000000638e       0x18 ./zf_common/zf_common_interrupt.o
                0x000000000000638e                interrupt_init
 .text.USART1_IRQHandler
                0x00000000000063a6       0xc4 ./user_c/isr.o
                0x00000000000063a6                USART1_IRQHandler
 .text.USART2_IRQHandler
                0x000000000000646a       0xc4 ./user_c/isr.o
                0x000000000000646a                USART2_IRQHandler
 .text.USART3_IRQHandler
                0x000000000000652e       0xc8 ./user_c/isr.o
                0x000000000000652e                USART3_IRQHandler
 .text.UART4_IRQHandler
                0x00000000000065f6       0xc4 ./user_c/isr.o
                0x00000000000065f6                UART4_IRQHandler
 .text.UART5_IRQHandler
                0x00000000000066ba       0xc2 ./user_c/isr.o
                0x00000000000066ba                UART5_IRQHandler
 .text.UART6_IRQHandler
                0x000000000000677c       0xc4 ./user_c/isr.o
                0x000000000000677c                UART6_IRQHandler
 .text.UART7_IRQHandler
                0x0000000000006840       0xca ./user_c/isr.o
                0x0000000000006840                UART7_IRQHandler
 .text.UART8_IRQHandler
                0x000000000000690a       0xc0 ./user_c/isr.o
                0x000000000000690a                UART8_IRQHandler
 .text.DVP_IRQHandler
                0x00000000000069ca       0xd0 ./user_c/isr.o
                0x00000000000069ca                DVP_IRQHandler
 .text.EXTI0_IRQHandler
                0x0000000000006a9a       0xb4 ./user_c/isr.o
                0x0000000000006a9a                EXTI0_IRQHandler
 .text.EXTI1_IRQHandler
                0x0000000000006b4e       0xb4 ./user_c/isr.o
                0x0000000000006b4e                EXTI1_IRQHandler
 .text.EXTI2_IRQHandler
                0x0000000000006c02       0xb4 ./user_c/isr.o
                0x0000000000006c02                EXTI2_IRQHandler
 .text.EXTI3_IRQHandler
                0x0000000000006cb6       0xb4 ./user_c/isr.o
                0x0000000000006cb6                EXTI3_IRQHandler
 .text.EXTI4_IRQHandler
                0x0000000000006d6a       0xb4 ./user_c/isr.o
                0x0000000000006d6a                EXTI4_IRQHandler
 .text.EXTI9_5_IRQHandler
                0x0000000000006e1e      0x118 ./user_c/isr.o
                0x0000000000006e1e                EXTI9_5_IRQHandler
 .text.EXTI15_10_IRQHandler
                0x0000000000006f36      0x132 ./user_c/isr.o
                0x0000000000006f36                EXTI15_10_IRQHandler
 .text.TIM1_UP_IRQHandler
                0x0000000000007068       0xc0 ./user_c/isr.o
                0x0000000000007068                TIM1_UP_IRQHandler
 .text.TIM2_IRQHandler
                0x0000000000007128       0xb8 ./user_c/isr.o
                0x0000000000007128                TIM2_IRQHandler
 .text.TIM3_IRQHandler
                0x00000000000071e0       0xc0 ./user_c/isr.o
                0x00000000000071e0                TIM3_IRQHandler
 .text.TIM4_IRQHandler
                0x00000000000072a0       0xc0 ./user_c/isr.o
                0x00000000000072a0                TIM4_IRQHandler
 .text.TIM5_IRQHandler
                0x0000000000007360       0xc0 ./user_c/isr.o
                0x0000000000007360                TIM5_IRQHandler
 .text.TIM6_IRQHandler
                0x0000000000007420       0xb8 ./user_c/isr.o
                0x0000000000007420                TIM6_IRQHandler
 .text.TIM7_IRQHandler
                0x00000000000074d8       0xc0 ./user_c/isr.o
                0x00000000000074d8                TIM7_IRQHandler
 .text.TIM8_UP_IRQHandler
                0x0000000000007598       0xc0 ./user_c/isr.o
                0x0000000000007598                TIM8_UP_IRQHandler
 .text.TIM9_UP_IRQHandler
                0x0000000000007658       0xc0 ./user_c/isr.o
                0x0000000000007658                TIM9_UP_IRQHandler
 .text.TIM10_UP_IRQHandler
                0x0000000000007718       0xb8 ./user_c/isr.o
                0x0000000000007718                TIM10_UP_IRQHandler
 .text.NMI_Handler
                0x00000000000077d0       0x10 ./user_c/isr.o
                0x00000000000077d0                NMI_Handler
 .text.HardFault_Handler
                0x00000000000077e0        0x8 ./user_c/isr.o
                0x00000000000077e0                HardFault_Handler
 .text.Init     0x00000000000077e8       0x48 ./user_c/main.o
                0x00000000000077e8                Init
 .text.main     0x0000000000007830       0x38 ./user_c/main.o
                0x0000000000007830                main
 .text.vector_handler
                0x0000000000007868       0xbe ./sdk/Startup/startup_ch32v30x_D8C.o
                0x000000000000786c                Ecall_M_Mode_Handler
                0x000000000000786e                Ecall_U_Mode_Handler
                0x0000000000007870                Break_Point_Handler
                0x0000000000007872                SysTick_Handler
                0x0000000000007874                SW_Handler
                0x0000000000007876                WWDG_IRQHandler
                0x0000000000007878                PVD_IRQHandler
                0x000000000000787a                TAMPER_IRQHandler
                0x000000000000787c                RTC_IRQHandler
                0x000000000000787e                FLASH_IRQHandler
                0x0000000000007880                RCC_IRQHandler
                0x000000000000788c                DMA1_Channel1_IRQHandler
                0x000000000000788e                DMA1_Channel2_IRQHandler
                0x0000000000007890                DMA1_Channel3_IRQHandler
                0x0000000000007892                DMA1_Channel4_IRQHandler
                0x0000000000007894                DMA1_Channel5_IRQHandler
                0x0000000000007896                DMA1_Channel6_IRQHandler
                0x0000000000007898                DMA1_Channel7_IRQHandler
                0x000000000000789a                ADC1_2_IRQHandler
                0x000000000000789c                USB_HP_CAN1_TX_IRQHandler
                0x000000000000789e                USB_LP_CAN1_RX0_IRQHandler
                0x00000000000078a0                CAN1_RX1_IRQHandler
                0x00000000000078a2                CAN1_SCE_IRQHandler
                0x00000000000078a6                TIM1_BRK_IRQHandler
                0x00000000000078aa                TIM1_TRG_COM_IRQHandler
                0x00000000000078ac                TIM1_CC_IRQHandler
                0x00000000000078b4                I2C1_EV_IRQHandler
                0x00000000000078b6                I2C1_ER_IRQHandler
                0x00000000000078b8                I2C2_EV_IRQHandler
                0x00000000000078ba                I2C2_ER_IRQHandler
                0x00000000000078bc                SPI1_IRQHandler
                0x00000000000078be                SPI2_IRQHandler
                0x00000000000078c8                RTCAlarm_IRQHandler
                0x00000000000078ca                USBWakeUp_IRQHandler
                0x00000000000078cc                TIM8_BRK_IRQHandler
                0x00000000000078d0                TIM8_TRG_COM_IRQHandler
                0x00000000000078d2                TIM8_CC_IRQHandler
                0x00000000000078d4                RNG_IRQHandler
                0x00000000000078d6                FSMC_IRQHandler
                0x00000000000078d8                SDIO_IRQHandler
                0x00000000000078dc                SPI3_IRQHandler
                0x00000000000078e6                DMA2_Channel1_IRQHandler
                0x00000000000078e8                DMA2_Channel2_IRQHandler
                0x00000000000078ea                DMA2_Channel3_IRQHandler
                0x00000000000078ec                DMA2_Channel4_IRQHandler
                0x00000000000078ee                DMA2_Channel5_IRQHandler
                0x00000000000078f0                ETH_IRQHandler
                0x00000000000078f2                ETH_WKUP_IRQHandler
                0x00000000000078f4                CAN2_TX_IRQHandler
                0x00000000000078f6                CAN2_RX0_IRQHandler
                0x00000000000078f8                CAN2_RX1_IRQHandler
                0x00000000000078fa                CAN2_SCE_IRQHandler
                0x00000000000078fe                USBHSWakeup_IRQHandler
                0x0000000000007900                USBHS_IRQHandler
                0x000000000000790a                TIM9_BRK_IRQHandler
                0x000000000000790e                TIM9_TRG_COM_IRQHandler
                0x0000000000007910                TIM9_CC_IRQHandler
                0x0000000000007912                TIM10_BRK_IRQHandler
                0x0000000000007916                TIM10_TRG_COM_IRQHandler
                0x0000000000007918                TIM10_CC_IRQHandler
                0x000000000000791a                DMA2_Channel6_IRQHandler
                0x000000000000791c                DMA2_Channel7_IRQHandler
                0x000000000000791e                DMA2_Channel8_IRQHandler
                0x0000000000007920                DMA2_Channel9_IRQHandler
                0x0000000000007922                DMA2_Channel10_IRQHandler
                0x0000000000007924                DMA2_Channel11_IRQHandler
 .text.handle_reset
                0x0000000000007926       0x8a ./sdk/Startup/startup_ch32v30x_D8C.o
                0x0000000000007926                handle_reset
 .text.EXTI_GetITStatus
                0x00000000000079b0       0x56 ./sdk/Peripheral/ch32v30x_exti.o
                0x00000000000079b0                EXTI_GetITStatus
 .text.EXTI_ClearITPendingBit
                0x0000000000007a06       0x20 ./sdk/Peripheral/ch32v30x_exti.o
                0x0000000000007a06                EXTI_ClearITPendingBit
 .text.GPIO_Init
                0x0000000000007a26      0x22a ./sdk/Peripheral/ch32v30x_gpio.o
                0x0000000000007a26                GPIO_Init
 .text.GPIO_WriteBit
                0x0000000000007c50       0x38 ./sdk/Peripheral/ch32v30x_gpio.o
                0x0000000000007c50                GPIO_WriteBit
 .text.GPIO_PinRemapConfig
                0x0000000000007c88      0x1c8 ./sdk/Peripheral/ch32v30x_gpio.o
                0x0000000000007c88                GPIO_PinRemapConfig
 .text.RCC_GetClocksFreq
                0x0000000000007e50      0x2c6 ./sdk/Peripheral/ch32v30x_rcc.o
                0x0000000000007e50                RCC_GetClocksFreq
 .text.RCC_AHBPeriphClockCmd
                0x0000000000008116       0x46 ./sdk/Peripheral/ch32v30x_rcc.o
                0x0000000000008116                RCC_AHBPeriphClockCmd
 .text.RCC_APB2PeriphClockCmd
                0x000000000000815c       0x46 ./sdk/Peripheral/ch32v30x_rcc.o
                0x000000000000815c                RCC_APB2PeriphClockCmd
 .text.RCC_APB1PeriphClockCmd
                0x00000000000081a2       0x46 ./sdk/Peripheral/ch32v30x_rcc.o
                0x00000000000081a2                RCC_APB1PeriphClockCmd
 .text.RCC_APB2PeriphResetCmd
                0x00000000000081e8       0x46 ./sdk/Peripheral/ch32v30x_rcc.o
                0x00000000000081e8                RCC_APB2PeriphResetCmd
 .text.RCC_APB1PeriphResetCmd
                0x000000000000822e       0x46 ./sdk/Peripheral/ch32v30x_rcc.o
                0x000000000000822e                RCC_APB1PeriphResetCmd
 .text.SPI_I2S_DeInit
                0x0000000000008274       0x76 ./sdk/Peripheral/ch32v30x_spi.o
                0x0000000000008274                SPI_I2S_DeInit
 .text.SPI_Init
                0x00000000000082ea       0xf8 ./sdk/Peripheral/ch32v30x_spi.o
                0x00000000000082ea                SPI_Init
 .text.SPI_Cmd  0x00000000000083e2       0x5a ./sdk/Peripheral/ch32v30x_spi.o
                0x00000000000083e2                SPI_Cmd
 .text.TIM_TimeBaseInit
                0x000000000000843c      0x17e ./sdk/Peripheral/ch32v30x_tim.o
                0x000000000000843c                TIM_TimeBaseInit
 .text.TIM_OC1Init
                0x00000000000085ba      0x19c ./sdk/Peripheral/ch32v30x_tim.o
                0x00000000000085ba                TIM_OC1Init
 .text.TIM_OC2Init
                0x0000000000008756      0x1e2 ./sdk/Peripheral/ch32v30x_tim.o
                0x0000000000008756                TIM_OC2Init
 .text.TIM_OC3Init
                0x0000000000008938      0x1dc ./sdk/Peripheral/ch32v30x_tim.o
                0x0000000000008938                TIM_OC3Init
 .text.TIM_OC4Init
                0x0000000000008b14      0x176 ./sdk/Peripheral/ch32v30x_tim.o
                0x0000000000008b14                TIM_OC4Init
 .text.TIM_TimeBaseStructInit
                0x0000000000008c8a       0x3c ./sdk/Peripheral/ch32v30x_tim.o
                0x0000000000008c8a                TIM_TimeBaseStructInit
 .text.TIM_Cmd  0x0000000000008cc6       0x58 ./sdk/Peripheral/ch32v30x_tim.o
                0x0000000000008cc6                TIM_Cmd
 .text.TIM_CtrlPWMOutputs
                0x0000000000008d1e       0x60 ./sdk/Peripheral/ch32v30x_tim.o
                0x0000000000008d1e                TIM_CtrlPWMOutputs
 .text.TIM_ITRxExternalClockConfig
                0x0000000000008d7e       0x46 ./sdk/Peripheral/ch32v30x_tim.o
                0x0000000000008d7e                TIM_ITRxExternalClockConfig
 .text.TIM_ETRConfig
                0x0000000000008dc4       0x7c ./sdk/Peripheral/ch32v30x_tim.o
                0x0000000000008dc4                TIM_ETRConfig
 .text.TIM_SelectInputTrigger
                0x0000000000008e40       0x4e ./sdk/Peripheral/ch32v30x_tim.o
                0x0000000000008e40                TIM_SelectInputTrigger
 .text.TIM_OC1PreloadConfig
                0x0000000000008e8e       0x4c ./sdk/Peripheral/ch32v30x_tim.o
                0x0000000000008e8e                TIM_OC1PreloadConfig
 .text.TIM_OC2PreloadConfig
                0x0000000000008eda       0x5a ./sdk/Peripheral/ch32v30x_tim.o
                0x0000000000008eda                TIM_OC2PreloadConfig
 .text.TIM_OC3PreloadConfig
                0x0000000000008f34       0x4c ./sdk/Peripheral/ch32v30x_tim.o
                0x0000000000008f34                TIM_OC3PreloadConfig
 .text.TIM_OC4PreloadConfig
                0x0000000000008f80       0x5a ./sdk/Peripheral/ch32v30x_tim.o
                0x0000000000008f80                TIM_OC4PreloadConfig
 .text.TIM_OC1FastConfig
                0x0000000000008fda       0x4c ./sdk/Peripheral/ch32v30x_tim.o
                0x0000000000008fda                TIM_OC1FastConfig
 .text.TIM_OC2FastConfig
                0x0000000000009026       0x56 ./sdk/Peripheral/ch32v30x_tim.o
                0x0000000000009026                TIM_OC2FastConfig
 .text.TIM_OC3FastConfig
                0x000000000000907c       0x4c ./sdk/Peripheral/ch32v30x_tim.o
                0x000000000000907c                TIM_OC3FastConfig
 .text.TIM_OC4FastConfig
                0x00000000000090c8       0x56 ./sdk/Peripheral/ch32v30x_tim.o
                0x00000000000090c8                TIM_OC4FastConfig
 .text.TIM_GetITStatus
                0x000000000000911e       0x70 ./sdk/Peripheral/ch32v30x_tim.o
                0x000000000000911e                TIM_GetITStatus
 .text.TIM_ClearITPendingBit
                0x000000000000918e       0x2e ./sdk/Peripheral/ch32v30x_tim.o
                0x000000000000918e                TIM_ClearITPendingBit
 .text.USART_Init
                0x00000000000091bc      0x234 ./sdk/Peripheral/ch32v30x_usart.o
                0x00000000000091bc                USART_Init
 .text.USART_Cmd
                0x00000000000093f0       0x60 ./sdk/Peripheral/ch32v30x_usart.o
                0x00000000000093f0                USART_Cmd
 .text.USART_ITConfig
                0x0000000000009450       0xc4 ./sdk/Peripheral/ch32v30x_usart.o
                0x0000000000009450                USART_ITConfig
 .text.USART_SendData
                0x0000000000009514       0x2e ./sdk/Peripheral/ch32v30x_usart.o
                0x0000000000009514                USART_SendData
 .text.USART_GetFlagStatus
                0x0000000000009542       0x46 ./sdk/Peripheral/ch32v30x_usart.o
                0x0000000000009542                USART_GetFlagStatus
 .text.USART_GetITStatus
                0x0000000000009588      0x102 ./sdk/Peripheral/ch32v30x_usart.o
                0x0000000000009588                USART_GetITStatus
 .text.USART_ClearITPendingBit
                0x000000000000968a       0x4e ./sdk/Peripheral/ch32v30x_usart.o
                0x000000000000968a                USART_ClearITPendingBit
 .text.DevEP1_IN_Deal
                0x00000000000096d8       0x3e ./sdk/Peripheral/ch32v30x_usbotg_device.o
                0x00000000000096d8                DevEP1_IN_Deal
 .text.DevEP2_IN_Deal
                0x0000000000009716       0x3e ./sdk/Peripheral/ch32v30x_usbotg_device.o
                0x0000000000009716                DevEP2_IN_Deal
 .text.DevEP1_OUT_Deal
                0x0000000000009754       0x66 ./sdk/Peripheral/ch32v30x_usbotg_device.o
                0x0000000000009754                DevEP1_OUT_Deal
 .text.DevEP2_OUT_Deal
                0x00000000000097ba       0x66 ./sdk/Peripheral/ch32v30x_usbotg_device.o
                0x00000000000097ba                DevEP2_OUT_Deal
 .text.OTG_FS_IRQHandler
                0x0000000000009820      0xd16 ./sdk/Peripheral/ch32v30x_usbotg_device.o
                0x0000000000009820                OTG_FS_IRQHandler
 .text.find_mode
                0x000000000000a536      0x110 ./code/function/lib/kernel_smooth.o
                0x000000000000a536                find_mode
 .text.mode_convolve
                0x000000000000a646       0xa6 ./code/function/lib/kernel_smooth.o
                0x000000000000a646                mode_convolve
 .text.angleErr_cal
                0x000000000000a6ec      0x1c2 ./code/function/angleErr.o
                0x000000000000a6ec                angleErr_cal
 .text.image_cpy
                0x000000000000a8ae       0x32 ./code/function/eight.o
                0x000000000000a8ae                image_cpy
 .text.detectStartPoint
                0x000000000000a8e0      0x1d2 ./code/function/eight.o
                0x000000000000a8e0                detectStartPoint
 .text.isIN_map
                0x000000000000aab2       0x3c ./code/function/eight.o
                0x000000000000aab2                isIN_map
 .text.isRepeat
                0x000000000000aaee       0x4c ./code/function/eight.o
                0x000000000000aaee                isRepeat
 .text.eIGHT_neighbor
                0x000000000000ab3a      0x5ba ./code/function/eight.o
                0x000000000000ab3a                eIGHT_neighbor
 .text.kernel_smooth
                0x000000000000b0f4      0x164 ./code/function/eight.o
                0x000000000000b0f4                kernel_smooth
 .text.get_left
                0x000000000000b258       0xf4 ./code/function/eight.o
                0x000000000000b258                get_left
 .text.get_right
                0x000000000000b34c       0xf6 ./code/function/eight.o
                0x000000000000b34c                get_right
 .text.cross_state_Denoising
                0x000000000000b442       0xb6 ./code/function/eight.o
                0x000000000000b442                cross_state_Denoising
 .text.cross_fill
                0x000000000000b4f8      0x1ee ./code/function/eight.o
                0x000000000000b4f8                cross_fill
 .text.is_cross_line
                0x000000000000b6e6       0xae ./code/function/eight.o
                0x000000000000b6e6                is_cross_line
 .text.exclude_remote_miss
                0x000000000000b794       0xb4 ./code/function/eight.o
                0x000000000000b794                exclude_remote_miss
 .text.get_mid  0x000000000000b848      0x2e2 ./code/function/eight.o
                0x000000000000b848                get_mid
 .text.detect_end
                0x000000000000bb2a      0x11c ./code/function/eight.o
                0x000000000000bb2a                detect_end
 .text.image_process
                0x000000000000bc46      0x194 ./code/function/eight.o
                0x000000000000bc46                image_process
 .text.draw_output_image
                0x000000000000bdda      0x2ec ./code/function/eight.o
                0x000000000000bdda                draw_output_image
 .text.deter_roadState
                0x000000000000c0c6      0x17c ./code/function/eight.o
                0x000000000000c0c6                deter_roadState
 .text.eight_init
                0x000000000000c242      0x10c ./code/function/eight.o
                0x000000000000c242                eight_init
 .text.eight_all_in_one
                0x000000000000c34e       0x66 ./code/function/eight.o
                0x000000000000c34e                eight_all_in_one
 .text.fab      0x000000000000c3b4       0x32 ./code/CPP/turn_pd.o
                0x000000000000c3b4                fab
 .text.limitation
                0x000000000000c3e6       0x32 ./code/CPP/turn_pd.o
                0x000000000000c3e6                limitation
 .text.turn_out
                0x000000000000c418      0x138 ./code/CPP/turn_pd.o
                0x000000000000c418                turn_out
 .text.PIDL_init
                0x000000000000c550       0x64 ./code/CPP/volicity_pid.o
                0x000000000000c550                PIDL_init
 .text.PIDR_init
                0x000000000000c5b4       0x64 ./code/CPP/volicity_pid.o
                0x000000000000c5b4                PIDR_init
 .text.volicity_Lget
                0x000000000000c618       0x86 ./code/CPP/volicity_pid.o
                0x000000000000c618                volicity_Lget
 .text.volicity_Rget
                0x000000000000c69e       0x86 ./code/CPP/volicity_pid.o
                0x000000000000c69e                volicity_Rget
 .text.beep_init
                0x000000000000c724       0x20 ./code/BSP/beep.o
                0x000000000000c724                beep_init
 .text.beep_MakeSound
                0x000000000000c744       0x4e ./code/BSP/beep.o
                0x000000000000c744                beep_MakeSound
 .text.encoder_init
                0x000000000000c792       0x32 ./code/BSP/encoder.o
                0x000000000000c792                encoder_init
 .text.encoder_get
                0x000000000000c7c4       0x50 ./code/BSP/encoder.o
                0x000000000000c7c4                encoder_get
 .text._limit_AG
                0x000000000000c814       0x48 ./code/BSP/steer.o
                0x000000000000c814                _limit_AG
 .text.steer_init
                0x000000000000c85c       0x2e ./code/BSP/steer.o
                0x000000000000c85c                steer_init
 .text.steer_SetAngle
                0x000000000000c88a       0xa6 ./code/BSP/steer.o
                0x000000000000c88a                steer_SetAngle
 .text.wheel_init
                0x000000000000c930       0x5a ./code/BSP/wheel.o
                0x000000000000c930                wheel_init
 .text.wheel_pwm_out
                0x000000000000c98a       0x56 ./code/BSP/wheel.o
 .text.wheel_ctrl
                0x000000000000c9e0       0x40 ./code/BSP/wheel.o
                0x000000000000c9e0                wheel_ctrl
 .text.UI_Init  0x000000000000ca20       0x36 ./code/APP/UI.o
                0x000000000000ca20                UI_Init
 .text.UI_Update
                0x000000000000ca56       0x52 ./code/APP/UI.o
                0x000000000000ca56                UI_Update
 .text.UI_cursor_render
                0x000000000000caa8       0x4a ./code/APP/UI.o
                0x000000000000caa8                UI_cursor_render
 .text.UI_cursor_active
                0x000000000000caf2       0xf8 ./code/APP/UI.o
                0x000000000000caf2                UI_cursor_active
 .text.UI_Home  0x000000000000cbea       0x54 ./code/APP/UI.o
                0x000000000000cbea                UI_Home
 .text.UI_QucikRun
                0x000000000000cc3e       0x98 ./code/APP/UI.o
                0x000000000000cc3e                UI_QucikRun
 .text.UI_INFO  0x000000000000ccd6      0x10a ./code/APP/UI.o
                0x000000000000ccd6                UI_INFO
 .text.UI_CameraONLY
                0x000000000000cde0       0xd6 ./code/APP/UI.o
                0x000000000000cde0                UI_CameraONLY
 .text.inte_control_init
                0x000000000000ceb6       0x18 ./code/APP/integration_control.o
                0x000000000000ceb6                inte_control_init
 .text.inte_control
                0x000000000000cece       0x36 ./code/APP/integration_control.o
                0x000000000000cece                inte_control
 .text.ctrl_QUICKRUN
                0x000000000000cf04      0x124 ./code/APP/integration_control.o
                0x000000000000cf04                ctrl_QUICKRUN
 .text.ctrl_INFO
                0x000000000000d028       0xba ./code/APP/integration_control.o
                0x000000000000d028                ctrl_INFO
 .text.ctrl_CAMERAONLY
                0x000000000000d0e2       0x28 ./code/APP/integration_control.o
                0x000000000000d0e2                ctrl_CAMERAONLY
 .text.KEY_Init
                0x000000000000d10a       0x6c ./code/APP/key.o
                0x000000000000d10a                KEY_Init
 .text.KEY_Scan
                0x000000000000d176       0xca ./code/APP/key.o
                0x000000000000d176                KEY_Scan
 .text.key_control
                0x000000000000d240      0x16a ./code/APP/key.o
                0x000000000000d240                key_control
 .text.JumpInit
                0x000000000000d3aa       0xba ./code/cam_preprocess.o
                0x000000000000d3aa                JumpInit
 .text.ImageCompression
                0x000000000000d464       0xaa ./code/cam_preprocess.o
                0x000000000000d464                ImageCompression
 .text.Automatic_Threshold
                0x000000000000d50e      0x208 ./code/cam_preprocess.o
                0x000000000000d50e                Automatic_Threshold
 .text.GetBinarizedImage
                0x000000000000d716       0xc0 ./code/cam_preprocess.o
                0x000000000000d716                GetBinarizedImage
 .text.FillRunVectors
                0x000000000000d7d6      0x2ba ./code/cam_preprocess.o
 .text.LabeledConDomain
                0x000000000000da90      0x32c ./code/cam_preprocess.o
 .text.addEquival_next
                0x000000000000ddbc      0x146 ./code/cam_preprocess.o
 .text.addEquival_prev
                0x000000000000df02       0xec ./code/cam_preprocess.o
 .text.Connected_Domain
                0x000000000000dfee      0x188 ./code/cam_preprocess.o
                0x000000000000dfee                Connected_Domain
 .text.CDM_Segment
                0x000000000000e176       0xc4 ./code/cam_preprocess.o
                0x000000000000e176                CDM_Segment
 .text.ImgPreprocess
                0x000000000000e23a       0x82 ./code/cam_preprocess.o
                0x000000000000e23a                ImgPreprocess
 .text.mt9v03x_write_word_sccb
                0x000000000000e2bc       0x34 C:\Users\Zh319\Desktop\新建文件夹\visionCar-eight_Dev(1)\visionCar-eight_Dev(1)\visionCar-eight_Dev\visionCar-eight_Dev(1)\visionCar-eight_Dev\libraries\zf_device\libzf_device_config.a(zf_device_config.o)
 .text.mt9v03x_set_config_sccb
                0x000000000000e2f0      0x602 C:\Users\Zh319\Desktop\新建文件夹\visionCar-eight_Dev(1)\visionCar-eight_Dev(1)\visionCar-eight_Dev\visionCar-eight_Dev(1)\visionCar-eight_Dev\libraries\zf_device\libzf_device_config.a(zf_device_config.o)
                0x000000000000e2f0                mt9v03x_set_config_sccb
 .text.__adddf3
                0x000000000000e8f2      0xa0e c:/mounriver/mounriver_studio/toolchain/risc-v embedded gcc/bin/../lib/gcc/riscv-none-embed/8.2.0/rv32imafc/ilp32f\libgcc.a(adddf3.o)
                0x000000000000e8f2                __adddf3
 .text.__divdf3
                0x000000000000f300      0x7ea c:/mounriver/mounriver_studio/toolchain/risc-v embedded gcc/bin/../lib/gcc/riscv-none-embed/8.2.0/rv32imafc/ilp32f\libgcc.a(divdf3.o)
                0x000000000000f300                __divdf3
 .text.__eqdf2  0x000000000000faea       0x98 c:/mounriver/mounriver_studio/toolchain/risc-v embedded gcc/bin/../lib/gcc/riscv-none-embed/8.2.0/rv32imafc/ilp32f\libgcc.a(eqdf2.o)
                0x000000000000faea                __nedf2
                0x000000000000faea                __eqdf2
 .text.__gedf2  0x000000000000fb82       0xb6 c:/mounriver/mounriver_studio/toolchain/risc-v embedded gcc/bin/../lib/gcc/riscv-none-embed/8.2.0/rv32imafc/ilp32f\libgcc.a(gedf2.o)
                0x000000000000fb82                __gedf2
                0x000000000000fb82                __gtdf2
 .text.__ledf2  0x000000000000fc38       0xb6 c:/mounriver/mounriver_studio/toolchain/risc-v embedded gcc/bin/../lib/gcc/riscv-none-embed/8.2.0/rv32imafc/ilp32f\libgcc.a(ledf2.o)
                0x000000000000fc38                __ledf2
                0x000000000000fc38                __ltdf2
 .text.__muldf3
                0x000000000000fcee      0x656 c:/mounriver/mounriver_studio/toolchain/risc-v embedded gcc/bin/../lib/gcc/riscv-none-embed/8.2.0/rv32imafc/ilp32f\libgcc.a(muldf3.o)
                0x000000000000fcee                __muldf3
 .text.__subdf3
                0x0000000000010344      0xa8c c:/mounriver/mounriver_studio/toolchain/risc-v embedded gcc/bin/../lib/gcc/riscv-none-embed/8.2.0/rv32imafc/ilp32f\libgcc.a(subdf3.o)
                0x0000000000010344                __subdf3
 .text.__unorddf2
                0x0000000000010dd0       0x7c c:/mounriver/mounriver_studio/toolchain/risc-v embedded gcc/bin/../lib/gcc/riscv-none-embed/8.2.0/rv32imafc/ilp32f\libgcc.a(unorddf2.o)
                0x0000000000010dd0                __unorddf2
 .text.__fixdfsi
                0x0000000000010e4c       0xd8 c:/mounriver/mounriver_studio/toolchain/risc-v embedded gcc/bin/../lib/gcc/riscv-none-embed/8.2.0/rv32imafc/ilp32f\libgcc.a(fixdfsi.o)
                0x0000000000010e4c                __fixdfsi
 .text.__fixunsdfsi
                0x0000000000010f24       0x9e c:/mounriver/mounriver_studio/toolchain/risc-v embedded gcc/bin/../lib/gcc/riscv-none-embed/8.2.0/rv32imafc/ilp32f\libgcc.a(fixunsdfsi.o)
                0x0000000000010f24                __fixunsdfsi
 .text.__floatsidf
                0x0000000000010fc2       0x70 c:/mounriver/mounriver_studio/toolchain/risc-v embedded gcc/bin/../lib/gcc/riscv-none-embed/8.2.0/rv32imafc/ilp32f\libgcc.a(floatsidf.o)
                0x0000000000010fc2                __floatsidf
 .text.__floatunsidf
                0x0000000000011032       0x66 c:/mounriver/mounriver_studio/toolchain/risc-v embedded gcc/bin/../lib/gcc/riscv-none-embed/8.2.0/rv32imafc/ilp32f\libgcc.a(floatunsidf.o)
                0x0000000000011032                __floatunsidf
 .text.__extendsfdf2
                0x0000000000011098       0xe8 c:/mounriver/mounriver_studio/toolchain/risc-v embedded gcc/bin/../lib/gcc/riscv-none-embed/8.2.0/rv32imafc/ilp32f\libgcc.a(extendsfdf2.o)
                0x0000000000011098                __extendsfdf2
 .text.__truncdfsf2
                0x0000000000011180      0x31e c:/mounriver/mounriver_studio/toolchain/risc-v embedded gcc/bin/../lib/gcc/riscv-none-embed/8.2.0/rv32imafc/ilp32f\libgcc.a(truncdfsf2.o)
                0x0000000000011180                __truncdfsf2
 .text.__clzsi2
                0x000000000001149e       0x76 c:/mounriver/mounriver_studio/toolchain/risc-v embedded gcc/bin/../lib/gcc/riscv-none-embed/8.2.0/rv32imafc/ilp32f\libgcc.a(_clzsi2.o)
                0x000000000001149e                __clzsi2
 .text.memcpy   0x0000000000011514       0xb6 c:/mounriver/mounriver_studio/toolchain/risc-v embedded gcc/bin/../lib/gcc/riscv-none-embed/8.2.0/../../../../riscv-none-embed/lib/rv32imafc/ilp32f\libg_nano.a(lib_a-memcpy.o)
                0x0000000000011514                memcpy
 .text.__cvt    0x00000000000115ca       0xee c:/mounriver/mounriver_studio/toolchain/risc-v embedded gcc/bin/../lib/gcc/riscv-none-embed/8.2.0/../../../../riscv-none-embed/lib/rv32imafc/ilp32f\libg_nano.a(lib_a-nano-vfprintf_float.o)
                0x00000000000115ca                __cvt
 .text.__exponent
                0x00000000000116b8       0x8c c:/mounriver/mounriver_studio/toolchain/risc-v embedded gcc/bin/../lib/gcc/riscv-none-embed/8.2.0/../../../../riscv-none-embed/lib/rv32imafc/ilp32f\libg_nano.a(lib_a-nano-vfprintf_float.o)
                0x00000000000116b8                __exponent
 .text._printf_float
                0x0000000000011744      0x4c4 c:/mounriver/mounriver_studio/toolchain/risc-v embedded gcc/bin/../lib/gcc/riscv-none-embed/8.2.0/../../../../riscv-none-embed/lib/rv32imafc/ilp32f\libg_nano.a(lib_a-nano-vfprintf_float.o)
                0x0000000000011744                _printf_float
 .text._printf_common
                0x0000000000011c08      0x10c c:/mounriver/mounriver_studio/toolchain/risc-v embedded gcc/bin/../lib/gcc/riscv-none-embed/8.2.0/../../../../riscv-none-embed/lib/rv32imafc/ilp32f\libg_nano.a(lib_a-nano-vfprintf_i.o)
                0x0000000000011c08                _printf_common
 .text._printf_i
                0x0000000000011d14      0x2ac c:/mounriver/mounriver_studio/toolchain/risc-v embedded gcc/bin/../lib/gcc/riscv-none-embed/8.2.0/../../../../riscv-none-embed/lib/rv32imafc/ilp32f\libg_nano.a(lib_a-nano-vfprintf_i.o)
                0x0000000000011d14                _printf_i
 .text.printf   0x0000000000011fc0       0x42 c:/mounriver/mounriver_studio/toolchain/risc-v embedded gcc/bin/../lib/gcc/riscv-none-embed/8.2.0/../../../../riscv-none-embed/lib/rv32imafc/ilp32f\libg_nano.a(lib_a-printf.o)
                0x0000000000011fc0                iprintf
                0x0000000000011fc0                printf
 .text.sprintf  0x0000000000012002       0x46 c:/mounriver/mounriver_studio/toolchain/risc-v embedded gcc/bin/../lib/gcc/riscv-none-embed/8.2.0/../../../../riscv-none-embed/lib/rv32imafc/ilp32f\libg_nano.a(lib_a-sprintf.o)
                0x0000000000012002                siprintf
                0x0000000000012002                sprintf
 .text.strlen   0x0000000000012048       0x12 c:/mounriver/mounriver_studio/toolchain/risc-v embedded gcc/bin/../lib/gcc/riscv-none-embed/8.2.0/../../../../riscv-none-embed/lib/rv32imafc/ilp32f\libg_nano.a(lib_a-strlen.o)
                0x0000000000012048                strlen
 .text.strncmp  0x000000000001205a       0x2c c:/mounriver/mounriver_studio/toolchain/risc-v embedded gcc/bin/../lib/gcc/riscv-none-embed/8.2.0/../../../../riscv-none-embed/lib/rv32imafc/ilp32f\libg_nano.a(lib_a-strncmp.o)
                0x000000000001205a                strncmp
 .text.quorem   0x0000000000012086      0x13a c:/mounriver/mounriver_studio/toolchain/risc-v embedded gcc/bin/../lib/gcc/riscv-none-embed/8.2.0/../../../../riscv-none-embed/lib/rv32imafc/ilp32f\libg_nano.a(lib_a-dtoa.o)
 .text._dtoa_r  0x00000000000121c0      0xbea c:/mounriver/mounriver_studio/toolchain/risc-v embedded gcc/bin/../lib/gcc/riscv-none-embed/8.2.0/../../../../riscv-none-embed/lib/rv32imafc/ilp32f\libg_nano.a(lib_a-dtoa.o)
                0x00000000000121c0                _dtoa_r
 .text.std      0x0000000000012daa       0x6a c:/mounriver/mounriver_studio/toolchain/risc-v embedded gcc/bin/../lib/gcc/riscv-none-embed/8.2.0/../../../../riscv-none-embed/lib/rv32imafc/ilp32f\libg_nano.a(lib_a-findfp.o)
 .text._cleanup_r
                0x0000000000012e14        0xa c:/mounriver/mounriver_studio/toolchain/risc-v embedded gcc/bin/../lib/gcc/riscv-none-embed/8.2.0/../../../../riscv-none-embed/lib/rv32imafc/ilp32f\libg_nano.a(lib_a-findfp.o)
                0x0000000000012e14                _cleanup_r
 .text.__sfmoreglue
                0x0000000000012e1e       0x48 c:/mounriver/mounriver_studio/toolchain/risc-v embedded gcc/bin/../lib/gcc/riscv-none-embed/8.2.0/../../../../riscv-none-embed/lib/rv32imafc/ilp32f\libg_nano.a(lib_a-findfp.o)
                0x0000000000012e1e                __sfmoreglue
 .text.__sinit  0x0000000000012e66       0x6c c:/mounriver/mounriver_studio/toolchain/risc-v embedded gcc/bin/../lib/gcc/riscv-none-embed/8.2.0/../../../../riscv-none-embed/lib/rv32imafc/ilp32f\libg_nano.a(lib_a-findfp.o)
                0x0000000000012e66                __sinit
 .text.__sfp    0x0000000000012ed2       0xa0 c:/mounriver/mounriver_studio/toolchain/risc-v embedded gcc/bin/../lib/gcc/riscv-none-embed/8.2.0/../../../../riscv-none-embed/lib/rv32imafc/ilp32f\libg_nano.a(lib_a-findfp.o)
                0x0000000000012ed2                __sfp
 .text._fwalk_reent
                0x0000000000012f72       0x6c c:/mounriver/mounriver_studio/toolchain/risc-v embedded gcc/bin/../lib/gcc/riscv-none-embed/8.2.0/../../../../riscv-none-embed/lib/rv32imafc/ilp32f\libg_nano.a(lib_a-fwalk.o)
                0x0000000000012f72                _fwalk_reent
 .text._localeconv_r
                0x0000000000012fde       0x18 c:/mounriver/mounriver_studio/toolchain/risc-v embedded gcc/bin/../lib/gcc/riscv-none-embed/8.2.0/../../../../riscv-none-embed/lib/rv32imafc/ilp32f\libg_nano.a(lib_a-localeconv.o)
                0x0000000000012fde                _localeconv_r
 .text.malloc   0x0000000000012ff6        0xc c:/mounriver/mounriver_studio/toolchain/risc-v embedded gcc/bin/../lib/gcc/riscv-none-embed/8.2.0/../../../../riscv-none-embed/lib/rv32imafc/ilp32f\libg_nano.a(lib_a-malloc.o)
                0x0000000000012ff6                malloc
 .text.memchr   0x0000000000013002       0x1a c:/mounriver/mounriver_studio/toolchain/risc-v embedded gcc/bin/../lib/gcc/riscv-none-embed/8.2.0/../../../../riscv-none-embed/lib/rv32imafc/ilp32f\libg_nano.a(lib_a-memchr.o)
                0x0000000000013002                memchr
 .text._Balloc  0x000000000001301c       0x88 c:/mounriver/mounriver_studio/toolchain/risc-v embedded gcc/bin/../lib/gcc/riscv-none-embed/8.2.0/../../../../riscv-none-embed/lib/rv32imafc/ilp32f\libg_nano.a(lib_a-mprec.o)
                0x000000000001301c                _Balloc
 .text._Bfree   0x00000000000130a4       0x44 c:/mounriver/mounriver_studio/toolchain/risc-v embedded gcc/bin/../lib/gcc/riscv-none-embed/8.2.0/../../../../riscv-none-embed/lib/rv32imafc/ilp32f\libg_nano.a(lib_a-mprec.o)
                0x00000000000130a4                _Bfree
 .text.__multadd
                0x00000000000130e8       0x98 c:/mounriver/mounriver_studio/toolchain/risc-v embedded gcc/bin/../lib/gcc/riscv-none-embed/8.2.0/../../../../riscv-none-embed/lib/rv32imafc/ilp32f\libg_nano.a(lib_a-mprec.o)
                0x00000000000130e8                __multadd
 .text.__hi0bits
                0x0000000000013180       0x46 c:/mounriver/mounriver_studio/toolchain/risc-v embedded gcc/bin/../lib/gcc/riscv-none-embed/8.2.0/../../../../riscv-none-embed/lib/rv32imafc/ilp32f\libg_nano.a(lib_a-mprec.o)
                0x0000000000013180                __hi0bits
 .text.__lo0bits
                0x00000000000131c6       0x6a c:/mounriver/mounriver_studio/toolchain/risc-v embedded gcc/bin/../lib/gcc/riscv-none-embed/8.2.0/../../../../riscv-none-embed/lib/rv32imafc/ilp32f\libg_nano.a(lib_a-mprec.o)
                0x00000000000131c6                __lo0bits
 .text.__i2b    0x0000000000013230       0x1c c:/mounriver/mounriver_studio/toolchain/risc-v embedded gcc/bin/../lib/gcc/riscv-none-embed/8.2.0/../../../../riscv-none-embed/lib/rv32imafc/ilp32f\libg_nano.a(lib_a-mprec.o)
                0x0000000000013230                __i2b
 .text.__multiply
                0x000000000001324c      0x144 c:/mounriver/mounriver_studio/toolchain/risc-v embedded gcc/bin/../lib/gcc/riscv-none-embed/8.2.0/../../../../riscv-none-embed/lib/rv32imafc/ilp32f\libg_nano.a(lib_a-mprec.o)
                0x000000000001324c                __multiply
 .text.__pow5mult
                0x0000000000013390       0xbe c:/mounriver/mounriver_studio/toolchain/risc-v embedded gcc/bin/../lib/gcc/riscv-none-embed/8.2.0/../../../../riscv-none-embed/lib/rv32imafc/ilp32f\libg_nano.a(lib_a-mprec.o)
                0x0000000000013390                __pow5mult
 .text.__lshift
                0x000000000001344e       0xce c:/mounriver/mounriver_studio/toolchain/risc-v embedded gcc/bin/../lib/gcc/riscv-none-embed/8.2.0/../../../../riscv-none-embed/lib/rv32imafc/ilp32f\libg_nano.a(lib_a-mprec.o)
                0x000000000001344e                __lshift
 .text.__mcmp   0x000000000001351c       0x32 c:/mounriver/mounriver_studio/toolchain/risc-v embedded gcc/bin/../lib/gcc/riscv-none-embed/8.2.0/../../../../riscv-none-embed/lib/rv32imafc/ilp32f\libg_nano.a(lib_a-mprec.o)
                0x000000000001351c                __mcmp
 .text.__mdiff  0x000000000001354e       0xf2 c:/mounriver/mounriver_studio/toolchain/risc-v embedded gcc/bin/../lib/gcc/riscv-none-embed/8.2.0/../../../../riscv-none-embed/lib/rv32imafc/ilp32f\libg_nano.a(lib_a-mprec.o)
                0x000000000001354e                __mdiff
 .text.__d2b    0x0000000000013640       0xd4 c:/mounriver/mounriver_studio/toolchain/risc-v embedded gcc/bin/../lib/gcc/riscv-none-embed/8.2.0/../../../../riscv-none-embed/lib/rv32imafc/ilp32f\libg_nano.a(lib_a-mprec.o)
                0x0000000000013640                __d2b
 .text._calloc_r
                0x0000000000013714       0x26 c:/mounriver/mounriver_studio/toolchain/risc-v embedded gcc/bin/../lib/gcc/riscv-none-embed/8.2.0/../../../../riscv-none-embed/lib/rv32imafc/ilp32f\libg_nano.a(lib_a-nano-callocr.o)
                0x0000000000013714                _calloc_r
 .text._free_r  0x000000000001373a       0xa8 c:/mounriver/mounriver_studio/toolchain/risc-v embedded gcc/bin/../lib/gcc/riscv-none-embed/8.2.0/../../../../riscv-none-embed/lib/rv32imafc/ilp32f\libg_nano.a(lib_a-nano-freer.o)
                0x000000000001373a                _free_r
 .text._malloc_r
                0x00000000000137e2       0xd4 c:/mounriver/mounriver_studio/toolchain/risc-v embedded gcc/bin/../lib/gcc/riscv-none-embed/8.2.0/../../../../riscv-none-embed/lib/rv32imafc/ilp32f\libg_nano.a(lib_a-nano-mallocr.o)
                0x00000000000137e2                _malloc_r
 .text.__ssputs_r
                0x00000000000138b6       0xee c:/mounriver/mounriver_studio/toolchain/risc-v embedded gcc/bin/../lib/gcc/riscv-none-embed/8.2.0/../../../../riscv-none-embed/lib/rv32imafc/ilp32f\libg_nano.a(lib_a-nano-svfprintf.o)
                0x00000000000138b6                __ssputs_r
 .text._svfprintf_r
                0x00000000000139a4      0x27e c:/mounriver/mounriver_studio/toolchain/risc-v embedded gcc/bin/../lib/gcc/riscv-none-embed/8.2.0/../../../../riscv-none-embed/lib/rv32imafc/ilp32f\libg_nano.a(lib_a-nano-svfprintf.o)
                0x00000000000139a4                _svfiprintf_r
                0x00000000000139a4                _svfprintf_r
 .text.__sfputc_r
                0x0000000000013c22       0x28 c:/mounriver/mounriver_studio/toolchain/risc-v embedded gcc/bin/../lib/gcc/riscv-none-embed/8.2.0/../../../../riscv-none-embed/lib/rv32imafc/ilp32f\libg_nano.a(lib_a-nano-vfprintf.o)
 .text.__sfputs_r
                0x0000000000013c4a       0x44 c:/mounriver/mounriver_studio/toolchain/risc-v embedded gcc/bin/../lib/gcc/riscv-none-embed/8.2.0/../../../../riscv-none-embed/lib/rv32imafc/ilp32f\libg_nano.a(lib_a-nano-vfprintf.o)
                0x0000000000013c4a                __sfputs_r
 .text._vfprintf_r
                0x0000000000013c8e      0x29e c:/mounriver/mounriver_studio/toolchain/risc-v embedded gcc/bin/../lib/gcc/riscv-none-embed/8.2.0/../../../../riscv-none-embed/lib/rv32imafc/ilp32f\libg_nano.a(lib_a-nano-vfprintf.o)
                0x0000000000013c8e                _vfprintf_r
                0x0000000000013c8e                _vfiprintf_r
 .text._sbrk_r  0x0000000000013f2c       0x32 c:/mounriver/mounriver_studio/toolchain/risc-v embedded gcc/bin/../lib/gcc/riscv-none-embed/8.2.0/../../../../riscv-none-embed/lib/rv32imafc/ilp32f\libg_nano.a(lib_a-sbrkr.o)
                0x0000000000013f2c                _sbrk_r
 .text.__sread  0x0000000000013f5e       0x30 c:/mounriver/mounriver_studio/toolchain/risc-v embedded gcc/bin/../lib/gcc/riscv-none-embed/8.2.0/../../../../riscv-none-embed/lib/rv32imafc/ilp32f\libg_nano.a(lib_a-stdio.o)
                0x0000000000013f5e                __sread
 .text.__swrite
                0x0000000000013f8e       0x4e c:/mounriver/mounriver_studio/toolchain/risc-v embedded gcc/bin/../lib/gcc/riscv-none-embed/8.2.0/../../../../riscv-none-embed/lib/rv32imafc/ilp32f\libg_nano.a(lib_a-stdio.o)
                0x0000000000013f8e                __swrite
 .text.__sseek  0x0000000000013fdc       0x36 c:/mounriver/mounriver_studio/toolchain/risc-v embedded gcc/bin/../lib/gcc/riscv-none-embed/8.2.0/../../../../riscv-none-embed/lib/rv32imafc/ilp32f\libg_nano.a(lib_a-stdio.o)
                0x0000000000013fdc                __sseek
 .text.__sclose
                0x0000000000014012        0x6 c:/mounriver/mounriver_studio/toolchain/risc-v embedded gcc/bin/../lib/gcc/riscv-none-embed/8.2.0/../../../../riscv-none-embed/lib/rv32imafc/ilp32f\libg_nano.a(lib_a-stdio.o)
                0x0000000000014012                __sclose
 .text.__swbuf_r
                0x0000000000014018       0xc2 c:/mounriver/mounriver_studio/toolchain/risc-v embedded gcc/bin/../lib/gcc/riscv-none-embed/8.2.0/../../../../riscv-none-embed/lib/rv32imafc/ilp32f\libg_nano.a(lib_a-wbuf.o)
                0x0000000000014018                __swbuf_r
 .text._write_r
                0x00000000000140da       0x36 c:/mounriver/mounriver_studio/toolchain/risc-v embedded gcc/bin/../lib/gcc/riscv-none-embed/8.2.0/../../../../riscv-none-embed/lib/rv32imafc/ilp32f\libg_nano.a(lib_a-writer.o)
                0x00000000000140da                _write_r
 .text.__swsetup_r
                0x0000000000014110      0x110 c:/mounriver/mounriver_studio/toolchain/risc-v embedded gcc/bin/../lib/gcc/riscv-none-embed/8.2.0/../../../../riscv-none-embed/lib/rv32imafc/ilp32f\libg_nano.a(lib_a-wsetup.o)
                0x0000000000014110                __swsetup_r
 .text._close_r
                0x0000000000014220       0x32 c:/mounriver/mounriver_studio/toolchain/risc-v embedded gcc/bin/../lib/gcc/riscv-none-embed/8.2.0/../../../../riscv-none-embed/lib/rv32imafc/ilp32f\libg_nano.a(lib_a-closer.o)
                0x0000000000014220                _close_r
 .text.__sflush_r
                0x0000000000014252      0x13e c:/mounriver/mounriver_studio/toolchain/risc-v embedded gcc/bin/../lib/gcc/riscv-none-embed/8.2.0/../../../../riscv-none-embed/lib/rv32imafc/ilp32f\libg_nano.a(lib_a-fflush.o)
                0x0000000000014252                __sflush_r
 .text._fflush_r
                0x0000000000014390       0x68 c:/mounriver/mounriver_studio/toolchain/risc-v embedded gcc/bin/../lib/gcc/riscv-none-embed/8.2.0/../../../../riscv-none-embed/lib/rv32imafc/ilp32f\libg_nano.a(lib_a-fflush.o)
                0x0000000000014390                _fflush_r
 .text._lseek_r
                0x00000000000143f8       0x34 c:/mounriver/mounriver_studio/toolchain/risc-v embedded gcc/bin/../lib/gcc/riscv-none-embed/8.2.0/../../../../riscv-none-embed/lib/rv32imafc/ilp32f\libg_nano.a(lib_a-lseekr.o)
                0x00000000000143f8                _lseek_r
 .text.__swhatbuf_r
                0x000000000001442c       0x58 c:/mounriver/mounriver_studio/toolchain/risc-v embedded gcc/bin/../lib/gcc/riscv-none-embed/8.2.0/../../../../riscv-none-embed/lib/rv32imafc/ilp32f\libg_nano.a(lib_a-makebuf.o)
                0x000000000001442c                __swhatbuf_r
 .text.__smakebuf_r
                0x0000000000014484       0xa0 c:/mounriver/mounriver_studio/toolchain/risc-v embedded gcc/bin/../lib/gcc/riscv-none-embed/8.2.0/../../../../riscv-none-embed/lib/rv32imafc/ilp32f\libg_nano.a(lib_a-makebuf.o)
                0x0000000000014484                __smakebuf_r
 .text.__ascii_mbtowc
                0x0000000000014524       0x3a c:/mounriver/mounriver_studio/toolchain/risc-v embedded gcc/bin/../lib/gcc/riscv-none-embed/8.2.0/../../../../riscv-none-embed/lib/rv32imafc/ilp32f\libg_nano.a(lib_a-mbtowc_r.o)
                0x0000000000014524                __ascii_mbtowc
 .text.memmove  0x000000000001455e       0x4a c:/mounriver/mounriver_studio/toolchain/risc-v embedded gcc/bin/../lib/gcc/riscv-none-embed/8.2.0/../../../../riscv-none-embed/lib/rv32imafc/ilp32f\libg_nano.a(lib_a-memmove.o)
                0x000000000001455e                memmove
 .text.__malloc_lock
                0x00000000000145a8        0x2 c:/mounriver/mounriver_studio/toolchain/risc-v embedded gcc/bin/../lib/gcc/riscv-none-embed/8.2.0/../../../../riscv-none-embed/lib/rv32imafc/ilp32f\libg_nano.a(lib_a-mlock.o)
                0x00000000000145a8                __malloc_lock
 .text.__malloc_unlock
                0x00000000000145aa        0x2 c:/mounriver/mounriver_studio/toolchain/risc-v embedded gcc/bin/../lib/gcc/riscv-none-embed/8.2.0/../../../../riscv-none-embed/lib/rv32imafc/ilp32f\libg_nano.a(lib_a-mlock.o)
                0x00000000000145aa                __malloc_unlock
 .text._realloc_r
                0x00000000000145ac       0x58 c:/mounriver/mounriver_studio/toolchain/risc-v embedded gcc/bin/../lib/gcc/riscv-none-embed/8.2.0/../../../../riscv-none-embed/lib/rv32imafc/ilp32f\libg_nano.a(lib_a-nano-reallocr.o)
                0x00000000000145ac                _realloc_r
 .text._read_r  0x0000000000014604       0x34 c:/mounriver/mounriver_studio/toolchain/risc-v embedded gcc/bin/../lib/gcc/riscv-none-embed/8.2.0/../../../../riscv-none-embed/lib/rv32imafc/ilp32f\libg_nano.a(lib_a-readr.o)
                0x0000000000014604                _read_r
 .text.__ascii_wctomb
                0x0000000000014638       0x20 c:/mounriver/mounriver_studio/toolchain/risc-v embedded gcc/bin/../lib/gcc/riscv-none-embed/8.2.0/../../../../riscv-none-embed/lib/rv32imafc/ilp32f\libg_nano.a(lib_a-wctomb_r.o)
                0x0000000000014638                __ascii_wctomb
 .text._fstat_r
                0x0000000000014658       0x32 c:/mounriver/mounriver_studio/toolchain/risc-v embedded gcc/bin/../lib/gcc/riscv-none-embed/8.2.0/../../../../riscv-none-embed/lib/rv32imafc/ilp32f\libg_nano.a(lib_a-fstatr.o)
                0x0000000000014658                _fstat_r
 .text._isatty_r
                0x000000000001468a       0x30 c:/mounriver/mounriver_studio/toolchain/risc-v embedded gcc/bin/../lib/gcc/riscv-none-embed/8.2.0/../../../../riscv-none-embed/lib/rv32imafc/ilp32f\libg_nano.a(lib_a-isattyr.o)
                0x000000000001468a                _isatty_r
 .text._malloc_usable_size_r
                0x00000000000146ba       0x14 c:/mounriver/mounriver_studio/toolchain/risc-v embedded gcc/bin/../lib/gcc/riscv-none-embed/8.2.0/../../../../riscv-none-embed/lib/rv32imafc/ilp32f\libg_nano.a(lib_a-nano-msizer.o)
                0x00000000000146ba                _malloc_usable_size_r
 .text.__trunctfdf2
                0x00000000000146ce      0x3d0 c:/mounriver/mounriver_studio/toolchain/risc-v embedded gcc/bin/../lib/gcc/riscv-none-embed/8.2.0/rv32imafc/ilp32f\libgcc.a(trunctfdf2.o)
                0x00000000000146ce                __trunctfdf2
 .text._close   0x0000000000014a9e       0x10 c:/mounriver/mounriver_studio/toolchain/risc-v embedded gcc/bin/../lib/gcc/riscv-none-embed/8.2.0/../../../../riscv-none-embed/lib/rv32imafc/ilp32f\libnosys.a(close.o)
                0x0000000000014a9e                _close
 .text._fstat   0x0000000000014aae       0x10 c:/mounriver/mounriver_studio/toolchain/risc-v embedded gcc/bin/../lib/gcc/riscv-none-embed/8.2.0/../../../../riscv-none-embed/lib/rv32imafc/ilp32f\libnosys.a(fstat.o)
                0x0000000000014aae                _fstat
 .text._isatty  0x0000000000014abe       0x10 c:/mounriver/mounriver_studio/toolchain/risc-v embedded gcc/bin/../lib/gcc/riscv-none-embed/8.2.0/../../../../riscv-none-embed/lib/rv32imafc/ilp32f\libnosys.a(isatty.o)
                0x0000000000014abe                _isatty
 .text._lseek   0x0000000000014ace       0x10 c:/mounriver/mounriver_studio/toolchain/risc-v embedded gcc/bin/../lib/gcc/riscv-none-embed/8.2.0/../../../../riscv-none-embed/lib/rv32imafc/ilp32f\libnosys.a(lseek.o)
                0x0000000000014ace                _lseek
 .text._read    0x0000000000014ade       0x10 c:/mounriver/mounriver_studio/toolchain/risc-v embedded gcc/bin/../lib/gcc/riscv-none-embed/8.2.0/../../../../riscv-none-embed/lib/rv32imafc/ilp32f\libnosys.a(read.o)
                0x0000000000014ade                _read
 .text._sbrk    0x0000000000014aee       0x24 c:/mounriver/mounriver_studio/toolchain/risc-v embedded gcc/bin/../lib/gcc/riscv-none-embed/8.2.0/../../../../riscv-none-embed/lib/rv32imafc/ilp32f\libnosys.a(sbrk.o)
                0x0000000000014aee                _sbrk
 *(.rodata)
 *fill*         0x0000000000014b12        0x2 
 .rodata        0x0000000000014b14       0xb7 ./zf_driver/zf_driver_encoder.o
 *fill*         0x0000000000014bcb        0x1 
 .rodata        0x0000000000014bcc       0xb3 ./zf_driver/zf_driver_pwm.o
 *fill*         0x0000000000014c7f        0x1 
 .rodata        0x0000000000014c80       0xb8 ./zf_driver/zf_driver_soft_iic.o
 .rodata        0x0000000000014d38       0xb3 ./zf_driver/zf_driver_spi.o
 *fill*         0x0000000000014deb        0x1 
 .rodata        0x0000000000014dec       0xb4 ./zf_driver/zf_driver_uart.o
 .rodata        0x0000000000014ea0        0x8 ./zf_device/zf_device_dm1xa.o
 .rodata        0x0000000000014ea8       0xf0 ./zf_device/zf_device_gps_tau1201.o
 .rodata        0x0000000000014f98       0xf2 ./zf_device/zf_device_mt9v03x_dvp.o
 *fill*         0x000000000001508a        0x6 
 .rodata        0x0000000000015090       0xc8 ./zf_device/zf_device_tft180.o
 .rodata        0x0000000000015158       0x78 ./zf_common/zf_common_debug.o
 .rodata        0x00000000000151d0       0xb4 ./zf_common/zf_common_fifo.o
 *fill*         0x0000000000015284        0x4 
 .rodata        0x0000000000015288       0xf8 ./zf_common/zf_common_function.o
 .rodata        0x0000000000015380       0x41 ./sdk/Peripheral/ch32v30x_usbotg_device.o
 *fill*         0x00000000000153c1        0x3 
 .rodata        0x00000000000153c4       0x14 ./code/function/angleErr.o
 .rodata        0x00000000000153d8       0x14 ./code/CPP/turn_pd.o
 .rodata        0x00000000000153ec        0x4 ./code/CPP/volicity_pid.o
 .rodata        0x00000000000153f0       0x20 ./code/BSP/steer.o
 .rodata        0x0000000000015410       0x36 ./code/APP/UI.o
 *fill*         0x0000000000015446        0x2 
 .rodata        0x0000000000015448       0x10 ./code/APP/integration_control.o
 .rodata        0x0000000000015458       0x10 ./code/cam_preprocess.o
 *(.rodata*)
 .rodata.encoder_get_count
                0x0000000000015468       0x28 ./zf_driver/zf_driver_encoder.o
 .rodata.encoder_clear_count
                0x0000000000015490       0x28 ./zf_driver/zf_driver_encoder.o
 .rodata.encoder_dir_init
                0x00000000000154b8       0x28 ./zf_driver/zf_driver_encoder.o
 .rodata.pwm_set_duty
                0x00000000000154e0       0x28 ./zf_driver/zf_driver_pwm.o
 .rodata.pwm_init
                0x0000000000015508       0x28 ./zf_driver/zf_driver_pwm.o
 .rodata.spi_index
                0x0000000000015530        0xc ./zf_driver/zf_driver_spi.o
                0x0000000000015530                spi_index
 .rodata.timer_get
                0x000000000001553c       0x28 ./zf_driver/zf_driver_timer.o
 .rodata.timer_clear
                0x0000000000015564       0x28 ./zf_driver/zf_driver_timer.o
 .rodata.uart_index
                0x000000000001558c       0x20 ./zf_driver/zf_driver_uart.o
                0x000000000001558c                uart_index
 .rodata.ascii_font_8x16
                0x00000000000155ac      0x5f0 ./zf_common/zf_common_font.o
                0x00000000000155ac                ascii_font_8x16
 .rodata.ascii_font_6x8
                0x0000000000015b9c      0x228 ./zf_common/zf_common_font.o
                0x0000000000015b9c                ascii_font_6x8
 .rodata.MyDevDescrHD
                0x0000000000015dc4       0x12 ./sdk/Peripheral/ch32v30x_usbotg_device.o
                0x0000000000015dc4                MyDevDescrHD
 *fill*         0x0000000000015dd6        0x2 
 .rodata.MyCfgDescrHD
                0x0000000000015dd8       0x43 ./sdk/Peripheral/ch32v30x_usbotg_device.o
                0x0000000000015dd8                MyCfgDescrHD
 *fill*         0x0000000000015e1b        0x1 
 .rodata.MyReportDescHD
                0x0000000000015e1c       0x14 ./sdk/Peripheral/ch32v30x_usbotg_device.o
                0x0000000000015e1c                MyReportDescHD
 .rodata.MyManuInfoHD
                0x0000000000015e30        0xe ./sdk/Peripheral/ch32v30x_usbotg_device.o
                0x0000000000015e30                MyManuInfoHD
 *fill*         0x0000000000015e3e        0x2 
 .rodata.MyProdInfoHD
                0x0000000000015e40        0xc ./sdk/Peripheral/ch32v30x_usbotg_device.o
                0x0000000000015e40                MyProdInfoHD
 .rodata.MySerNumInfoHD
                0x0000000000015e4c       0x16 ./sdk/Peripheral/ch32v30x_usbotg_device.o
                0x0000000000015e4c                MySerNumInfoHD
 *fill*         0x0000000000015e62        0x2 
 .rodata.MyUSBQUADescHD
                0x0000000000015e64        0xa ./sdk/Peripheral/ch32v30x_usbotg_device.o
                0x0000000000015e64                MyUSBQUADescHD
 *fill*         0x0000000000015e6e        0x2 
 .rodata.OTG_FS_IRQHandler
                0x0000000000015e70       0xbc ./sdk/Peripheral/ch32v30x_usbotg_device.o
 .rodata.__divdf3
                0x0000000000015f2c       0x40 c:/mounriver/mounriver_studio/toolchain/risc-v embedded gcc/bin/../lib/gcc/riscv-none-embed/8.2.0/rv32imafc/ilp32f\libgcc.a(divdf3.o)
 .rodata.__muldf3
                0x0000000000015f6c       0x40 c:/mounriver/mounriver_studio/toolchain/risc-v embedded gcc/bin/../lib/gcc/riscv-none-embed/8.2.0/rv32imafc/ilp32f\libgcc.a(muldf3.o)
 .rodata.__clz_tab
                0x0000000000015fac      0x100 c:/mounriver/mounriver_studio/toolchain/risc-v embedded gcc/bin/../lib/gcc/riscv-none-embed/8.2.0/rv32imafc/ilp32f\libgcc.a(_clz.o)
                0x0000000000015fac                __clz_tab
 *fill*         0x00000000000160ac        0x4 
 .rodata._printf_float.cst8
                0x00000000000160b0        0x8 c:/mounriver/mounriver_studio/toolchain/risc-v embedded gcc/bin/../lib/gcc/riscv-none-embed/8.2.0/../../../../riscv-none-embed/lib/rv32imafc/ilp32f\libg_nano.a(lib_a-nano-vfprintf_float.o)
 .rodata._printf_float.str1.4
                0x00000000000160b8       0x12 c:/mounriver/mounriver_studio/toolchain/risc-v embedded gcc/bin/../lib/gcc/riscv-none-embed/8.2.0/../../../../riscv-none-embed/lib/rv32imafc/ilp32f\libg_nano.a(lib_a-nano-vfprintf_float.o)
 *fill*         0x00000000000160ca        0x2 
 .rodata._printf_i.str1.4
                0x00000000000160cc       0x25 c:/mounriver/mounriver_studio/toolchain/risc-v embedded gcc/bin/../lib/gcc/riscv-none-embed/8.2.0/../../../../riscv-none-embed/lib/rv32imafc/ilp32f\libg_nano.a(lib_a-nano-vfprintf_i.o)
 *fill*         0x00000000000160f1        0x7 
 .rodata._dtoa_r.cst8
                0x00000000000160f8       0x48 c:/mounriver/mounriver_studio/toolchain/risc-v embedded gcc/bin/../lib/gcc/riscv-none-embed/8.2.0/../../../../riscv-none-embed/lib/rv32imafc/ilp32f\libg_nano.a(lib_a-dtoa.o)
 .rodata._dtoa_r.str1.4
                0x0000000000016140       0x10 c:/mounriver/mounriver_studio/toolchain/risc-v embedded gcc/bin/../lib/gcc/riscv-none-embed/8.2.0/../../../../riscv-none-embed/lib/rv32imafc/ilp32f\libg_nano.a(lib_a-dtoa.o)
                                         0x12 (size before relaxing)
 .rodata.__sf_fake_stderr
                0x0000000000016150       0x20 c:/mounriver/mounriver_studio/toolchain/risc-v embedded gcc/bin/../lib/gcc/riscv-none-embed/8.2.0/../../../../riscv-none-embed/lib/rv32imafc/ilp32f\libg_nano.a(lib_a-findfp.o)
                0x0000000000016150                __sf_fake_stderr
 .rodata.__sf_fake_stdin
                0x0000000000016170       0x20 c:/mounriver/mounriver_studio/toolchain/risc-v embedded gcc/bin/../lib/gcc/riscv-none-embed/8.2.0/../../../../riscv-none-embed/lib/rv32imafc/ilp32f\libg_nano.a(lib_a-findfp.o)
                0x0000000000016170                __sf_fake_stdin
 .rodata.__sf_fake_stdout
                0x0000000000016190       0x20 c:/mounriver/mounriver_studio/toolchain/risc-v embedded gcc/bin/../lib/gcc/riscv-none-embed/8.2.0/../../../../riscv-none-embed/lib/rv32imafc/ilp32f\libg_nano.a(lib_a-findfp.o)
                0x0000000000016190                __sf_fake_stdout
 .rodata.__mprec_bigtens
                0x00000000000161b0       0x28 c:/mounriver/mounriver_studio/toolchain/risc-v embedded gcc/bin/../lib/gcc/riscv-none-embed/8.2.0/../../../../riscv-none-embed/lib/rv32imafc/ilp32f\libg_nano.a(lib_a-mprec.o)
                0x00000000000161b0                __mprec_bigtens
 .rodata.__mprec_tens
                0x00000000000161d8       0xc8 c:/mounriver/mounriver_studio/toolchain/risc-v embedded gcc/bin/../lib/gcc/riscv-none-embed/8.2.0/../../../../riscv-none-embed/lib/rv32imafc/ilp32f\libg_nano.a(lib_a-mprec.o)
                0x00000000000161d8                __mprec_tens
 .rodata.p05.3321
                0x00000000000162a0        0xc c:/mounriver/mounriver_studio/toolchain/risc-v embedded gcc/bin/../lib/gcc/riscv-none-embed/8.2.0/../../../../riscv-none-embed/lib/rv32imafc/ilp32f\libg_nano.a(lib_a-mprec.o)
 .rodata._svfprintf_r.str1.4
                0x00000000000162ac       0x13 c:/mounriver/mounriver_studio/toolchain/risc-v embedded gcc/bin/../lib/gcc/riscv-none-embed/8.2.0/../../../../riscv-none-embed/lib/rv32imafc/ilp32f\libg_nano.a(lib_a-nano-svfprintf.o)
 .rodata._vfprintf_r.str1.4
                0x00000000000162bf       0x13 c:/mounriver/mounriver_studio/toolchain/risc-v embedded gcc/bin/../lib/gcc/riscv-none-embed/8.2.0/../../../../riscv-none-embed/lib/rv32imafc/ilp32f\libg_nano.a(lib_a-nano-vfprintf.o)
 *fill*         0x00000000000162bf        0x1 
 .rodata._setlocale_r.str1.4
                0x00000000000162c0        0xa c:/mounriver/mounriver_studio/toolchain/risc-v embedded gcc/bin/../lib/gcc/riscv-none-embed/8.2.0/../../../../riscv-none-embed/lib/rv32imafc/ilp32f\libg_nano.a(lib_a-locale.o)
                                          0xd (size before relaxing)
 *fill*         0x00000000000162ca        0x2 
 .rodata.str1.4
                0x00000000000162cc        0x4 c:/mounriver/mounriver_studio/toolchain/risc-v embedded gcc/bin/../lib/gcc/riscv-none-embed/8.2.0/../../../../riscv-none-embed/lib/rv32imafc/ilp32f\libg_nano.a(lib_a-locale.o)
                                          0x2 (size before relaxing)
 .rodata._ctype_
                0x00000000000162d0      0x101 c:/mounriver/mounriver_studio/toolchain/risc-v embedded gcc/bin/../lib/gcc/riscv-none-embed/8.2.0/../../../../riscv-none-embed/lib/rv32imafc/ilp32f\libg_nano.a(lib_a-ctype_.o)
                0x00000000000162d0                _ctype_
 *(.glue_7)
 *(.glue_7t)
 *(.gnu.linkonce.t.*)
                0x00000000000163d4                . = ALIGN (0x4)
 *fill*         0x00000000000163d1        0x3 

.rela.dyn       0x00000000000163d4        0x0
 .rela.init     0x00000000000163d4        0x0 ./zf_driver/zf_driver_delay.o
 .rela.vector   0x00000000000163d4        0x0 ./zf_driver/zf_driver_delay.o
 .rela.text.handle_reset
                0x00000000000163d4        0x0 ./zf_driver/zf_driver_delay.o
 .rela.text._svfprintf_r
                0x00000000000163d4        0x0 ./zf_driver/zf_driver_delay.o
 .rela.text._vfprintf_r
                0x00000000000163d4        0x0 ./zf_driver/zf_driver_delay.o
 .rela.text._sbrk_r
                0x00000000000163d4        0x0 ./zf_driver/zf_driver_delay.o
 .rela.text._write_r
                0x00000000000163d4        0x0 ./zf_driver/zf_driver_delay.o
 .rela.text._close_r
                0x00000000000163d4        0x0 ./zf_driver/zf_driver_delay.o
 .rela.text._lseek_r
                0x00000000000163d4        0x0 ./zf_driver/zf_driver_delay.o
 .rela.text._read_r
                0x00000000000163d4        0x0 ./zf_driver/zf_driver_delay.o
 .rela.text._fstat_r
                0x00000000000163d4        0x0 ./zf_driver/zf_driver_delay.o
 .rela.text._isatty_r
                0x00000000000163d4        0x0 ./zf_driver/zf_driver_delay.o
 .rela.text._close
                0x00000000000163d4        0x0 ./zf_driver/zf_driver_delay.o
 .rela.text._fstat
                0x00000000000163d4        0x0 ./zf_driver/zf_driver_delay.o
 .rela.text._isatty
                0x00000000000163d4        0x0 ./zf_driver/zf_driver_delay.o
 .rela.text._lseek
                0x00000000000163d4        0x0 ./zf_driver/zf_driver_delay.o
 .rela.text._read
                0x00000000000163d4        0x0 ./zf_driver/zf_driver_delay.o
 .rela.text._sbrk
                0x00000000000163d4        0x0 ./zf_driver/zf_driver_delay.o

.fini           0x00000000000163d4        0x0
 *(SORT_NONE(.fini))
                0x00000000000163d4                . = ALIGN (0x4)
                [!provide]                        PROVIDE (_etext = .)
                [!provide]                        PROVIDE (_eitcm = .)

.preinit_array  0x00000000000163d4        0x0
                [!provide]                        PROVIDE (__preinit_array_start = .)
 *(.preinit_array)
                [!provide]                        PROVIDE (__preinit_array_end = .)

.init_array     0x00000000000163d4        0x0
                [!provide]                        PROVIDE (__init_array_start = .)
 *(SORT_BY_INIT_PRIORITY(.init_array.*) SORT_BY_INIT_PRIORITY(.ctors.*))
 *(.init_array EXCLUDE_FILE(*crtend?.o *crtend.o *crtbegin?.o *crtbegin.o) .ctors)
                [!provide]                        PROVIDE (__init_array_end = .)

.fini_array     0x00000000000163d4        0x0
                [!provide]                        PROVIDE (__fini_array_start = .)
 *(SORT_BY_INIT_PRIORITY(.fini_array.*) SORT_BY_INIT_PRIORITY(.dtors.*))
 *(.fini_array EXCLUDE_FILE(*crtend?.o *crtend.o *crtbegin?.o *crtbegin.o) .dtors)
                [!provide]                        PROVIDE (__fini_array_end = .)

.ctors
 *crtbegin.o(.ctors)
 *crtbegin?.o(.ctors)
 *(EXCLUDE_FILE(*crtend?.o *crtend.o) .ctors)
 *(SORT_BY_NAME(.ctors.*))
 *(.ctors)

.dtors
 *crtbegin.o(.dtors)
 *crtbegin?.o(.dtors)
 *(EXCLUDE_FILE(*crtend?.o *crtend.o) .dtors)
 *(SORT_BY_NAME(.dtors.*))
 *(.dtors)

.dalign         0x0000000020000040        0x0 load address 0x00000000000163d4
                0x0000000020000040                . = ALIGN (0x4)
                0x0000000020000040                PROVIDE (_data_vma = .)

.dlalign        0x00000000000163d4        0x0
                0x00000000000163d4                . = ALIGN (0x4)
                0x00000000000163d4                PROVIDE (_data_lma = .)

.data           0x0000000020000040      0x3e0 load address 0x00000000000163d4
 *(.gnu.linkonce.r.*)
 *(.data .data.*)
 .data.encoder_dir_pin
                0x0000000020000040        0xa ./zf_driver/zf_driver_encoder.o
 *fill*         0x000000002000004a        0x2 
 .data.gpio_group
                0x000000002000004c       0x14 ./zf_driver/zf_driver_gpio.o
                0x000000002000004c                gpio_group
 .data.mt9v03x_set_confing_buffer
                0x0000000020000060       0x28 ./zf_device/zf_device_mt9v03x_dvp.o
 .data.mt9v03x_get_confing_buffer
                0x0000000020000088       0x24 ./zf_device/zf_device_mt9v03x_dvp.o
 .data.APBAHBPrescTable
                0x00000000200000ac       0x10 ./sdk/Peripheral/ch32v30x_rcc.o
 .data.TAB_USB_FS_OSC_DESC
                0x00000000200000bc       0x43 ./sdk/Peripheral/ch32v30x_usbotg_device.o
                0x00000000200000bc                TAB_USB_FS_OSC_DESC
 *fill*         0x00000000200000ff        0x1 
 .data.weight1  0x0000000020000100       0x3c ./code/function/angleErr.o
                0x0000000020000100                weight1
 .data.weight2  0x000000002000013c       0x3c ./code/function/angleErr.o
                0x000000002000013c                weight2
 .data.EIGHT_SEARCH_CL
                0x0000000020000178       0x48 ./code/function/eight.o
                0x0000000020000178                EIGHT_SEARCH_CL
 .data.oppo_index
                0x00000000200001c0        0x9 ./code/function/eight.o
                0x00000000200001c0                oppo_index
 *fill*         0x00000000200001c9        0x3 
 .data.menu_str
                0x00000000200001cc        0xc ./code/APP/UI.o
                0x00000000200001cc                menu_str
 .data.ImgConf  0x00000000200001d8       0x10 ./code/cam_preprocess.o
                0x00000000200001d8                ImgConf
 .data.impure_data
                0x00000000200001e8       0x60 c:/mounriver/mounriver_studio/toolchain/risc-v embedded gcc/bin/../lib/gcc/riscv-none-embed/8.2.0/../../../../riscv-none-embed/lib/rv32imafc/ilp32f\libg_nano.a(lib_a-impure.o)
 .data.__global_locale
                0x0000000020000248      0x16c c:/mounriver/mounriver_studio/toolchain/risc-v embedded gcc/bin/../lib/gcc/riscv-none-embed/8.2.0/../../../../riscv-none-embed/lib/rv32imafc/ilp32f\libg_nano.a(lib_a-locale.o)
                0x0000000020000248                __global_locale
 *(.gnu.linkonce.d.*)
                0x00000000200003b8                . = ALIGN (0x8)
 *fill*         0x00000000200003b4        0x4 
                0x0000000020000bb8                PROVIDE (__global_pointer$ = (. + 0x800))
 *(.sdata .sdata.*)
 .sdata.dm1xa_distance_mm
                0x00000000200003b8        0x2 ./zf_device/zf_device_dm1xa.o
 .sdata.tft180_pencolor
                0x00000000200003ba        0x2 ./zf_device/zf_device_tft180.o
 .sdata.tft180_bgcolor
                0x00000000200003bc        0x2 ./zf_device/zf_device_tft180.o
 *fill*         0x00000000200003be        0x2 
 .sdata.tft180_display_font
                0x00000000200003c0        0x4 ./zf_device/zf_device_tft180.o
 .sdata.tft180_x_max
                0x00000000200003c4        0x1 ./zf_device/zf_device_tft180.o
 .sdata.tft180_y_max
                0x00000000200003c5        0x1 ./zf_device/zf_device_tft180.o
 *fill*         0x00000000200003c6        0x2 
 .sdata.camera_uart_handler
                0x00000000200003c8        0x4 ./zf_device/zf_device_type.o
                0x00000000200003c8                camera_uart_handler
 .sdata.camera_dvp_handler
                0x00000000200003cc        0x4 ./zf_device/zf_device_type.o
                0x00000000200003cc                camera_dvp_handler
 .sdata.wireless_module_uart_handler
                0x00000000200003d0        0x4 ./zf_device/zf_device_type.o
                0x00000000200003d0                wireless_module_uart_handler
 .sdata.tof_module_exti_handler
                0x00000000200003d4        0x4 ./zf_device/zf_device_type.o
                0x00000000200003d4                tof_module_exti_handler
 .sdata.system_clock
                0x00000000200003d8        0x4 ./zf_common/zf_common_clock.o
                0x00000000200003d8                system_clock
 .sdata.zf_debug_assert_enable
                0x00000000200003dc        0x1 ./zf_common/zf_common_debug.o
 *fill*         0x00000000200003dd        0x3 
 .sdata.ADCPrescTable
                0x00000000200003e0        0x4 ./sdk/Peripheral/ch32v30x_rcc.o
 .sdata.USBHD_Dev_Speed
                0x00000000200003e4        0x1 ./sdk/Peripheral/ch32v30x_usbotg_device.o
                0x00000000200003e4                USBHD_Dev_Speed
 *fill*         0x00000000200003e5        0x3 
 .sdata.LineCoding
                0x00000000200003e8        0x7 ./sdk/Peripheral/ch32v30x_usbotg_device.o
                0x00000000200003e8                LineCoding
 *fill*         0x00000000200003ef        0x1 
 .sdata.middleStandard
                0x00000000200003f0        0x4 ./code/function/angleErr.o
                0x00000000200003f0                middleStandard
 .sdata.start_Line_total
                0x00000000200003f4        0x1 ./code/function/eight.o
                0x00000000200003f4                start_Line_total
 .sdata.hightest
                0x00000000200003f5        0x1 ./code/function/eight.o
                0x00000000200003f5                hightest
 *fill*         0x00000000200003f6        0x2 
 .sdata.CHECK_CHAO_TIMES
                0x00000000200003f8        0x4 ./code/function/eight.o
                0x00000000200003f8                CHECK_CHAO_TIMES
 .sdata.road_w  0x00000000200003fc        0x1 ./code/function/eight.o
                0x00000000200003fc                road_w
 .sdata.mid_point_last
                0x00000000200003fd        0x1 ./code/function/eight.o
                0x00000000200003fd                mid_point_last
 *fill*         0x00000000200003fe        0x2 
 .sdata.left_speed
                0x0000000020000400        0x4 ./code/APP/integration_control.o
                0x0000000020000400                left_speed
 .sdata.righ_speed
                0x0000000020000404        0x4 ./code/APP/integration_control.o
                0x0000000020000404                righ_speed
 .sdata.key_up.8327
                0x0000000020000408        0x4 ./code/APP/key.o