Archive member included to satisfy reference by file (symbol)

h:/mounriver_studio/toolchain/risc-v embedded gcc/bin/../lib/gcc/riscv-none-embed/8.2.0/../../../../riscv-none-embed/lib/rv32imafc/ilp32f\libm.a(lib_a-s_cos.o)
                              ./zf_device/zf_device_gps_tau1201.o (cos)
h:/mounriver_studio/toolchain/risc-v embedded gcc/bin/../lib/gcc/riscv-none-embed/8.2.0/../../../../riscv-none-embed/lib/rv32imafc/ilp32f\libm.a(lib_a-s_sin.o)
                              ./zf_device/zf_device_gps_tau1201.o (sin)
h:/mounriver_studio/toolchain/risc-v embedded gcc/bin/../lib/gcc/riscv-none-embed/8.2.0/../../../../riscv-none-embed/lib/rv32imafc/ilp32f\libm.a(lib_a-w_asin.o)
                              ./zf_device/zf_device_gps_tau1201.o (asin)
h:/mounriver_studio/toolchain/risc-v embedded gcc/bin/../lib/gcc/riscv-none-embed/8.2.0/../../../../riscv-none-embed/lib/rv32imafc/ilp32f\libm.a(lib_a-w_atan2.o)
                              ./zf_device/zf_device_gps_tau1201.o (atan2)
h:/mounriver_studio/toolchain/risc-v embedded gcc/bin/../lib/gcc/riscv-none-embed/8.2.0/../../../../riscv-none-embed/lib/rv32imafc/ilp32f\libm.a(lib_a-w_pow.o)
                              ./zf_device/zf_device_gps_tau1201.o (pow)
h:/mounriver_studio/toolchain/risc-v embedded gcc/bin/../lib/gcc/riscv-none-embed/8.2.0/../../../../riscv-none-embed/lib/rv32imafc/ilp32f\libm.a(lib_a-w_sqrt.o)
                              ./zf_device/zf_device_gps_tau1201.o (sqrt)
h:/mounriver_studio/toolchain/risc-v embedded gcc/bin/../lib/gcc/riscv-none-embed/8.2.0/../../../../riscv-none-embed/lib/rv32imafc/ilp32f\libm.a(lib_a-e_asin.o)
                              h:/mounriver_studio/toolchain/risc-v embedded gcc/bin/../lib/gcc/riscv-none-embed/8.2.0/../../../../riscv-none-embed/lib/rv32imafc/ilp32f\libm.a(lib_a-w_asin.o) (__ieee754_asin)
h:/mounriver_studio/toolchain/risc-v embedded gcc/bin/../lib/gcc/riscv-none-embed/8.2.0/../../../../riscv-none-embed/lib/rv32imafc/ilp32f\libm.a(lib_a-e_atan2.o)
                              h:/mounriver_studio/toolchain/risc-v embedded gcc/bin/../lib/gcc/riscv-none-embed/8.2.0/../../../../riscv-none-embed/lib/rv32imafc/ilp32f\libm.a(lib_a-w_atan2.o) (__ieee754_atan2)
h:/mounriver_studio/toolchain/risc-v embedded gcc/bin/../lib/gcc/riscv-none-embed/8.2.0/../../../../riscv-none-embed/lib/rv32imafc/ilp32f\libm.a(lib_a-e_pow.o)
                              h:/mounriver_studio/toolchain/risc-v embedded gcc/bin/../lib/gcc/riscv-none-embed/8.2.0/../../../../riscv-none-embed/lib/rv32imafc/ilp32f\libm.a(lib_a-w_pow.o) (__ieee754_pow)
h:/mounriver_studio/toolchain/risc-v embedded gcc/bin/../lib/gcc/riscv-none-embed/8.2.0/../../../../riscv-none-embed/lib/rv32imafc/ilp32f\libm.a(lib_a-e_rem_pio2.o)
                              h:/mounriver_studio/toolchain/risc-v embedded gcc/bin/../lib/gcc/riscv-none-embed/8.2.0/../../../../riscv-none-embed/lib/rv32imafc/ilp32f\libm.a(lib_a-s_cos.o) (__ieee754_rem_pio2)
h:/mounriver_studio/toolchain/risc-v embedded gcc/bin/../lib/gcc/riscv-none-embed/8.2.0/../../../../riscv-none-embed/lib/rv32imafc/ilp32f\libm.a(lib_a-e_sqrt.o)
                              h:/mounriver_studio/toolchain/risc-v embedded gcc/bin/../lib/gcc/riscv-none-embed/8.2.0/../../../../riscv-none-embed/lib/rv32imafc/ilp32f\libm.a(lib_a-w_sqrt.o) (__ieee754_sqrt)
h:/mounriver_studio/toolchain/risc-v embedded gcc/bin/../lib/gcc/riscv-none-embed/8.2.0/../../../../riscv-none-embed/lib/rv32imafc/ilp32f\libm.a(lib_a-k_cos.o)
                              h:/mounriver_studio/toolchain/risc-v embedded gcc/bin/../lib/gcc/riscv-none-embed/8.2.0/../../../../riscv-none-embed/lib/rv32imafc/ilp32f\libm.a(lib_a-s_cos.o) (__kernel_cos)
h:/mounriver_studio/toolchain/risc-v embedded gcc/bin/../lib/gcc/riscv-none-embed/8.2.0/../../../../riscv-none-embed/lib/rv32imafc/ilp32f\libm.a(lib_a-k_rem_pio2.o)
                              h:/mounriver_studio/toolchain/risc-v embedded gcc/bin/../lib/gcc/riscv-none-embed/8.2.0/../../../../riscv-none-embed/lib/rv32imafc/ilp32f\libm.a(lib_a-e_rem_pio2.o) (__kernel_rem_pio2)
h:/mounriver_studio/toolchain/risc-v embedded gcc/bin/../lib/gcc/riscv-none-embed/8.2.0/../../../../riscv-none-embed/lib/rv32imafc/ilp32f\libm.a(lib_a-k_sin.o)
                              h:/mounriver_studio/toolchain/risc-v embedded gcc/bin/../lib/gcc/riscv-none-embed/8.2.0/../../../../riscv-none-embed/lib/rv32imafc/ilp32f\libm.a(lib_a-s_cos.o) (__kernel_sin)
h:/mounriver_studio/toolchain/risc-v embedded gcc/bin/../lib/gcc/riscv-none-embed/8.2.0/../../../../riscv-none-embed/lib/rv32imafc/ilp32f\libm.a(lib_a-s_fabs.o)
                              h:/mounriver_studio/toolchain/risc-v embedded gcc/bin/../lib/gcc/riscv-none-embed/8.2.0/../../../../riscv-none-embed/lib/rv32imafc/ilp32f\libm.a(lib_a-w_asin.o) (fabs)
h:/mounriver_studio/toolchain/risc-v embedded gcc/bin/../lib/gcc/riscv-none-embed/8.2.0/../../../../riscv-none-embed/lib/rv32imafc/ilp32f\libm.a(lib_a-s_finite.o)
[...]
Memory Configuration

Name             Origin             Length             Attributes
RAM              0x0000000020000040 0x000000000000fc00 xrw
FLASH            0x0000000000000000 0x0000000000040000 xr
*default*        0x0000000000000000 0xffffffffffffffff

Linker script and memory map

LOAD ./zf_driver/zf_driver_adc.o
LOAD ./zf_driver/zf_driver_delay.o
LOAD ./zf_driver/zf_driver_dvp.o
LOAD ./zf_driver/zf_driver_encoder.o
LOAD ./zf_driver/zf_driver_exti.o
LOAD ./zf_driver/zf_driver_flash.o
LOAD ./zf_driver/zf_driver_gpio.o
LOAD ./zf_driver/zf_driver_iic.o
LOAD ./zf_driver/zf_driver_pit.o
LOAD ./zf_driver/zf_driver_pwm.o
LOAD ./zf_driver/zf_driver_soft_iic.o
LOAD ./zf_driver/zf_driver_soft_spi.o
LOAD ./zf_driver/zf_driver_spi.o
LOAD ./zf_driver/zf_driver_timer.o
LOAD ./zf_driver/zf_driver_uart.o
LOAD ./zf_driver/zf_driver_usb_cdc.o
LOAD ./zf_device/zf_device_absolute_encoder.o
LOAD ./zf_device/zf_device_aht20.o
LOAD ./zf_device/zf_device_bluetooth_ch9141.o
LOAD ./zf_device/zf_device_camera.o
LOAD ./zf_device/zf_device_detector.o
LOAD ./zf_device/zf_device_dl1a.o
LOAD ./zf_device/zf_device_dl1b.o
LOAD ./zf_device/zf_device_dm1xa.o
LOAD ./zf_device/zf_device_gps_tau1201.o
LOAD ./zf_device/zf_device_icm20602.o
LOAD ./zf_device/zf_device_imu660ra.o
LOAD ./zf_device/zf_device_imu963ra.o
LOAD ./zf_device/zf_device_ips114.o
LOAD ./zf_device/zf_device_ips200.o
LOAD ./zf_device/zf_device_k24c02.o
LOAD ./zf_device/zf_device_key.o
LOAD ./zf_device/zf_device_mpu6050.o
LOAD ./zf_device/zf_device_mt9v03x_dvp.o
LOAD ./zf_device/zf_device_oled.o
LOAD ./zf_device/zf_device_scc8660_dvp.o
LOAD ./zf_device/zf_device_tft180.o
LOAD ./zf_device/zf_device_type.o
LOAD ./zf_device/zf_device_virtual_oscilloscope.o
LOAD ./zf_device/zf_device_w25q32.o
LOAD ./zf_device/zf_device_wifi_spi.o
LOAD ./zf_device/zf_device_wifi_uart.o
LOAD ./zf_device/zf_device_wireless_ch573.o
LOAD ./zf_device/zf_device_wireless_uart.o
LOAD ./zf_common/zf_common_clock.o
LOAD ./zf_common/zf_common_debug.o
LOAD ./zf_common/zf_common_fifo.o
LOAD ./zf_common/zf_common_font.o
LOAD ./zf_common/zf_common_function.o
LOAD ./zf_common/zf_common_interrupt.o
LOAD ./user_c/isr.o
LOAD ./user_c/main.o
LOAD ./sdk/Startup/startup_ch32v30x_D8C.o
LOAD ./sdk/Peripheral/ch32v30x_adc.o
LOAD ./sdk/Peripheral/ch32v30x_bkp.o
LOAD ./sdk/Peripheral/ch32v30x_can.o
LOAD ./sdk/Peripheral/ch32v30x_crc.o
LOAD ./sdk/Peripheral/ch32v30x_dac.o
LOAD ./sdk/Peripheral/ch32v30x_dbgmcu.o
LOAD ./sdk/Peripheral/ch32v30x_dma.o
LOAD ./sdk/Peripheral/ch32v30x_dvp.o
LOAD ./sdk/Peripheral/ch32v30x_eth.o
LOAD ./sdk/Peripheral/ch32v30x_exti.o
LOAD ./sdk/Peripheral/ch32v30x_flash.o
LOAD ./sdk/Peripheral/ch32v30x_fsmc.o
LOAD ./sdk/Peripheral/ch32v30x_gpio.o
LOAD ./sdk/Peripheral/ch32v30x_i2c.o
LOAD ./sdk/Peripheral/ch32v30x_iwdg.o
LOAD ./sdk/Peripheral/ch32v30x_opa.o
LOAD ./sdk/Peripheral/ch32v30x_pwr.o
LOAD ./sdk/Peripheral/ch32v30x_rcc.o
LOAD ./sdk/Peripheral/ch32v30x_rng.o
LOAD ./sdk/Peripheral/ch32v30x_rtc.o
LOAD ./sdk/Peripheral/ch32v30x_sdio.o
LOAD ./sdk/Peripheral/ch32v30x_spi.o
LOAD ./sdk/Peripheral/ch32v30x_tim.o
LOAD ./sdk/Peripheral/ch32v30x_usart.o
LOAD ./sdk/Peripheral/ch32v30x_usbotg_device.o
LOAD ./sdk/Peripheral/ch32v30x_wwdg.o
LOAD ./sdk/Core/core_riscv.o
LOAD ./code/function/lib/Slope_Calculate.o
LOAD ./code/function/lib/kernel_smooth.o
LOAD ./code/function/angleErr.o
LOAD ./code/function/binData.o
LOAD ./code/function/eight..o
LOAD ./code/APP/UI.o
LOAD ./code/APP/integration_control.o
LOAD ./code/APP/key.o
LOAD ./code/My_Math.o
LOAD ./code/cam_preprocess.o
LOAD h:/mounriver_studio/toolchain/risc-v embedded gcc/bin/../lib/gcc/riscv-none-embed/8.2.0/../../../../riscv-none-embed/lib/rv32imafc/ilp32f\libm.a
LOAD H:\projectLib\visionCar_v1.0\libraries\zf_device\libzf_device_config.a
LOAD h:/mounriver_studio/toolchain/risc-v embedded gcc/bin/../lib/gcc/riscv-none-embed/8.2.0/rv32imafc/ilp32f\libgcc.a
LOAD h:/mounriver_studio/toolchain/risc-v embedded gcc/bin/../lib/gcc/riscv-none-embed/8.2.0/../../../../riscv-none-embed/lib/rv32imafc/ilp32f\libg_nano.a
LOAD h:/mounriver_studio/toolchain/risc-v embedded gcc/bin/../lib/gcc/riscv-none-embed/8.2.0/../../../../riscv-none-embed/lib/rv32imafc/ilp32f\libc_nano.a
LOAD h:/mounriver_studio/toolchain/risc-v embedded gcc/bin/../lib/gcc/riscv-none-embed/8.2.0/rv32imafc/ilp32f\libgcc.a
START GROUP
LOAD h:/mounriver_studio/toolchain/risc-v embedded gcc/bin/../lib/gcc/riscv-none-embed/8.2.0/rv32imafc/ilp32f\libgcc.a
LOAD h:/mounriver_studio/toolchain/risc-v embedded gcc/bin/../lib/gcc/riscv-none-embed/8.2.0/../../../../riscv-none-embed/lib/rv32imafc/ilp32f\libc_nano.a
LOAD h:/mounriver_studio/toolchain/risc-v embedded gcc/bin/../lib/gcc/riscv-none-embed/8.2.0/../../../../riscv-none-embed/lib/rv32imafc/ilp32f\libnosys.a
END GROUP
START GROUP
LOAD h:/mounriver_studio/toolchain/risc-v embedded gcc/bin/../lib/gcc/riscv-none-embed/8.2.0/rv32imafc/ilp32f\libgcc.a
LOAD h:/mounriver_studio/toolchain/risc-v embedded gcc/bin/../lib/gcc/riscv-none-embed/8.2.0/../../../../riscv-none-embed/lib/rv32imafc/ilp32f\libc_nano.a
LOAD h:/mounriver_studio/toolchain/risc-v embedded gcc/bin/../lib/gcc/riscv-none-embed/8.2.0/../../../../riscv-none-embed/lib/rv32imafc/ilp32f\libnosys.a
END GROUP
                0x0000000000000800                __stack_size = 0x800
                [!provide]                        PROVIDE (_stack_size = __stack_size)

.init           0x0000000000000000       0x38
                0x0000000000000000                _sinit = .
                0x0000000000000000                . = ALIGN (0x4)
 *(SORT_NONE(.init))
 .init          0x0000000000000000       0x38 ./sdk/Startup/startup_ch32v30x_D8C.o
                0x0000000000000000                _start
                0x0000000000000038                . = ALIGN (0x4)
                0x0000000000000038                _einit = .

.vector         0x0000000000000038      0x1c8
 *(.vector)
 .vector        0x0000000000000038      0x1a0 ./sdk/Startup/startup_ch32v30x_D8C.o
                0x0000000000000200                . = ALIGN (0x40)
 *fill*         0x00000000000001d8       0x28 

.text           0x0000000000000200    0x1290c
                0x0000000000000200                . = ALIGN (0x4)
 *(.text)
 .text          0x0000000000000200       0xa8 h:/mounriver_studio/toolchain/risc-v embedded gcc/bin/../lib/gcc/riscv-none-embed/8.2.0/../../../../riscv-none-embed/lib/rv32imafc/ilp32f\libg_nano.a(lib_a-memset.o)
                0x0000000000000200                memset
 *(.text.*)
 .text.system_delay_ms
                0x00000000000002a8       0xa2 ./zf_driver/zf_driver_delay.o
                0x00000000000002a8                system_delay_ms
 .text.system_delay_us
                0x000000000000034a       0xa4 ./zf_driver/zf_driver_delay.o
                0x000000000000034a                system_delay_us
 .text.dvp_gpio_init
                0x00000000000003ee      0x102 ./zf_driver/zf_driver_dvp.o
                0x00000000000003ee                dvp_gpio_init
 .text.dvp_camera_init
                0x00000000000004f0      0x144 ./zf_driver/zf_driver_dvp.o
                0x00000000000004f0                dvp_camera_init
 .text.gpio_get_level
                0x0000000000000634       0x42 ./zf_driver/zf_driver_gpio.o
                0x0000000000000634                gpio_get_level
 .text.gpio_init
                0x0000000000000676      0x15c ./zf_driver/zf_driver_gpio.o
                0x0000000000000676                gpio_init
 .text.soft_iic_start
                0x00000000000007d2      0x128 ./zf_driver/zf_driver_soft_iic.o
 .text.soft_iic_stop
                0x00000000000008fa      0x142 ./zf_driver/zf_driver_soft_iic.o
 .text.soft_iic_send_ack
                0x0000000000000a3c      0x196 ./zf_driver/zf_driver_soft_iic.o
 .text.soft_iic_wait_ack
                0x0000000000000bd2      0x15e ./zf_driver/zf_driver_soft_iic.o
 .text.soft_iic_send_data
                0x0000000000000d30      0x16e ./zf_driver/zf_driver_soft_iic.o
 .text.soft_iic_read_data
                0x0000000000000e9e      0x1e8 ./zf_driver/zf_driver_soft_iic.o
 .text.soft_iic_sccb_write_register
                0x0000000000001086       0x80 ./zf_driver/zf_driver_soft_iic.o
                0x0000000000001086                soft_iic_sccb_write_register
 .text.soft_iic_sccb_read_register
                0x0000000000001106       0xb4 ./zf_driver/zf_driver_soft_iic.o
                0x0000000000001106                soft_iic_sccb_read_register
 .text.soft_iic_init
                0x00000000000011ba       0xb2 ./zf_driver/zf_driver_soft_iic.o
                0x00000000000011ba                soft_iic_init
 .text.spi_write_8bit
                0x000000000000126c       0x6a ./zf_driver/zf_driver_spi.o
                0x000000000000126c                spi_write_8bit
 .text.spi_write_16bit
                0x00000000000012d6       0xa6 ./zf_driver/zf_driver_spi.o
                0x00000000000012d6                spi_write_16bit
 .text.spi_init
                0x000000000000137c      0x2d6 ./zf_driver/zf_driver_spi.o
                0x000000000000137c                spi_init
 .text.timer_get
                0x0000000000001652       0xfe ./zf_driver/zf_driver_timer.o
                0x0000000000001652                timer_get
 .text.timer_clear
                0x0000000000001750       0xc4 ./zf_driver/zf_driver_timer.o
                0x0000000000001750                timer_clear
 .text.uart_write_byte
                0x0000000000001814       0x56 ./zf_driver/zf_driver_uart.o
                0x0000000000001814                uart_write_byte
 .text.uart_write_buffer
                0x000000000000186a       0x64 ./zf_driver/zf_driver_uart.o
                0x000000000000186a                uart_write_buffer
 .text.uart_write_string
                0x00000000000018ce       0x60 ./zf_driver/zf_driver_uart.o
                0x00000000000018ce                uart_write_string
 .text.uart_rx_interrupt
                0x000000000000192e       0x84 ./zf_driver/zf_driver_uart.o
                0x000000000000192e                uart_rx_interrupt
 .text.uart_query_byte
                0x00000000000019b2       0x5e ./zf_driver/zf_driver_uart.o
                0x00000000000019b2                uart_query_byte
 .text.uart_init
                0x0000000000001a10      0x5aa ./zf_driver/zf_driver_uart.o
                0x0000000000001a10                uart_init
 .text.camera_fifo_init
                0x0000000000001fba       0x22 ./zf_device/zf_device_camera.o
                0x0000000000001fba                camera_fifo_init
 .text.dm1xa_sound_callback
                0x0000000000001fdc       0xf6 ./zf_device/zf_device_dm1xa.o
                0x0000000000001fdc                dm1xa_sound_callback
 .text.dm1xa_light_callback
                0x00000000000020d2       0x32 ./zf_device/zf_device_dm1xa.o
                0x00000000000020d2                dm1xa_light_callback
 .text.gps_uart_callback
                0x0000000000002104      0x10e ./zf_device/zf_device_gps_tau1201.o
                0x0000000000002104                gps_uart_callback
 .text.mt9v03x_set_config
                0x0000000000002212      0x12c ./zf_device/zf_device_mt9v03x_dvp.o
 .text.mt9v03x_get_config
                0x000000000000233e      0x164 ./zf_device/zf_device_mt9v03x_dvp.o
 .text.mt9v03x_uart_handler
                0x00000000000024a2       0x44 ./zf_device/zf_device_mt9v03x_dvp.o
 .text.mt9v03x_dvp_handler
                0x00000000000024e6       0x14 ./zf_device/zf_device_mt9v03x_dvp.o
                0x00000000000024e6                mt9v03x_dvp_handler
 .text.mt9v03x_get_version
                0x00000000000024fa       0xca ./zf_device/zf_device_mt9v03x_dvp.o
                0x00000000000024fa                mt9v03x_get_version
 .text.mt9v03x_init
                0x00000000000025c4      0x17c ./zf_device/zf_device_mt9v03x_dvp.o
                0x00000000000025c4                mt9v03x_init
 .text.tft180_write_index
                0x0000000000002740       0x44 ./zf_device/zf_device_tft180.o
 .text.tft180_set_region
                0x0000000000002784      0x1e8 ./zf_device/zf_device_tft180.o
 .text.tft180_debug_init
                0x000000000000296c       0x86 ./zf_device/zf_device_tft180.o
 .text.tft180_clear
                0x00000000000029f2       0x8a ./zf_device/zf_device_tft180.o
                0x00000000000029f2                tft180_clear
 .text.tft180_full
                0x0000000000002a7c       0x8c ./zf_device/zf_device_tft180.o
                0x0000000000002a7c                tft180_full
 .text.tft180_set_dir
                0x0000000000002b08       0x50 ./zf_device/zf_device_tft180.o
                0x0000000000002b08                tft180_set_dir
 .text.tft180_set_color
                0x0000000000002b58       0x34 ./zf_device/zf_device_tft180.o
                0x0000000000002b58                tft180_set_color
 .text.tft180_show_char
                0x0000000000002b8c      0x2ba ./zf_device/zf_device_tft180.o
                0x0000000000002b8c                tft180_show_char
 .text.tft180_show_string
                0x0000000000002e46      0x110 ./zf_device/zf_device_tft180.o
                0x0000000000002e46                tft180_show_string
 .text.tft180_show_float
                0x0000000000002f56      0x206 ./zf_device/zf_device_tft180.o
                0x0000000000002f56                tft180_show_float
 .text.tft180_show_gray_image
                0x000000000000315c      0x23e ./zf_device/zf_device_tft180.o
                0x000000000000315c                tft180_show_gray_image
 .text.tft180_show_rgb565_image
                0x000000000000339a      0x1e4 ./zf_device/zf_device_tft180.o
                0x000000000000339a                tft180_show_rgb565_image
 .text.tft180_init
                0x000000000000357e      0x426 ./zf_device/zf_device_tft180.o
                0x000000000000357e                tft180_init
 .text.type_default_callback
                0x00000000000039a4        0xe ./zf_device/zf_device_type.o
 .text.set_camera_type
                0x00000000000039b2       0x52 ./zf_device/zf_device_type.o
                0x00000000000039b2                set_camera_type
 .text.clock_reset
                0x0000000000003a04       0x76 ./zf_common/zf_common_clock.o
                0x0000000000003a04                clock_reset
 .text.clock_set_freq
                0x0000000000003a7a      0x1de ./zf_common/zf_common_clock.o
                0x0000000000003a7a                clock_set_freq
 .text.clock_init
                0x0000000000003c58       0x2e ./zf_common/zf_common_clock.o
                0x0000000000003c58                clock_init
 .text.__NOP    0x0000000000003c86       0x10 ./zf_common/zf_common_debug.o
 .text.debug_delay
                0x0000000000003c96       0x52 ./zf_common/zf_common_debug.o
 .text.debug_protective_handler
                0x0000000000003ce8        0xe ./zf_common/zf_common_debug.o
 .text.debug_uart_str_output
                0x0000000000003cf6       0x20 ./zf_common/zf_common_debug.o
 .text.debug_output
                0x0000000000003d16      0x564 ./zf_common/zf_common_debug.o
 .text.debug_interrupr_handler
                0x000000000000427a       0x36 ./zf_common/zf_common_debug.o
                0x000000000000427a                debug_interrupr_handler
 .text._write   0x00000000000042b0       0x7c ./zf_common/zf_common_debug.o
                0x00000000000042b0                _write
 .text.debug_assert_handler
                0x000000000000432c       0x68 ./zf_common/zf_common_debug.o
                0x000000000000432c                debug_assert_handler
 .text.debug_log_handler
                0x0000000000004394       0x4e ./zf_common/zf_common_debug.o
                0x0000000000004394                debug_log_handler
 .text.debug_output_struct_init
                0x00000000000043e2       0x5a ./zf_common/zf_common_debug.o
                0x00000000000043e2                debug_output_struct_init
 .text.debug_output_init
                0x000000000000443c       0xa8 ./zf_common/zf_common_debug.o
                0x000000000000443c                debug_output_init
 .text.debug_init
                0x00000000000044e4       0x6c ./zf_common/zf_common_debug.o
                0x00000000000044e4                debug_init
 .text.fifo_head_offset
                0x0000000000004550       0x4e ./zf_common/zf_common_fifo.o
 .text.fifo_end_offset
                0x000000000000459e       0x4e ./zf_common/zf_common_fifo.o
 .text.fifo_clear
                0x00000000000045ec      0x100 ./zf_common/zf_common_fifo.o
                0x00000000000045ec                fifo_clear
 .text.fifo_used
                0x00000000000046ec       0x44 ./zf_common/zf_common_fifo.o
                0x00000000000046ec                fifo_used
 .text.fifo_write_element
                0x0000000000004730      0x118 ./zf_common/zf_common_fifo.o
                0x0000000000004730                fifo_write_element
 .text.fifo_write_buffer
                0x0000000000004848      0x304 ./zf_common/zf_common_fifo.o
                0x0000000000004848                fifo_write_buffer
 .text.fifo_read_buffer
                0x0000000000004b4c      0x2e0 ./zf_common/zf_common_fifo.o
                0x0000000000004b4c                fifo_read_buffer
 .text.fifo_init
                0x0000000000004e2c       0x96 ./zf_common/zf_common_fifo.o
                0x0000000000004e2c                fifo_init
 .text.func_double_to_str
                0x0000000000004ec2      0x2a2 ./zf_common/zf_common_function.o
                0x0000000000004ec2                func_double_to_str
 .text.__enable_irq
                0x0000000000005164       0x18 ./zf_common/zf_common_interrupt.o
 .text.__disable_irq
                0x000000000000517c       0x14 ./zf_common/zf_common_interrupt.o
 .text.NVIC_EnableIRQ
                0x0000000000005190       0x32 ./zf_common/zf_common_interrupt.o
 .text.NVIC_DisableIRQ
                0x00000000000051c2       0x32 ./zf_common/zf_common_interrupt.o
 .text.NVIC_SetPriority
                0x00000000000051f4       0x2a ./zf_common/zf_common_interrupt.o
 .text.interrupt_enable
                0x000000000000521e       0x1e ./zf_common/zf_common_interrupt.o
                0x000000000000521e                interrupt_enable
 .text.interrupt_disable
                0x000000000000523c       0x1e ./zf_common/zf_common_interrupt.o
                0x000000000000523c                interrupt_disable
 .text.interrupt_set_priority
                0x000000000000525a       0x2a ./zf_common/zf_common_interrupt.o
                0x000000000000525a                interrupt_set_priority
 .text.interrupt_global_enable
                0x0000000000005284       0x32 ./zf_common/zf_common_interrupt.o
                0x0000000000005284                interrupt_global_enable
 .text.interrupt_global_disable
                0x00000000000052b6       0x2c ./zf_common/zf_common_interrupt.o
                0x00000000000052b6                interrupt_global_disable
 .text.interrupt_init
                0x00000000000052e2       0x18 ./zf_common/zf_common_interrupt.o
                0x00000000000052e2                interrupt_init
 .text.USART1_IRQHandler
                0x00000000000052fa       0xc4 ./user_c/isr.o
                0x00000000000052fa                USART1_IRQHandler
 .text.USART2_IRQHandler
                0x00000000000053be       0xc4 ./user_c/isr.o
                0x00000000000053be                USART2_IRQHandler
 .text.USART3_IRQHandler
                0x0000000000005482       0xc8 ./user_c/isr.o
                0x0000000000005482                USART3_IRQHandler
 .text.UART4_IRQHandler
                0x000000000000554a       0xc4 ./user_c/isr.o
                0x000000000000554a                UART4_IRQHandler
 .text.UART5_IRQHandler
                0x000000000000560e       0xc2 ./user_c/isr.o
                0x000000000000560e                UART5_IRQHandler
 .text.UART6_IRQHandler
                0x00000000000056d0       0xc4 ./user_c/isr.o
                0x00000000000056d0                UART6_IRQHandler
 .text.UART7_IRQHandler
                0x0000000000005794       0xca ./user_c/isr.o
                0x0000000000005794                UART7_IRQHandler
 .text.UART8_IRQHandler
                0x000000000000585e       0xc0 ./user_c/isr.o
                0x000000000000585e                UART8_IRQHandler
 .text.DVP_IRQHandler
                0x000000000000591e       0xd0 ./user_c/isr.o
                0x000000000000591e                DVP_IRQHandler
 .text.EXTI0_IRQHandler
                0x00000000000059ee       0xb4 ./user_c/isr.o
                0x00000000000059ee                EXTI0_IRQHandler
 .text.EXTI1_IRQHandler
                0x0000000000005aa2       0xb4 ./user_c/isr.o
                0x0000000000005aa2                EXTI1_IRQHandler
 .text.EXTI2_IRQHandler
                0x0000000000005b56       0xb4 ./user_c/isr.o
                0x0000000000005b56                EXTI2_IRQHandler
 .text.EXTI3_IRQHandler
                0x0000000000005c0a       0xb4 ./user_c/isr.o
                0x0000000000005c0a                EXTI3_IRQHandler
 .text.EXTI4_IRQHandler
                0x0000000000005cbe       0xb4 ./user_c/isr.o
                0x0000000000005cbe                EXTI4_IRQHandler
 .text.EXTI9_5_IRQHandler
                0x0000000000005d72      0x118 ./user_c/isr.o
                0x0000000000005d72                EXTI9_5_IRQHandler
 .text.EXTI15_10_IRQHandler
                0x0000000000005e8a      0x132 ./user_c/isr.o
                0x0000000000005e8a                EXTI15_10_IRQHandler
 .text.TIM1_UP_IRQHandler
                0x0000000000005fbc       0xc0 ./user_c/isr.o
                0x0000000000005fbc                TIM1_UP_IRQHandler
 .text.TIM2_IRQHandler
                0x000000000000607c       0xb8 ./user_c/isr.o
                0x000000000000607c                TIM2_IRQHandler
 .text.TIM3_IRQHandler
                0x0000000000006134       0xc0 ./user_c/isr.o
                0x0000000000006134                TIM3_IRQHandler
 .text.TIM4_IRQHandler
                0x00000000000061f4       0xc0 ./user_c/isr.o
                0x00000000000061f4                TIM4_IRQHandler
 .text.TIM5_IRQHandler
                0x00000000000062b4       0xc0 ./user_c/isr.o
                0x00000000000062b4                TIM5_IRQHandler
 .text.TIM6_IRQHandler
                0x0000000000006374       0xb8 ./user_c/isr.o
                0x0000000000006374                TIM6_IRQHandler
 .text.TIM7_IRQHandler
                0x000000000000642c       0xc0 ./user_c/isr.o
                0x000000000000642c                TIM7_IRQHandler
 .text.TIM8_UP_IRQHandler
                0x00000000000064ec       0xc0 ./user_c/isr.o
                0x00000000000064ec                TIM8_UP_IRQHandler
 .text.TIM9_UP_IRQHandler
                0x00000000000065ac       0xc0 ./user_c/isr.o
                0x00000000000065ac                TIM9_UP_IRQHandler
 .text.TIM10_UP_IRQHandler
                0x000000000000666c       0xb8 ./user_c/isr.o
                0x000000000000666c                TIM10_UP_IRQHandler
 .text.NMI_Handler
                0x0000000000006724       0x10 ./user_c/isr.o
                0x0000000000006724                NMI_Handler
 .text.HardFault_Handler
                0x0000000000006734        0x8 ./user_c/isr.o
                0x0000000000006734                HardFault_Handler
 .text.Init     0x000000000000673c       0x30 ./user_c/main.o
                0x000000000000673c                Init
 .text.main     0x000000000000676c       0x38 ./user_c/main.o
                0x000000000000676c                main
 .text.vector_handler
                0x00000000000067a4       0xbe ./sdk/Startup/startup_ch32v30x_D8C.o
                0x00000000000067a8                Ecall_M_Mode_Handler
                0x00000000000067aa                Ecall_U_Mode_Handler
                0x00000000000067ac                Break_Point_Handler
                0x00000000000067ae                SysTick_Handler
                0x00000000000067b0                SW_Handler
                0x00000000000067b2                WWDG_IRQHandler
                0x00000000000067b4                PVD_IRQHandler
                0x00000000000067b6                TAMPER_IRQHandler
                0x00000000000067b8                RTC_IRQHandler
                0x00000000000067ba                FLASH_IRQHandler
                0x00000000000067bc                RCC_IRQHandler
                0x00000000000067c8                DMA1_Channel1_IRQHandler
                0x00000000000067ca                DMA1_Channel2_IRQHandler
                0x00000000000067cc                DMA1_Channel3_IRQHandler
                0x00000000000067ce                DMA1_Channel4_IRQHandler
                0x00000000000067d0                DMA1_Channel5_IRQHandler
                0x00000000000067d2                DMA1_Channel6_IRQHandler
                0x00000000000067d4                DMA1_Channel7_IRQHandler
                0x00000000000067d6                ADC1_2_IRQHandler
                0x00000000000067d8                USB_HP_CAN1_TX_IRQHandler
                0x00000000000067da                USB_LP_CAN1_RX0_IRQHandler
                0x00000000000067dc                CAN1_RX1_IRQHandler
                0x00000000000067de                CAN1_SCE_IRQHandler
                0x00000000000067e2                TIM1_BRK_IRQHandler
                0x00000000000067e6                TIM1_TRG_COM_IRQHandler
                0x00000000000067e8                TIM1_CC_IRQHandler
                0x00000000000067f0                I2C1_EV_IRQHandler
                0x00000000000067f2                I2C1_ER_IRQHandler
                0x00000000000067f4                I2C2_EV_IRQHandler
                0x00000000000067f6                I2C2_ER_IRQHandler
                0x00000000000067f8                SPI1_IRQHandler
                0x00000000000067fa                SPI2_IRQHandler
                0x0000000000006804                RTCAlarm_IRQHandler
                0x0000000000006806                USBWakeUp_IRQHandler
                0x0000000000006808                TIM8_BRK_IRQHandler
                0x000000000000680c                TIM8_TRG_COM_IRQHandler
                0x000000000000680e                TIM8_CC_IRQHandler
                0x0000000000006810                RNG_IRQHandler
                0x0000000000006812                FSMC_IRQHandler
                0x0000000000006814                SDIO_IRQHandler
                0x0000000000006818                SPI3_IRQHandler
                0x0000000000006822                DMA2_Channel1_IRQHandler
                0x0000000000006824                DMA2_Channel2_IRQHandler
                0x0000000000006826                DMA2_Channel3_IRQHandler
                0x0000000000006828                DMA2_Channel4_IRQHandler
                0x000000000000682a                DMA2_Channel5_IRQHandler
                0x000000000000682c                ETH_IRQHandler
                0x000000000000682e                ETH_WKUP_IRQHandler
                0x0000000000006830                CAN2_TX_IRQHandler
                0x0000000000006832                CAN2_RX0_IRQHandler
                0x0000000000006834                CAN2_RX1_IRQHandler
                0x0000000000006836                CAN2_SCE_IRQHandler
                0x000000000000683a                USBHSWakeup_IRQHandler
                0x000000000000683c                USBHS_IRQHandler
                0x0000000000006846                TIM9_BRK_IRQHandler
                0x000000000000684a                TIM9_TRG_COM_IRQHandler
                0x000000000000684c                TIM9_CC_IRQHandler
                0x000000000000684e                TIM10_BRK_IRQHandler
                0x0000000000006852                TIM10_TRG_COM_IRQHandler
                0x0000000000006854                TIM10_CC_IRQHandler
                0x0000000000006856                DMA2_Channel6_IRQHandler
                0x0000000000006858                DMA2_Channel7_IRQHandler
                0x000000000000685a                DMA2_Channel8_IRQHandler
                0x000000000000685c                DMA2_Channel9_IRQHandler
                0x000000000000685e                DMA2_Channel10_IRQHandler
                0x0000000000006860                DMA2_Channel11_IRQHandler
 .text.handle_reset
                0x0000000000006862       0x8a ./sdk/Startup/startup_ch32v30x_D8C.o
                0x0000000000006862                handle_reset
 .text.EXTI_GetITStatus
                0x00000000000068ec       0x56 ./sdk/Peripheral/ch32v30x_exti.o
                0x00000000000068ec                EXTI_GetITStatus
 .text.EXTI_ClearITPendingBit
                0x0000000000006942       0x20 ./sdk/Peripheral/ch32v30x_exti.o
                0x0000000000006942                EXTI_ClearITPendingBit
 .text.GPIO_Init
                0x0000000000006962      0x22a ./sdk/Peripheral/ch32v30x_gpio.o
                0x0000000000006962                GPIO_Init
 .text.GPIO_WriteBit
                0x0000000000006b8c       0x38 ./sdk/Peripheral/ch32v30x_gpio.o
                0x0000000000006b8c                GPIO_WriteBit
 .text.GPIO_PinRemapConfig
                0x0000000000006bc4      0x1c8 ./sdk/Peripheral/ch32v30x_gpio.o
                0x0000000000006bc4                GPIO_PinRemapConfig
 .text.RCC_GetClocksFreq
                0x0000000000006d8c      0x2c6 ./sdk/Peripheral/ch32v30x_rcc.o
                0x0000000000006d8c                RCC_GetClocksFreq
 .text.RCC_AHBPeriphClockCmd
                0x0000000000007052       0x46 ./sdk/Peripheral/ch32v30x_rcc.o
                0x0000000000007052                RCC_AHBPeriphClockCmd
 .text.RCC_APB2PeriphClockCmd
                0x0000000000007098       0x46 ./sdk/Peripheral/ch32v30x_rcc.o
                0x0000000000007098                RCC_APB2PeriphClockCmd
 .text.RCC_APB1PeriphClockCmd
                0x00000000000070de       0x46 ./sdk/Peripheral/ch32v30x_rcc.o
                0x00000000000070de                RCC_APB1PeriphClockCmd
 .text.RCC_APB2PeriphResetCmd
                0x0000000000007124       0x46 ./sdk/Peripheral/ch32v30x_rcc.o
                0x0000000000007124                RCC_APB2PeriphResetCmd
 .text.RCC_APB1PeriphResetCmd
                0x000000000000716a       0x46 ./sdk/Peripheral/ch32v30x_rcc.o
                0x000000000000716a                RCC_APB1PeriphResetCmd
 .text.SPI_I2S_DeInit
                0x00000000000071b0       0x76 ./sdk/Peripheral/ch32v30x_spi.o
                0x00000000000071b0                SPI_I2S_DeInit
 .text.SPI_Init
                0x0000000000007226       0xf8 ./sdk/Peripheral/ch32v30x_spi.o
                0x0000000000007226                SPI_Init
 .text.SPI_Cmd  0x000000000000731e       0x5a ./sdk/Peripheral/ch32v30x_spi.o
                0x000000000000731e                SPI_Cmd
 .text.TIM_GetITStatus
                0x0000000000007378       0x70 ./sdk/Peripheral/ch32v30x_tim.o
                0x0000000000007378                TIM_GetITStatus
 .text.TIM_ClearITPendingBit
                0x00000000000073e8       0x2e ./sdk/Peripheral/ch32v30x_tim.o
                0x00000000000073e8                TIM_ClearITPendingBit
 .text.USART_Init
                0x0000000000007416      0x234 ./sdk/Peripheral/ch32v30x_usart.o
                0x0000000000007416                USART_Init
 .text.USART_Cmd
                0x000000000000764a       0x60 ./sdk/Peripheral/ch32v30x_usart.o
                0x000000000000764a                USART_Cmd
 .text.USART_ITConfig
                0x00000000000076aa       0xc4 ./sdk/Peripheral/ch32v30x_usart.o
                0x00000000000076aa                USART_ITConfig
 .text.USART_SendData
                0x000000000000776e       0x2e ./sdk/Peripheral/ch32v30x_usart.o
                0x000000000000776e                USART_SendData
 .text.USART_GetFlagStatus
                0x000000000000779c       0x46 ./sdk/Peripheral/ch32v30x_usart.o
                0x000000000000779c                USART_GetFlagStatus
 .text.USART_GetITStatus
                0x00000000000077e2      0x102 ./sdk/Peripheral/ch32v30x_usart.o
                0x00000000000077e2                USART_GetITStatus
 .text.USART_ClearITPendingBit
                0x00000000000078e4       0x4e ./sdk/Peripheral/ch32v30x_usart.o
                0x00000000000078e4                USART_ClearITPendingBit
 .text.DevEP1_IN_Deal
                0x0000000000007932       0x3e ./sdk/Peripheral/ch32v30x_usbotg_device.o
                0x0000000000007932                DevEP1_IN_Deal
 .text.DevEP2_IN_Deal
                0x0000000000007970       0x3e ./sdk/Peripheral/ch32v30x_usbotg_device.o
                0x0000000000007970                DevEP2_IN_Deal
 .text.DevEP1_OUT_Deal
                0x00000000000079ae       0x66 ./sdk/Peripheral/ch32v30x_usbotg_device.o
                0x00000000000079ae                DevEP1_OUT_Deal
 .text.DevEP2_OUT_Deal
                0x0000000000007a14       0x66 ./sdk/Peripheral/ch32v30x_usbotg_device.o
                0x0000000000007a14                DevEP2_OUT_Deal
 .text.OTG_FS_IRQHandler
                0x0000000000007a7a      0xd16 ./sdk/Peripheral/ch32v30x_usbotg_device.o
                0x0000000000007a7a                OTG_FS_IRQHandler
 .text.find_mode
                0x0000000000008790      0x110 ./code/function/lib/kernel_smooth.o
                0x0000000000008790                find_mode
 .text.mode_convolve
                0x00000000000088a0       0xa6 ./code/function/lib/kernel_smooth.o
                0x00000000000088a0                mode_convolve
 .text.angleErr_cal
                0x0000000000008946      0x150 ./code/function/angleErr.o
                0x0000000000008946                angleErr_cal
 .text.image_cpy
                0x0000000000008a96       0x32 ./code/function/eight..o
                0x0000000000008a96                image_cpy
 .text.detectStartPoint
                0x0000000000008ac8      0x1d2 ./code/function/eight..o
                0x0000000000008ac8                detectStartPoint
 .text.isIN_map
                0x0000000000008c9a       0x3a ./code/function/eight..o
                0x0000000000008c9a                isIN_map
 .text.isRepeat
                0x0000000000008cd4       0x4c ./code/function/eight..o
                0x0000000000008cd4                isRepeat
 .text.eIGHT_neighbor
                0x0000000000008d20      0x5ba ./code/function/eight..o
                0x0000000000008d20                eIGHT_neighbor
 .text.kernel_smooth
                0x00000000000092da      0x164 ./code/function/eight..o
                0x00000000000092da                kernel_smooth
 .text.get_left
                0x000000000000943e       0xe6 ./code/function/eight..o
                0x000000000000943e                get_left
 .text.get_right
                0x0000000000009524       0xe8 ./code/function/eight..o
                0x0000000000009524                get_right
 .text.exclude_remote_miss
                0x000000000000960c       0xb4 ./code/function/eight..o
                0x000000000000960c                exclude_remote_miss
 .text.get_mid  0x00000000000096c0      0x204 ./code/function/eight..o
                0x00000000000096c0                get_mid
 .text.image_process
                0x00000000000098c4       0xf6 ./code/function/eight..o
                0x00000000000098c4                image_process
 .text.draw_output_image
                0x00000000000099ba      0x21e ./code/function/eight..o
                0x00000000000099ba                draw_output_image
 .text.eight_init
                0x0000000000009bd8       0xf8 ./code/function/eight..o
                0x0000000000009bd8                eight_init
 .text.eight_all_in_one
                0x0000000000009cd0       0x42 ./code/function/eight..o
                0x0000000000009cd0                eight_all_in_one
 .text.UI_Init  0x0000000000009d12       0x36 ./code/APP/UI.o
                0x0000000000009d12                UI_Init
 .text.UI_Update
                0x0000000000009d48       0x52 ./code/APP/UI.o
                0x0000000000009d48                UI_Update
 .text.UI_cursor_render
                0x0000000000009d9a       0x4a ./code/APP/UI.o
                0x0000000000009d9a                UI_cursor_render
 .text.UI_cursor_active
                0x0000000000009de4       0xf8 ./code/APP/UI.o
                0x0000000000009de4                UI_cursor_active
 .text.UI_Home  0x0000000000009edc       0x54 ./code/APP/UI.o
                0x0000000000009edc                UI_Home
 .text.UI_QucikRun
                0x0000000000009f30       0x26 ./code/APP/UI.o
                0x0000000000009f30                UI_QucikRun
 .text.UI_INFO  0x0000000000009f56       0x28 ./code/APP/UI.o
                0x0000000000009f56                UI_INFO
 .text.UI_CameraONLY
                0x0000000000009f7e       0x9c ./code/APP/UI.o
                0x0000000000009f7e                UI_CameraONLY
 .text.inte_control_init
                0x000000000000a01a       0x14 ./code/APP/integration_control.o
                0x000000000000a01a                inte_control_init
 .text.inte_control
                0x000000000000a02e       0x36 ./code/APP/integration_control.o
                0x000000000000a02e                inte_control
 .text.ctrl_QUICKRUN
                0x000000000000a064        0xe ./code/APP/integration_control.o
                0x000000000000a064                ctrl_QUICKRUN
 .text.ctrl_INFO
                0x000000000000a072        0xe ./code/APP/integration_control.o
                0x000000000000a072                ctrl_INFO
 .text.ctrl_CAMERAONLY
                0x000000000000a080       0x28 ./code/APP/integration_control.o
                0x000000000000a080                ctrl_CAMERAONLY
 .text.KEY_Init
                0x000000000000a0a8       0x6c ./code/APP/key.o
                0x000000000000a0a8                KEY_Init
 .text.KEY_Scan
                0x000000000000a114       0xca ./code/APP/key.o
                0x000000000000a114                KEY_Scan
 .text.key_control
                0x000000000000a1de      0x16a ./code/APP/key.o
                0x000000000000a1de                key_control
 .text.JumpInit
                0x000000000000a348       0xba ./code/cam_preprocess.o
                0x000000000000a348                JumpInit
 .text.ImageCompression
                0x000000000000a402       0xaa ./code/cam_preprocess.o
                0x000000000000a402                ImageCompression
 .text.Automatic_Threshold
                0x000000000000a4ac      0x208 ./code/cam_preprocess.o
                0x000000000000a4ac                Automatic_Threshold
 .text.GetBinarizedImage
                0x000000000000a6b4       0xc0 ./code/cam_preprocess.o
                0x000000000000a6b4                GetBinarizedImage
 .text.FillRunVectors
                0x000000000000a774      0x2ba ./code/cam_preprocess.o
 .text.LabeledConDomain
                0x000000000000aa2e      0x32c ./code/cam_preprocess.o
 .text.addEquival_next
                0x000000000000ad5a      0x146 ./code/cam_preprocess.o
 .text.addEquival_prev
                0x000000000000aea0       0xec ./code/cam_preprocess.o
 .text.Connected_Domain
                0x000000000000af8c      0x188 ./code/cam_preprocess.o
                0x000000000000af8c                Connected_Domain
 .text.CDM_Segment
                0x000000000000b114       0xc4 ./code/cam_preprocess.o
                0x000000000000b114                CDM_Segment
 .text.ImgPreprocess
                0x000000000000b1d8       0x82 ./code/cam_preprocess.o
                0x000000000000b1d8                ImgPreprocess
 .text.mt9v03x_write_word_sccb
                0x000000000000b25a       0x34 H:\projectLib\visionCar_v1.0\libraries\zf_device\libzf_device_config.a(zf_device_config.o)
 .text.mt9v03x_set_config_sccb
                0x000000000000b28e      0x602 H:\projectLib\visionCar_v1.0\libraries\zf_device\libzf_device_config.a(zf_device_config.o)
                0x000000000000b28e                mt9v03x_set_config_sccb
 .text.__adddf3
                0x000000000000b890      0xa0e h:/mounriver_studio/toolchain/risc-v embedded gcc/bin/../lib/gcc/riscv-none-embed/8.2.0/rv32imafc/ilp32f\libgcc.a(adddf3.o)
                0x000000000000b890                __adddf3
 .text.__divdf3
                0x000000000000c29e      0x7ea h:/mounriver_studio/toolchain/risc-v embedded gcc/bin/../lib/gcc/riscv-none-embed/8.2.0/rv32imafc/ilp32f\libgcc.a(divdf3.o)
                0x000000000000c29e                __divdf3
 .text.__eqdf2  0x000000000000ca88       0x98 h:/mounriver_studio/toolchain/risc-v embedded gcc/bin/../lib/gcc/riscv-none-embed/8.2.0/rv32imafc/ilp32f\libgcc.a(eqdf2.o)
                0x000000000000ca88                __nedf2
                0x000000000000ca88                __eqdf2
 .text.__gedf2  0x000000000000cb20       0xb6 h:/mounriver_studio/toolchain/risc-v embedded gcc/bin/../lib/gcc/riscv-none-embed/8.2.0/rv32imafc/ilp32f\libgcc.a(gedf2.o)
                0x000000000000cb20                __gedf2
                0x000000000000cb20                __gtdf2
 .text.__ledf2  0x000000000000cbd6       0xb6 h:/mounriver_studio/toolchain/risc-v embedded gcc/bin/../lib/gcc/riscv-none-embed/8.2.0/rv32imafc/ilp32f\libgcc.a(ledf2.o)
                0x000000000000cbd6                __ledf2
                0x000000000000cbd6                __ltdf2
 .text.__muldf3
                0x000000000000cc8c      0x656 h:/mounriver_studio/toolchain/risc-v embedded gcc/bin/../lib/gcc/riscv-none-embed/8.2.0/rv32imafc/ilp32f\libgcc.a(muldf3.o)
                0x000000000000cc8c                __muldf3
 .text.__subdf3
                0x000000000000d2e2      0xa8c h:/mounriver_studio/toolchain/risc-v embedded gcc/bin/../lib/gcc/riscv-none-embed/8.2.0/rv32imafc/ilp32f\libgcc.a(subdf3.o)
                0x000000000000d2e2                __subdf3
 .text.__unorddf2
                0x000000000000dd6e       0x7c h:/mounriver_studio/toolchain/risc-v embedded gcc/bin/../lib/gcc/riscv-none-embed/8.2.0/rv32imafc/ilp32f\libgcc.a(unorddf2.o)
                0x000000000000dd6e                __unorddf2
 .text.__fixdfsi
                0x000000000000ddea       0xd8 h:/mounriver_studio/toolchain/risc-v embedded gcc/bin/../lib/gcc/riscv-none-embed/8.2.0/rv32imafc/ilp32f\libgcc.a(fixdfsi.o)
                0x000000000000ddea                __fixdfsi
 .text.__fixunsdfsi
                0x000000000000dec2       0x9e h:/mounriver_studio/toolchain/risc-v embedded gcc/bin/../lib/gcc/riscv-none-embed/8.2.0/rv32imafc/ilp32f\libgcc.a(fixunsdfsi.o)
                0x000000000000dec2                __fixunsdfsi
 .text.__floatsidf
                0x000000000000df60       0x70 h:/mounriver_studio/toolchain/risc-v embedded gcc/bin/../lib/gcc/riscv-none-embed/8.2.0/rv32imafc/ilp32f\libgcc.a(floatsidf.o)
                0x000000000000df60                __floatsidf
 .text.__floatunsidf
                0x000000000000dfd0       0x66 h:/mounriver_studio/toolchain/risc-v embedded gcc/bin/../lib/gcc/riscv-none-embed/8.2.0/rv32imafc/ilp32f\libgcc.a(floatunsidf.o)
                0x000000000000dfd0                __floatunsidf
 .text.__extendsfdf2
                0x000000000000e036       0xe8 h:/mounriver_studio/toolchain/risc-v embedded gcc/bin/../lib/gcc/riscv-none-embed/8.2.0/rv32imafc/ilp32f\libgcc.a(extendsfdf2.o)
                0x000000000000e036                __extendsfdf2
 .text.__clzsi2
                0x000000000000e11e       0x76 h:/mounriver_studio/toolchain/risc-v embedded gcc/bin/../lib/gcc/riscv-none-embed/8.2.0/rv32imafc/ilp32f\libgcc.a(_clzsi2.o)
                0x000000000000e11e                __clzsi2
 .text.memcpy   0x000000000000e194       0xb6 h:/mounriver_studio/toolchain/risc-v embedded gcc/bin/../lib/gcc/riscv-none-embed/8.2.0/../../../../riscv-none-embed/lib/rv32imafc/ilp32f\libg_nano.a(lib_a-memcpy.o)
                0x000000000000e194                memcpy
 .text.__cvt    0x000000000000e24a       0xee h:/mounriver_studio/toolchain/risc-v embedded gcc/bin/../lib/gcc/riscv-none-embed/8.2.0/../../../../riscv-none-embed/lib/rv32imafc/ilp32f\libg_nano.a(lib_a-nano-vfprintf_float.o)
                0x000000000000e24a                __cvt
 .text.__exponent
                0x000000000000e338       0x8c h:/mounriver_studio/toolchain/risc-v embedded gcc/bin/../lib/gcc/riscv-none-embed/8.2.0/../../../../riscv-none-embed/lib/rv32imafc/ilp32f\libg_nano.a(lib_a-nano-vfprintf_float.o)
                0x000000000000e338                __exponent
 .text._printf_float
                0x000000000000e3c4      0x4c4 h:/mounriver_studio/toolchain/risc-v embedded gcc/bin/../lib/gcc/riscv-none-embed/8.2.0/../../../../riscv-none-embed/lib/rv32imafc/ilp32f\libg_nano.a(lib_a-nano-vfprintf_float.o)
                0x000000000000e3c4                _printf_float
 .text._printf_common
                0x000000000000e888      0x10c h:/mounriver_studio/toolchain/risc-v embedded gcc/bin/../lib/gcc/riscv-none-embed/8.2.0/../../../../riscv-none-embed/lib/rv32imafc/ilp32f\libg_nano.a(lib_a-nano-vfprintf_i.o)
                0x000000000000e888                _printf_common
 .text._printf_i
                0x000000000000e994      0x2ac h:/mounriver_studio/toolchain/risc-v embedded gcc/bin/../lib/gcc/riscv-none-embed/8.2.0/../../../../riscv-none-embed/lib/rv32imafc/ilp32f\libg_nano.a(lib_a-nano-vfprintf_i.o)
                0x000000000000e994                _printf_i
 .text.printf   0x000000000000ec40       0x42 h:/mounriver_studio/toolchain/risc-v embedded gcc/bin/../lib/gcc/riscv-none-embed/8.2.0/../../../../riscv-none-embed/lib/rv32imafc/ilp32f\libg_nano.a(lib_a-printf.o)
                0x000000000000ec40                iprintf
                0x000000000000ec40                printf
 .text.sprintf  0x000000000000ec82       0x46 h:/mounriver_studio/toolchain/risc-v embedded gcc/bin/../lib/gcc/riscv-none-embed/8.2.0/../../../../riscv-none-embed/lib/rv32imafc/ilp32f\libg_nano.a(lib_a-sprintf.o)
                0x000000000000ec82                siprintf
                0x000000000000ec82                sprintf
 .text.strlen   0x000000000000ecc8       0x12 h:/mounriver_studio/toolchain/risc-v embedded gcc/bin/../lib/gcc/riscv-none-embed/8.2.0/../../../../riscv-none-embed/lib/rv32imafc/ilp32f\libg_nano.a(lib_a-strlen.o)
                0x000000000000ecc8                strlen
 .text.strncmp  0x000000000000ecda       0x2c h:/mounriver_studio/toolchain/risc-v embedded gcc/bin/../lib/gcc/riscv-none-embed/8.2.0/../../../../riscv-none-embed/lib/rv32imafc/ilp32f\libg_nano.a(lib_a-strncmp.o)
                0x000000000000ecda                strncmp
 .text.quorem   0x000000000000ed06      0x13a h:/mounriver_studio/toolchain/risc-v embedded gcc/bin/../lib/gcc/riscv-none-embed/8.2.0/../../../../riscv-none-embed/lib/rv32imafc/ilp32f\libg_nano.a(lib_a-dtoa.o)
 .text._dtoa_r  0x000000000000ee40      0xbea h:/mounriver_studio/toolchain/risc-v embedded gcc/bin/../lib/gcc/riscv-none-embed/8.2.0/../../../../riscv-none-embed/lib/rv32imafc/ilp32f\libg_nano.a(lib_a-dtoa.o)
                0x000000000000ee40                _dtoa_r
 .text.std      0x000000000000fa2a       0x6a h:/mounriver_studio/toolchain/risc-v embedded gcc/bin/../lib/gcc/riscv-none-embed/8.2.0/../../../../riscv-none-embed/lib/rv32imafc/ilp32f\libg_nano.a(lib_a-findfp.o)
 .text._cleanup_r
                0x000000000000fa94        0xa h:/mounriver_studio/toolchain/risc-v embedded gcc/bin/../lib/gcc/riscv-none-embed/8.2.0/../../../../riscv-none-embed/lib/rv32imafc/ilp32f\libg_nano.a(lib_a-findfp.o)
                0x000000000000fa94                _cleanup_r
 .text.__sfmoreglue
                0x000000000000fa9e       0x48 h:/mounriver_studio/toolchain/risc-v embedded gcc/bin/../lib/gcc/riscv-none-embed/8.2.0/../../../../riscv-none-embed/lib/rv32imafc/ilp32f\libg_nano.a(lib_a-findfp.o)
                0x000000000000fa9e                __sfmoreglue
 .text.__sinit  0x000000000000fae6       0x6c h:/mounriver_studio/toolchain/risc-v embedded gcc/bin/../lib/gcc/riscv-none-embed/8.2.0/../../../../riscv-none-embed/lib/rv32imafc/ilp32f\libg_nano.a(lib_a-findfp.o)
                0x000000000000fae6                __sinit
 .text.__sfp    0x000000000000fb52       0xa0 h:/mounriver_studio/toolchain/risc-v embedded gcc/bin/../lib/gcc/riscv-none-embed/8.2.0/../../../../riscv-none-embed/lib/rv32imafc/ilp32f\libg_nano.a(lib_a-findfp.o)
                0x000000000000fb52                __sfp
 .text._fwalk_reent
                0x000000000000fbf2       0x6c h:/mounriver_studio/toolchain/risc-v embedded gcc/bin/../lib/gcc/riscv-none-embed/8.2.0/../../../../riscv-none-embed/lib/rv32imafc/ilp32f\libg_nano.a(lib_a-fwalk.o)
                0x000000000000fbf2                _fwalk_reent
 .text._localeconv_r
                0x000000000000fc5e       0x18 h:/mounriver_studio/toolchain/risc-v embedded gcc/bin/../lib/gcc/riscv-none-embed/8.2.0/../../../../riscv-none-embed/lib/rv32imafc/ilp32f\libg_nano.a(lib_a-localeconv.o)
                0x000000000000fc5e                _localeconv_r
 .text.malloc   0x000000000000fc76        0xc h:/mounriver_studio/toolchain/risc-v embedded gcc/bin/../lib/gcc/riscv-none-embed/8.2.0/../../../../riscv-none-embed/lib/rv32imafc/ilp32f\libg_nano.a(lib_a-malloc.o)
                0x000000000000fc76                malloc
 .text.memchr   0x000000000000fc82       0x1a h:/mounriver_studio/toolchain/risc-v embedded gcc/bin/../lib/gcc/riscv-none-embed/8.2.0/../../../../riscv-none-embed/lib/rv32imafc/ilp32f\libg_nano.a(lib_a-memchr.o)
                0x000000000000fc82                memchr
 .text._Balloc  0x000000000000fc9c       0x88 h:/mounriver_studio/toolchain/risc-v embedded gcc/bin/../lib/gcc/riscv-none-embed/8.2.0/../../../../riscv-none-embed/lib/rv32imafc/ilp32f\libg_nano.a(lib_a-mprec.o)
                0x000000000000fc9c                _Balloc
 .text._Bfree   0x000000000000fd24       0x44 h:/mounriver_studio/toolchain/risc-v embedded gcc/bin/../lib/gcc/riscv-none-embed/8.2.0/../../../../riscv-none-embed/lib/rv32imafc/ilp32f\libg_nano.a(lib_a-mprec.o)
                0x000000000000fd24                _Bfree
 .text.__multadd
                0x000000000000fd68       0x98 h:/mounriver_studio/toolchain/risc-v embedded gcc/bin/../lib/gcc/riscv-none-embed/8.2.0/../../../../riscv-none-embed/lib/rv32imafc/ilp32f\libg_nano.a(lib_a-mprec.o)
                0x000000000000fd68                __multadd
 .text.__hi0bits
                0x000000000000fe00       0x46 h:/mounriver_studio/toolchain/risc-v embedded gcc/bin/../lib/gcc/riscv-none-embed/8.2.0/../../../../riscv-none-embed/lib/rv32imafc/ilp32f\libg_nano.a(lib_a-mprec.o)
                0x000000000000fe00                __hi0bits
 .text.__lo0bits
                0x000000000000fe46       0x6a h:/mounriver_studio/toolchain/risc-v embedded gcc/bin/../lib/gcc/riscv-none-embed/8.2.0/../../../../riscv-none-embed/lib/rv32imafc/ilp32f\libg_nano.a(lib_a-mprec.o)
                0x000000000000fe46                __lo0bits
 .text.__i2b    0x000000000000feb0       0x1c h:/mounriver_studio/toolchain/risc-v embedded gcc/bin/../lib/gcc/riscv-none-embed/8.2.0/../../../../riscv-none-embed/lib/rv32imafc/ilp32f\libg_nano.a(lib_a-mprec.o)
                0x000000000000feb0                __i2b
 .text.__multiply
                0x000000000000fecc      0x144 h:/mounriver_studio/toolchain/risc-v embedded gcc/bin/../lib/gcc/riscv-none-embed/8.2.0/../../../../riscv-none-embed/lib/rv32imafc/ilp32f\libg_nano.a(lib_a-mprec.o)
                0x000000000000fecc                __multiply
 .text.__pow5mult
                0x0000000000010010       0xbe h:/mounriver_studio/toolchain/risc-v embedded gcc/bin/../lib/gcc/riscv-none-embed/8.2.0/../../../../riscv-none-embed/lib/rv32imafc/ilp32f\libg_nano.a(lib_a-mprec.o)
                0x0000000000010010                __pow5mult
 .text.__lshift
                0x00000000000100ce       0xce h:/mounriver_studio/toolchain/risc-v embedded gcc/bin/../lib/gcc/riscv-none-embed/8.2.0/../../../../riscv-none-embed/lib/rv32imafc/ilp32f\libg_nano.a(lib_a-mprec.o)
                0x00000000000100ce                __lshift
 .text.__mcmp   0x000000000001019c       0x32 h:/mounriver_studio/toolchain/risc-v embedded gcc/bin/../lib/gcc/riscv-none-embed/8.2.0/../../../../riscv-none-embed/lib/rv32imafc/ilp32f\libg_nano.a(lib_a-mprec.o)
                0x000000000001019c                __mcmp
 .text.__mdiff  0x00000000000101ce       0xf2 h:/mounriver_studio/toolchain/risc-v embedded gcc/bin/../lib/gcc/riscv-none-embed/8.2.0/../../../../riscv-none-embed/lib/rv32imafc/ilp32f\libg_nano.a(lib_a-mprec.o)
                0x00000000000101ce                __mdiff
 .text.__d2b    0x00000000000102c0       0xd4 h:/mounriver_studio/toolchain/risc-v embedded gcc/bin/../lib/gcc/riscv-none-embed/8.2.0/../../../../riscv-none-embed/lib/rv32imafc/ilp32f\libg_nano.a(lib_a-mprec.o)
                0x00000000000102c0                __d2b
 .text._calloc_r
                0x0000000000010394       0x26 h:/mounriver_studio/toolchain/risc-v embedded gcc/bin/../lib/gcc/riscv-none-embed/8.2.0/../../../../riscv-none-embed/lib/rv32imafc/ilp32f\libg_nano.a(lib_a-nano-callocr.o)
                0x0000000000010394                _calloc_r
 .text._free_r  0x00000000000103ba       0xa8 h:/mounriver_studio/toolchain/risc-v embedded gcc/bin/../lib/gcc/riscv-none-embed/8.2.0/../../../../riscv-none-embed/lib/rv32imafc/ilp32f\libg_nano.a(lib_a-nano-freer.o)
                0x00000000000103ba                _free_r
 .text._malloc_r
                0x0000000000010462       0xd4 h:/mounriver_studio/toolchain/risc-v embedded gcc/bin/../lib/gcc/riscv-none-embed/8.2.0/../../../../riscv-none-embed/lib/rv32imafc/ilp32f\libg_nano.a(lib_a-nano-mallocr.o)
                0x0000000000010462                _malloc_r
 .text.__ssputs_r
                0x0000000000010536       0xee h:/mounriver_studio/toolchain/risc-v embedded gcc/bin/../lib/gcc/riscv-none-embed/8.2.0/../../../../riscv-none-embed/lib/rv32imafc/ilp32f\libg_nano.a(lib_a-nano-svfprintf.o)
                0x0000000000010536                __ssputs_r
 .text._svfprintf_r
                0x0000000000010624      0x27e h:/mounriver_studio/toolchain/risc-v embedded gcc/bin/../lib/gcc/riscv-none-embed/8.2.0/../../../../riscv-none-embed/lib/rv32imafc/ilp32f\libg_nano.a(lib_a-nano-svfprintf.o)
                0x0000000000010624                _svfiprintf_r
                0x0000000000010624                _svfprintf_r
 .text.__sfputc_r
                0x00000000000108a2       0x28 h:/mounriver_studio/toolchain/risc-v embedded gcc/bin/../lib/gcc/riscv-none-embed/8.2.0/../../../../riscv-none-embed/lib/rv32imafc/ilp32f\libg_nano.a(lib_a-nano-vfprintf.o)
 .text.__sfputs_r
                0x00000000000108ca       0x44 h:/mounriver_studio/toolchain/risc-v embedded gcc/bin/../lib/gcc/riscv-none-embed/8.2.0/../../../../riscv-none-embed/lib/rv32imafc/ilp32f\libg_nano.a(lib_a-nano-vfprintf.o)
                0x00000000000108ca                __sfputs_r
 .text._vfprintf_r
                0x000000000001090e      0x29e h:/mounriver_studio/toolchain/risc-v embedded gcc/bin/../lib/gcc/riscv-none-embed/8.2.0/../../../../riscv-none-embed/lib/rv32imafc/ilp32f\libg_nano.a(lib_a-nano-vfprintf.o)
                0x000000000001090e                _vfprintf_r
                0x000000000001090e                _vfiprintf_r
 .text._sbrk_r  0x0000000000010bac       0x32 h:/mounriver_studio/toolchain/risc-v embedded gcc/bin/../lib/gcc/riscv-none-embed/8.2.0/../../../../riscv-none-embed/lib/rv32imafc/ilp32f\libg_nano.a(lib_a-sbrkr.o)
                0x0000000000010bac                _sbrk_r
 .text.__sread  0x0000000000010bde       0x30 h:/mounriver_studio/toolchain/risc-v embedded gcc/bin/../lib/gcc/riscv-none-embed/8.2.0/../../../../riscv-none-embed/lib/rv32imafc/ilp32f\libg_nano.a(lib_a-stdio.o)
                0x0000000000010bde                __sread
 .text.__swrite
                0x0000000000010c0e       0x4e h:/mounriver_studio/toolchain/risc-v embedded gcc/bin/../lib/gcc/riscv-none-embed/8.2.0/../../../../riscv-none-embed/lib/rv32imafc/ilp32f\libg_nano.a(lib_a-stdio.o)
                0x0000000000010c0e                __swrite
 .text.__sseek  0x0000000000010c5c       0x36 h:/mounriver_studio/toolchain/risc-v embedded gcc/bin/../lib/gcc/riscv-none-embed/8.2.0/../../../../riscv-none-embed/lib/rv32imafc/ilp32f\libg_nano.a(lib_a-stdio.o)
                0x0000000000010c5c                __sseek
 .text.__sclose
                0x0000000000010c92        0x6 h:/mounriver_studio/toolchain/risc-v embedded gcc/bin/../lib/gcc/riscv-none-embed/8.2.0/../../../../riscv-none-embed/lib/rv32imafc/ilp32f\libg_nano.a(lib_a-stdio.o)
                0x0000000000010c92                __sclose
 .text.__swbuf_r
                0x0000000000010c98       0xc2 h:/mounriver_studio/toolchain/risc-v embedded gcc/bin/../lib/gcc/riscv-none-embed/8.2.0/../../../../riscv-none-embed/lib/rv32imafc/ilp32f\libg_nano.a(lib_a-wbuf.o)
                0x0000000000010c98                __swbuf_r
 .text._write_r
                0x0000000000010d5a       0x36 h:/mounriver_studio/toolchain/risc-v embedded gcc/bin/../lib/gcc/riscv-none-embed/8.2.0/../../../../riscv-none-embed/lib/rv32imafc/ilp32f\libg_nano.a(lib_a-writer.o)
                0x0000000000010d5a                _write_r
 .text.__swsetup_r
                0x0000000000010d90      0x110 h:/mounriver_studio/toolchain/risc-v embedded gcc/bin/../lib/gcc/riscv-none-embed/8.2.0/../../../../riscv-none-embed/lib/rv32imafc/ilp32f\libg_nano.a(lib_a-wsetup.o)
                0x0000000000010d90                __swsetup_r
 .text._close_r
                0x0000000000010ea0       0x32 h:/mounriver_studio/toolchain/risc-v embedded gcc/bin/../lib/gcc/riscv-none-embed/8.2.0/../../../../riscv-none-embed/lib/rv32imafc/ilp32f\libg_nano.a(lib_a-closer.o)
                0x0000000000010ea0                _close_r
 .text.__sflush_r
                0x0000000000010ed2      0x13e h:/mounriver_studio/toolchain/risc-v embedded gcc/bin/../lib/gcc/riscv-none-embed/8.2.0/../../../../riscv-none-embed/lib/rv32imafc/ilp32f\libg_nano.a(lib_a-fflush.o)
                0x0000000000010ed2                __sflush_r
 .text._fflush_r
                0x0000000000011010       0x68 h:/mounriver_studio/toolchain/risc-v embedded gcc/bin/../lib/gcc/riscv-none-embed/8.2.0/../../../../riscv-none-embed/lib/rv32imafc/ilp32f\libg_nano.a(lib_a-fflush.o)
                0x0000000000011010                _fflush_r
 .text._lseek_r
                0x0000000000011078       0x34 h:/mounriver_studio/toolchain/risc-v embedded gcc/bin/../lib/gcc/riscv-none-embed/8.2.0/../../../../riscv-none-embed/lib/rv32imafc/ilp32f\libg_nano.a(lib_a-lseekr.o)
                0x0000000000011078                _lseek_r
 .text.__swhatbuf_r
                0x00000000000110ac       0x58 h:/mounriver_studio/toolchain/risc-v embedded gcc/bin/../lib/gcc/riscv-none-embed/8.2.0/../../../../riscv-none-embed/lib/rv32imafc/ilp32f\libg_nano.a(lib_a-makebuf.o)
                0x00000000000110ac                __swhatbuf_r
 .text.__smakebuf_r
                0x0000000000011104       0xa0 h:/mounriver_studio/toolchain/risc-v embedded gcc/bin/../lib/gcc/riscv-none-embed/8.2.0/../../../../riscv-none-embed/lib/rv32imafc/ilp32f\libg_nano.a(lib_a-makebuf.o)
                0x0000000000011104                __smakebuf_r
 .text.__ascii_mbtowc
                0x00000000000111a4       0x3a h:/mounriver_studio/toolchain/risc-v embedded gcc/bin/../lib/gcc/riscv-none-embed/8.2.0/../../../../riscv-none-embed/lib/rv32imafc/ilp32f\libg_nano.a(lib_a-mbtowc_r.o)
                0x00000000000111a4                __ascii_mbtowc
 .text.memmove  0x00000000000111de       0x4a h:/mounriver_studio/toolchain/risc-v embedded gcc/bin/../lib/gcc/riscv-none-embed/8.2.0/../../../../riscv-none-embed/lib/rv32imafc/ilp32f\libg_nano.a(lib_a-memmove.o)
                0x00000000000111de                memmove
 .text.__malloc_lock
                0x0000000000011228        0x2 h:/mounriver_studio/toolchain/risc-v embedded gcc/bin/../lib/gcc/riscv-none-embed/8.2.0/../../../../riscv-none-embed/lib/rv32imafc/ilp32f\libg_nano.a(lib_a-mlock.o)
                0x0000000000011228                __malloc_lock
 .text.__malloc_unlock
                0x000000000001122a        0x2 h:/mounriver_studio/toolchain/risc-v embedded gcc/bin/../lib/gcc/riscv-none-embed/8.2.0/../../../../riscv-none-embed/lib/rv32imafc/ilp32f\libg_nano.a(lib_a-mlock.o)
                0x000000000001122a                __malloc_unlock
 .text._realloc_r
                0x000000000001122c       0x58 h:/mounriver_studio/toolchain/risc-v embedded gcc/bin/../lib/gcc/riscv-none-embed/8.2.0/../../../../riscv-none-embed/lib/rv32imafc/ilp32f\libg_nano.a(lib_a-nano-reallocr.o)
                0x000000000001122c                _realloc_r
 .text._read_r  0x0000000000011284       0x34 h:/mounriver_studio/toolchain/risc-v embedded gcc/bin/../lib/gcc/riscv-none-embed/8.2.0/../../../../riscv-none-embed/lib/rv32imafc/ilp32f\libg_nano.a(lib_a-readr.o)
                0x0000000000011284                _read_r
 .text.__ascii_wctomb
                0x00000000000112b8       0x20 h:/mounriver_studio/toolchain/risc-v embedded gcc/bin/../lib/gcc/riscv-none-embed/8.2.0/../../../../riscv-none-embed/lib/rv32imafc/ilp32f\libg_nano.a(lib_a-wctomb_r.o)
                0x00000000000112b8                __ascii_wctomb
 .text._fstat_r
                0x00000000000112d8       0x32 h:/mounriver_studio/toolchain/risc-v embedded gcc/bin/../lib/gcc/riscv-none-embed/8.2.0/../../../../riscv-none-embed/lib/rv32imafc/ilp32f\libg_nano.a(lib_a-fstatr.o)
                0x00000000000112d8                _fstat_r
 .text._isatty_r
                0x000000000001130a       0x30 h:/mounriver_studio/toolchain/risc-v embedded gcc/bin/../lib/gcc/riscv-none-embed/8.2.0/../../../../riscv-none-embed/lib/rv32imafc/ilp32f\libg_nano.a(lib_a-isattyr.o)
                0x000000000001130a                _isatty_r
 .text._malloc_usable_size_r
                0x000000000001133a       0x14 h:/mounriver_studio/toolchain/risc-v embedded gcc/bin/../lib/gcc/riscv-none-embed/8.2.0/../../../../riscv-none-embed/lib/rv32imafc/ilp32f\libg_nano.a(lib_a-nano-msizer.o)
                0x000000000001133a                _malloc_usable_size_r
 .text.__trunctfdf2
                0x000000000001134e      0x3d0 h:/mounriver_studio/toolchain/risc-v embedded gcc/bin/../lib/gcc/riscv-none-embed/8.2.0/rv32imafc/ilp32f\libgcc.a(trunctfdf2.o)
                0x000000000001134e                __trunctfdf2
 .text._close   0x000000000001171e       0x10 h:/mounriver_studio/toolchain/risc-v embedded gcc/bin/../lib/gcc/riscv-none-embed/8.2.0/../../../../riscv-none-embed/lib/rv32imafc/ilp32f\libnosys.a(close.o)
                0x000000000001171e                _close
 .text._fstat   0x000000000001172e       0x10 h:/mounriver_studio/toolchain/risc-v embedded gcc/bin/../lib/gcc/riscv-none-embed/8.2.0/../../../../riscv-none-embed/lib/rv32imafc/ilp32f\libnosys.a(fstat.o)
                0x000000000001172e                _fstat
 .text._isatty  0x000000000001173e       0x10 h:/mounriver_studio/toolchain/risc-v embedded gcc/bin/../lib/gcc/riscv-none-embed/8.2.0/../../../../riscv-none-embed/lib/rv32imafc/ilp32f\libnosys.a(isatty.o)
                0x000000000001173e                _isatty
 .text._lseek   0x000000000001174e       0x10 h:/mounriver_studio/toolchain/risc-v embedded gcc/bin/../lib/gcc/riscv-none-embed/8.2.0/../../../../riscv-none-embed/lib/rv32imafc/ilp32f\libnosys.a(lseek.o)
                0x000000000001174e                _lseek
 .text._read    0x000000000001175e       0x10 h:/mounriver_studio/toolchain/risc-v embedded gcc/bin/../lib/gcc/riscv-none-embed/8.2.0/../../../../riscv-none-embed/lib/rv32imafc/ilp32f\libnosys.a(read.o)
                0x000000000001175e                _read
 .text._sbrk    0x000000000001176e       0x24 h:/mounriver_studio/toolchain/risc-v embedded gcc/bin/../lib/gcc/riscv-none-embed/8.2.0/../../../../riscv-none-embed/lib/rv32imafc/ilp32f\libnosys.a(sbrk.o)
                0x000000000001176e                _sbrk
 *(.rodata)
 *fill*         0x0000000000011792        0x2 
 .rodata        0x0000000000011794       0x46 ./zf_driver/zf_driver_soft_iic.o
 *fill*         0x00000000000117da        0x2 
 .rodata        0x00000000000117dc       0x41 ./zf_driver/zf_driver_spi.o
 *fill*         0x000000000001181d        0x3 
 .rodata        0x0000000000011820       0x42 ./zf_driver/zf_driver_uart.o
 *fill*         0x0000000000011862        0x6 
 .rodata        0x0000000000011868        0x8 ./zf_device/zf_device_dm1xa.o
 .rodata        0x0000000000011870       0xf0 ./zf_device/zf_device_gps_tau1201.o
 .rodata        0x0000000000011960       0x82 ./zf_device/zf_device_mt9v03x_dvp.o
 *fill*         0x00000000000119e2        0x6 
 .rodata        0x00000000000119e8       0x58 ./zf_device/zf_device_tft180.o
 .rodata        0x0000000000011a40       0x78 ./zf_common/zf_common_debug.o
 .rodata        0x0000000000011ab8       0x42 ./zf_common/zf_common_fifo.o
 *fill*         0x0000000000011afa        0x6 
 .rodata        0x0000000000011b00       0x88 ./zf_common/zf_common_function.o
 .rodata        0x0000000000011b88       0x41 ./sdk/Peripheral/ch32v30x_usbotg_device.o
 *fill*         0x0000000000011bc9        0x7 
 .rodata        0x0000000000011bd0       0x60 ./code/function/angleErr.o
 .rodata        0x0000000000011c30       0x27 ./code/APP/UI.o
 *fill*         0x0000000000011c57        0x1 
 .rodata        0x0000000000011c58       0x10 ./code/cam_preprocess.o
 *(.rodata*)
 .rodata.spi_index
                0x0000000000011c68        0xc ./zf_driver/zf_driver_spi.o
                0x0000000000011c68                spi_index
 .rodata.timer_get
                0x0000000000011c74       0x28 ./zf_driver/zf_driver_timer.o
 .rodata.timer_clear
                0x0000000000011c9c       0x28 ./zf_driver/zf_driver_timer.o
 .rodata.uart_index
                0x0000000000011cc4       0x20 ./zf_driver/zf_driver_uart.o
                0x0000000000011cc4                uart_index
 .rodata.ascii_font_8x16
                0x0000000000011ce4      0x5f0 ./zf_common/zf_common_font.o
                0x0000000000011ce4                ascii_font_8x16
 .rodata.ascii_font_6x8
                0x00000000000122d4      0x228 ./zf_common/zf_common_font.o
                0x00000000000122d4                ascii_font_6x8
 .rodata.MyDevDescrHD
                0x00000000000124fc       0x12 ./sdk/Peripheral/ch32v30x_usbotg_device.o
                0x00000000000124fc                MyDevDescrHD
 *fill*         0x000000000001250e        0x2 
 .rodata.MyCfgDescrHD
                0x0000000000012510       0x43 ./sdk/Peripheral/ch32v30x_usbotg_device.o
                0x0000000000012510                MyCfgDescrHD
 *fill*         0x0000000000012553        0x1 
 .rodata.MyReportDescHD
                0x0000000000012554       0x14 ./sdk/Peripheral/ch32v30x_usbotg_device.o
                0x0000000000012554                MyReportDescHD
 .rodata.MyManuInfoHD
                0x0000000000012568        0xe ./sdk/Peripheral/ch32v30x_usbotg_device.o
                0x0000000000012568                MyManuInfoHD
 *fill*         0x0000000000012576        0x2 
 .rodata.MyProdInfoHD
                0x0000000000012578        0xc ./sdk/Peripheral/ch32v30x_usbotg_device.o
                0x0000000000012578                MyProdInfoHD
 .rodata.MySerNumInfoHD
                0x0000000000012584       0x16 ./sdk/Peripheral/ch32v30x_usbotg_device.o
                0x0000000000012584                MySerNumInfoHD
 *fill*         0x000000000001259a        0x2 
 .rodata.MyUSBQUADescHD
                0x000000000001259c        0xa ./sdk/Peripheral/ch32v30x_usbotg_device.o
                0x000000000001259c                MyUSBQUADescHD
 *fill*         0x00000000000125a6        0x2 
 .rodata.OTG_FS_IRQHandler
                0x00000000000125a8       0xbc ./sdk/Peripheral/ch32v30x_usbotg_device.o
 .rodata.__divdf3
                0x0000000000012664       0x40 h:/mounriver_studio/toolchain/risc-v embedded gcc/bin/../lib/gcc/riscv-none-embed/8.2.0/rv32imafc/ilp32f\libgcc.a(divdf3.o)
 .rodata.__muldf3
                0x00000000000126a4       0x40 h:/mounriver_studio/toolchain/risc-v embedded gcc/bin/../lib/gcc/riscv-none-embed/8.2.0/rv32imafc/ilp32f\libgcc.a(muldf3.o)
 .rodata.__clz_tab
                0x00000000000126e4      0x100 h:/mounriver_studio/toolchain/risc-v embedded gcc/bin/../lib/gcc/riscv-none-embed/8.2.0/rv32imafc/ilp32f\libgcc.a(_clz.o)
                0x00000000000126e4                __clz_tab
 *fill*         0x00000000000127e4        0x4 
 .rodata._printf_float.cst8
                0x00000000000127e8        0x8 h:/mounriver_studio/toolchain/risc-v embedded gcc/bin/../lib/gcc/riscv-none-embed/8.2.0/../../../../riscv-none-embed/lib/rv32imafc/ilp32f\libg_nano.a(lib_a-nano-vfprintf_float.o)
 .rodata._printf_float.str1.4
                0x00000000000127f0       0x12 h:/mounriver_studio/toolchain/risc-v embedded gcc/bin/../lib/gcc/riscv-none-embed/8.2.0/../../../../riscv-none-embed/lib/rv32imafc/ilp32f\libg_nano.a(lib_a-nano-vfprintf_float.o)
 *fill*         0x0000000000012802        0x2 
 .rodata._printf_i.str1.4
                0x0000000000012804       0x25 h:/mounriver_studio/toolchain/risc-v embedded gcc/bin/../lib/gcc/riscv-none-embed/8.2.0/../../../../riscv-none-embed/lib/rv32imafc/ilp32f\libg_nano.a(lib_a-nano-vfprintf_i.o)
 *fill*         0x0000000000012829        0x7 
 .rodata._dtoa_r.cst8
                0x0000000000012830       0x48 h:/mounriver_studio/toolchain/risc-v embedded gcc/bin/../lib/gcc/riscv-none-embed/8.2.0/../../../../riscv-none-embed/lib/rv32imafc/ilp32f\libg_nano.a(lib_a-dtoa.o)
 .rodata._dtoa_r.str1.4
                0x0000000000012878       0x10 h:/mounriver_studio/toolchain/risc-v embedded gcc/bin/../lib/gcc/riscv-none-embed/8.2.0/../../../../riscv-none-embed/lib/rv32imafc/ilp32f\libg_nano.a(lib_a-dtoa.o)
                                         0x12 (size before relaxing)
 .rodata.__sf_fake_stderr
                0x0000000000012888       0x20 h:/mounriver_studio/toolchain/risc-v embedded gcc/bin/../lib/gcc/riscv-none-embed/8.2.0/../../../../riscv-none-embed/lib/rv32imafc/ilp32f\libg_nano.a(lib_a-findfp.o)
                0x0000000000012888                __sf_fake_stderr
 .rodata.__sf_fake_stdin
                0x00000000000128a8       0x20 h:/mounriver_studio/toolchain/risc-v embedded gcc/bin/../lib/gcc/riscv-none-embed/8.2.0/../../../../riscv-none-embed/lib/rv32imafc/ilp32f\libg_nano.a(lib_a-findfp.o)
                0x00000000000128a8                __sf_fake_stdin
 .rodata.__sf_fake_stdout
                0x00000000000128c8       0x20 h:/mounriver_studio/toolchain/risc-v embedded gcc/bin/../lib/gcc/riscv-none-embed/8.2.0/../../../../riscv-none-embed/lib/rv32imafc/ilp32f\libg_nano.a(lib_a-findfp.o)
                0x00000000000128c8                __sf_fake_stdout
 .rodata.__mprec_bigtens
                0x00000000000128e8       0x28 h:/mounriver_studio/toolchain/risc-v embedded gcc/bin/../lib/gcc/riscv-none-embed/8.2.0/../../../../riscv-none-embed/lib/rv32imafc/ilp32f\libg_nano.a(lib_a-mprec.o)
                0x00000000000128e8                __mprec_bigtens
 .rodata.__mprec_tens
                0x0000000000012910       0xc8 h:/mounriver_studio/toolchain/risc-v embedded gcc/bin/../lib/gcc/riscv-none-embed/8.2.0/../../../../riscv-none-embed/lib/rv32imafc/ilp32f\libg_nano.a(lib_a-mprec.o)
                0x0000000000012910                __mprec_tens
 .rodata.p05.3321
                0x00000000000129d8        0xc h:/mounriver_studio/toolchain/risc-v embedded gcc/bin/../lib/gcc/riscv-none-embed/8.2.0/../../../../riscv-none-embed/lib/rv32imafc/ilp32f\libg_nano.a(lib_a-mprec.o)
 .rodata._svfprintf_r.str1.4
                0x00000000000129e4       0x13 h:/mounriver_studio/toolchain/risc-v embedded gcc/bin/../lib/gcc/riscv-none-embed/8.2.0/../../../../riscv-none-embed/lib/rv32imafc/ilp32f\libg_nano.a(lib_a-nano-svfprintf.o)
 .rodata._vfprintf_r.str1.4
                0x00000000000129f7       0x13 h:/mounriver_studio/toolchain/risc-v embedded gcc/bin/../lib/gcc/riscv-none-embed/8.2.0/../../../../riscv-none-embed/lib/rv32imafc/ilp32f\libg_nano.a(lib_a-nano-vfprintf.o)
 *fill*         0x00000000000129f7        0x1 
 .rodata._setlocale_r.str1.4
                0x00000000000129f8        0xa h:/mounriver_studio/toolchain/risc-v embedded gcc/bin/../lib/gcc/riscv-none-embed/8.2.0/../../../../riscv-none-embed/lib/rv32imafc/ilp32f\libg_nano.a(lib_a-locale.o)
                                          0xd (size before relaxing)
 *fill*         0x0000000000012a02        0x2 
 .rodata.str1.4
                0x0000000000012a04        0x4 h:/mounriver_studio/toolchain/risc-v embedded gcc/bin/../lib/gcc/riscv-none-embed/8.2.0/../../../../riscv-none-embed/lib/rv32imafc/ilp32f\libg_nano.a(lib_a-locale.o)
                                          0x2 (size before relaxing)
 .rodata._ctype_
                0x0000000000012a08      0x101 h:/mounriver_studio/toolchain/risc-v embedded gcc/bin/../lib/gcc/riscv-none-embed/8.2.0/../../../../riscv-none-embed/lib/rv32imafc/ilp32f\libg_nano.a(lib_a-ctype_.o)
                0x0000000000012a08                _ctype_
 *(.glue_7)
 *(.glue_7t)
 *(.gnu.linkonce.t.*)
                0x0000000000012b0c                . = ALIGN (0x4)
 *fill*         0x0000000000012b09        0x3 

.rela.dyn       0x0000000000012b0c        0x0
 .rela.init     0x0000000000012b0c        0x0 ./zf_driver/zf_driver_delay.o
 .rela.vector   0x0000000000012b0c        0x0 ./zf_driver/zf_driver_delay.o
 .rela.text.handle_reset
                0x0000000000012b0c        0x0 ./zf_driver/zf_driver_delay.o
 .rela.text._svfprintf_r
                0x0000000000012b0c        0x0 ./zf_driver/zf_driver_delay.o
 .rela.text._vfprintf_r
                0x0000000000012b0c        0x0 ./zf_driver/zf_driver_delay.o
 .rela.text._sbrk_r
                0x0000000000012b0c        0x0 ./zf_driver/zf_driver_delay.o
 .rela.text._write_r
                0x0000000000012b0c        0x0 ./zf_driver/zf_driver_delay.o
 .rela.text._close_r
                0x0000000000012b0c        0x0 ./zf_driver/zf_driver_delay.o
 .rela.text._lseek_r
                0x0000000000012b0c        0x0 ./zf_driver/zf_driver_delay.o
 .rela.text._read_r
                0x0000000000012b0c        0x0 ./zf_driver/zf_driver_delay.o
 .rela.text._fstat_r
                0x0000000000012b0c        0x0 ./zf_driver/zf_driver_delay.o
 .rela.text._isatty_r
                0x0000000000012b0c        0x0 ./zf_driver/zf_driver_delay.o
 .rela.text._close
                0x0000000000012b0c        0x0 ./zf_driver/zf_driver_delay.o
 .rela.text._fstat
                0x0000000000012b0c        0x0 ./zf_driver/zf_driver_delay.o
 .rela.text._isatty
                0x0000000000012b0c        0x0 ./zf_driver/zf_driver_delay.o
 .rela.text._lseek
                0x0000000000012b0c        0x0 ./zf_driver/zf_driver_delay.o
 .rela.text._read
                0x0000000000012b0c        0x0 ./zf_driver/zf_driver_delay.o
 .rela.text._sbrk
                0x0000000000012b0c        0x0 ./zf_driver/zf_driver_delay.o

.fini           0x0000000000012b0c        0x0
 *(SORT_NONE(.fini))
                0x0000000000012b0c                . = ALIGN (0x4)
                [!provide]                        PROVIDE (_etext = .)
                [!provide]                        PROVIDE (_eitcm = .)

.preinit_array  0x0000000000012b0c        0x0
                [!provide]                        PROVIDE (__preinit_array_start = .)
 *(.preinit_array)
                [!provide]                        PROVIDE (__preinit_array_end = .)

.init_array     0x0000000000012b0c        0x0
                [!provide]                        PROVIDE (__init_array_start = .)
 *(SORT_BY_INIT_PRIORITY(.init_array.*) SORT_BY_INIT_PRIORITY(.ctors.*))
 *(.init_array EXCLUDE_FILE(*crtend?.o *crtend.o *crtbegin?.o *crtbegin.o) .ctors)
                [!provide]                        PROVIDE (__init_array_end = .)

.fini_array     0x0000000000012b0c        0x0
                [!provide]                        PROVIDE (__fini_array_start = .)
 *(SORT_BY_INIT_PRIORITY(.fini_array.*) SORT_BY_INIT_PRIORITY(.dtors.*))
 *(.fini_array EXCLUDE_FILE(*crtend?.o *crtend.o *crtbegin?.o *crtbegin.o) .dtors)
                [!provide]                        PROVIDE (__fini_array_end = .)

.ctors
 *crtbegin.o(.ctors)
 *crtbegin?.o(.ctors)
 *(EXCLUDE_FILE(*crtend?.o *crtend.o) .ctors)
 *(SORT_BY_NAME(.ctors.*))
 *(.ctors)

.dtors
 *crtbegin.o(.dtors)
 *crtbegin?.o(.dtors)
 *(EXCLUDE_FILE(*crtend?.o *crtend.o) .dtors)
 *(SORT_BY_NAME(.dtors.*))
 *(.dtors)

.dalign         0x0000000020000040        0x0 load address 0x0000000000012b0c
                0x0000000020000040                . = ALIGN (0x4)
                0x0000000020000040                PROVIDE (_data_vma = .)

.dlalign        0x0000000000012b0c        0x0
                0x0000000000012b0c                . = ALIGN (0x4)
                0x0000000000012b0c                PROVIDE (_data_lma = .)

.data           0x0000000020000040      0x390 load address 0x0000000000012b0c
 *(.gnu.linkonce.r.*)
 *(.data .data.*)
 .data.gpio_group
                0x0000000020000040       0x14 ./zf_driver/zf_driver_gpio.o
                0x0000000020000040                gpio_group
 .data.mt9v03x_set_confing_buffer
                0x0000000020000054       0x28 ./zf_device/zf_device_mt9v03x_dvp.o
 .data.mt9v03x_get_confing_buffer
                0x000000002000007c       0x24 ./zf_device/zf_device_mt9v03x_dvp.o
 .data.APBAHBPrescTable
                0x00000000200000a0       0x10 ./sdk/Peripheral/ch32v30x_rcc.o
 .data.TAB_USB_FS_OSC_DESC
                0x00000000200000b0       0x43 ./sdk/Peripheral/ch32v30x_usbotg_device.o
                0x00000000200000b0                TAB_USB_FS_OSC_DESC
 *fill*         0x00000000200000f3        0x1 
 .data.weight2  0x00000000200000f4       0x3c ./code/function/angleErr.o
                0x00000000200000f4                weight2
 .data.EIGHT_SEARCH_CL
                0x0000000020000130       0x48 ./code/function/eight..o
                0x0000000020000130                EIGHT_SEARCH_CL
 .data.oppo_index
                0x0000000020000178        0x9 ./code/function/eight..o
                0x0000000020000178                oppo_index
 *fill*         0x0000000020000181        0x3 
 .data.menu_str
                0x0000000020000184        0xc ./code/APP/UI.o
                0x0000000020000184                menu_str
 .data.ImgConf  0x0000000020000190       0x10 ./code/cam_preprocess.o
                0x0000000020000190                ImgConf
 .data.impure_data
                0x00000000200001a0       0x60 h:/mounriver_studio/toolchain/risc-v embedded gcc/bin/../lib/gcc/riscv-none-embed/8.2.0/../../../../riscv-none-embed/lib/rv32imafc/ilp32f\libg_nano.a(lib_a-impure.o)
 .data.__global_locale
                0x0000000020000200      0x16c h:/mounriver_studio/toolchain/risc-v embedded gcc/bin/../lib/gcc/riscv-none-embed/8.2.0/../../../../riscv-none-embed/lib/rv32imafc/ilp32f\libg_nano.a(lib_a-locale.o)
                0x0000000020000200                __global_locale
 *(.gnu.linkonce.d.*)
                0x0000000020000370                . = ALIGN (0x8)
 *fill*         0x000000002000036c        0x4 
                0x0000000020000b70                PROVIDE (__global_pointer$ = (. + 0x800))
 *(.sdata .sdata.*)
 .sdata.dm1xa_distance_mm
                0x0000000020000370        0x2 ./zf_device/zf_device_dm1xa.o
 .sdata.tft180_pencolor
                0x0000000020000372        0x2 ./zf_device/zf_device_tft180.o
 .sdata.tft180_bgcolor
                0x0000000020000374        0x2 ./zf_device/zf_device_tft180.o
 *fill*         0x0000000020000376        0x2 
 .sdata.tft180_display_font
                0x0000000020000378        0x4 ./zf_device/zf_device_tft180.o
 .sdata.tft180_x_max
                0x000000002000037c        0x1 ./zf_device/zf_device_tft180.o
 .sdata.tft180_y_max
                0x000000002000037d        0x1 ./zf_device/zf_device_tft180.o
 *fill*         0x000000002000037e        0x2 
 .sdata.camera_uart_handler
                0x0000000020000380        0x4 ./zf_device/zf_device_type.o
                0x0000000020000380                camera_uart_handler
 .sdata.camera_dvp_handler
                0x0000000020000384        0x4 ./zf_device/zf_device_type.o
                0x0000000020000384                camera_dvp_handler
 .sdata.wireless_module_uart_handler
                0x0000000020000388        0x4 ./zf_device/zf_device_type.o
                0x0000000020000388                wireless_module_uart_handler
 .sdata.tof_module_exti_handler
                0x000000002000038c        0x4 ./zf_device/zf_device_type.o
                0x000000002000038c                tof_module_exti_handler
 .sdata.system_clock
                0x0000000020000390        0x4 ./zf_common/zf_common_clock.o
                0x0000000020000390                system_clock
 .sdata.zf_debug_assert_enable
                0x0000000020000394        0x1 ./zf_common/zf_common_debug.o
 *fill*         0x0000000020000395        0x3 
 .sdata.ADCPrescTable
                0x0000000020000398        0x4 ./sdk/Peripheral/ch32v30x_rcc.o
 .sdata.USBHD_Dev_Speed
                0x000000002000039c        0x1 ./sdk/Peripheral/ch32v30x_usbotg_device.o
                0x000000002000039c                USBHD_Dev_Speed
 *fill*         0x000000002000039d        0x3 
 .sdata.LineCoding
                0x00000000200003a0        0x7 ./sdk/Peripheral/ch32v30x_usbotg_device.o
                0x00000000200003a0                LineCoding
 *fill*         0x00000000200003a7        0x1 
 .sdata.middleStandard
                0x00000000200003a8        0x4 ./code/function/angleErr.o
                0x00000000200003a8                middleStandard
 .sdata.hightest
                0x00000000200003ac        0x1 ./code/function/eight..o
                0x00000000200003ac                hightest
 *fill*         0x00000000200003ad        0x3 
 .sdata.CHECK_CHAO_TIMES
                0x00000000200003b0        0x4 ./code/function/eight..o
                0x00000000200003b0                CHECK_CHAO_TIMES
 .sdata.key_up.8257
                0x00000000200003b4        0x4 ./code/APP/key.o
 .sdata._impure_ptr
                0x00000000200003b8        0x4 h:/mounriver_studio/toolchain/risc-v embedded gcc/bin/../lib/gcc/riscv-none-embed/8.2.0/../../../../riscv-none-embed/lib/rv32imafc/ilp32f\libg_nano.a(lib_a-impure.o)
                0x00000000200003b8                _impure_ptr
 *(.sdata2.*)
 .sdata2.uart_irq
                0x00000000200003bc        0x8 ./zf_driver/zf_driver_uart.o
                0x00000000200003bc                uart_irq
 .sdata2.MyLangDescrHD
                0x00000000200003c4        0x4 ./sdk/Peripheral/ch32v30x_usbotg_device.o
                0x00000000200003c4                MyLangDescrHD
 .sdata2._global_impure_ptr
                0x00000000200003c8        0x4 h:/mounriver_studio/toolchain/risc-v embedded gcc/bin/../lib/gcc/riscv-none-embed/8.2.0/../../../../riscv-none-embed/lib/rv32imafc/ilp32f\libg_nano.a(lib_a-impure.o)
                0x00000000200003c8                _global_impure_ptr
 *(.gnu.linkonce.s.*)
                0x00000000200003d0                . = ALIGN (0x8)
 *fill*         0x00000000200003cc        0x4 
 *(.srodata.cst16)
 *(.srodata.cst8)
 *(.srodata.cst4)
 *(.srodata.cst2)
 *(.srodata .srodata.*)
                0x00000000200003d0                . = ALIGN (0x4)
                0x00000000200003d0                PROVIDE (_edata = .)

.bss            0x00000000200003d0     0xd498 load address 0x0000000000012e9c
                0x00000000200003d0                . = ALIGN (0x4)
                0x00000000200003d0                PROVIDE (_sbss = .)
 *(.sbss*)
 .sbss.camera_receiver_buffer
                0x00000000200003d0        0x8 ./zf_device/zf_device_camera.o
                0x00000000200003d0                camera_receiver_buffer
 .sbss.dm1xa_plus_count
                0x00000000200003d8        0x4 ./zf_device/zf_device_dm1xa.o
 .sbss.dm1xa_type
                0x00000000200003dc        0x4 ./zf_device/zf_device_dm1xa.o
 .sbss.dm1xa_ranging_state
                0x00000000200003e0        0x4 ./zf_device/zf_device_dm1xa.o
 .sbss.gps_tau1201_flag
                0x00000000200003e4        0x1 ./zf_device/zf_device_gps_tau1201.o
                0x00000000200003e4                gps_tau1201_flag
 .sbss.gps_tau1201_state
                0x00000000200003e5        0x1 ./zf_device/zf_device_gps_tau1201.o
 *fill*         0x00000000200003e6        0x2 
 .sbss.gps_gga_state
                0x00000000200003e8        0x4 ./zf_device/zf_device_gps_tau1201.o
                0x00000000200003e8                gps_gga_state
 .sbss.gps_rmc_state
                0x00000000200003ec        0x4 ./zf_device/zf_device_gps_tau1201.o
                0x00000000200003ec                gps_rmc_state
 .sbss.mt9v03x_finish_flag
                0x00000000200003f0        0x1 ./zf_device/zf_device_mt9v03x_dvp.o
                0x00000000200003f0                mt9v03x_finish_flag
 *fill*         0x00000000200003f1        0x3 
 .sbss.mt9v03x_type
                0x00000000200003f4        0x4 ./zf_device/zf_device_mt9v03x_dvp.o
 .sbss.mt9v03x_version
                0x00000000200003f8        0x2 ./zf_device/zf_device_mt9v03x_dvp.o
 *fill*         0x00000000200003fa        0x2 
 .sbss.tft180_display_dir
                0x00000000200003fc        0x4 ./zf_device/zf_device_tft180.o
 .sbss.camera_type
                0x0000000020000400        0x4 ./zf_device/zf_device_type.o
                0x0000000020000400                camera_type
 .sbss.debug_uart_data
                0x0000000020000404        0x1 ./zf_common/zf_common_debug.o
                0x0000000020000404                debug_uart_data
 .sbss.zf_debug_init_flag
                0x0000000020000405        0x1 ./zf_common/zf_common_debug.o
 .sbss.assert_nest_index.5039
                0x0000000020000406        0x1 ./zf_common/zf_common_debug.o
 *fill*         0x0000000020000407        0x1 
 .sbss.interrupt_nest_count
                0x0000000020000408        0x4 ./zf_common/zf_common_interrupt.o
 .sbss.EP0_DatabufHD
                0x000000002000040c        0x8 ./sdk/Peripheral/ch32v30x_usbotg_device.o
                0x000000002000040c                EP0_DatabufHD
 .sbss.pEP0_RAM_Addr
                0x0000000020000414        0x4 ./sdk/Peripheral/ch32v30x_usbotg_device.o
                0x0000000020000414                pEP0_RAM_Addr
 .sbss.pEP1_RAM_Addr
                0x0000000020000418        0x4 ./sdk/Peripheral/ch32v30x_usbotg_device.o
                0x0000000020000418                pEP1_RAM_Addr
 .sbss.pEP2_RAM_Addr
                0x000000002000041c        0x4 ./sdk/Peripheral/ch32v30x_usbotg_device.o
                0x000000002000041c                pEP2_RAM_Addr
 .sbss.pDescr   0x0000000020000420        0x4 ./sdk/Peripheral/ch32v30x_usbotg_device.o
                0x0000000020000420                pDescr
 .sbss.USBHD_Dev_SetupReqLen
                0x0000000020000424        0x2 ./sdk/Peripheral/ch32v30x_usbotg_device.o
                0x0000000020000424                USBHD_Dev_SetupReqLen
 .sbss.USBHD_Dev_SleepStatus
                0x0000000020000426        0x1 ./sdk/Peripheral/ch32v30x_usbotg_device.o
                0x0000000020000426                USBHD_Dev_SleepStatus
 .sbss.DevConfig
                0x0000000020000427        0x1 ./sdk/Peripheral/ch32v30x_usbotg_device.o
                0x0000000020000427                DevConfig
 .sbss.SetupReqCode
                0x0000000020000428        0x1 ./sdk/Peripheral/ch32v30x_usbotg_device.o
                0x0000000020000428                SetupReqCode
 *fill*         0x0000000020000429        0x1 
 .sbss.SetupReqLen
                0x000000002000042a        0x2 ./sdk/Peripheral/ch32v30x_usbotg_device.o
                0x000000002000042a                SetupReqLen
 .sbss.midline_fff
                0x000000002000042c        0x4 ./code/function/angleErr.o
                0x000000002000042c                midline_fff
 .sbss.midline_ff
                0x0000000020000430        0x4 ./code/function/angleErr.o
                0x0000000020000430                midline_ff
 .sbss.midline_f
                0x0000000020000434        0x4 ./code/function/angleErr.o
                0x0000000020000434                midline_f
 .sbss.lineSum  0x0000000020000438        0x4 ./code/function/angleErr.o
                0x0000000020000438                lineSum
 .sbss.weightSum
                0x000000002000043c        0x4 ./code/function/angleErr.o
                0x000000002000043c                weightSum
 .sbss.angle_Err
                0x0000000020000440        0x4 ./code/function/angleErr.o
                0x0000000020000440                angle_Err
 .sbss.start_point_l
                0x0000000020000444        0x2 ./code/function/eight..o
                0x0000000020000444                start_point_l
 *fill*         0x0000000020000446        0x2 
 .sbss.start_point_r
                0x0000000020000448        0x2 ./code/function/eight..o
                0x0000000020000448                start_point_r
 *fill*         0x000000002000044a        0x2 
 .sbss.start_LEFT
                0x000000002000044c        0x3 ./code/function/eight..o
                0x000000002000044c                start_LEFT
 *fill*         0x000000002000044f        0x1 
 .sbss.start_RIGHT
                0x0000000020000450        0x3 ./code/function/eight..o
                0x0000000020000450                start_RIGHT
 *fill*         0x0000000020000453        0x1 
 .sbss.data_stastics_l
                0x0000000020000454        0x2 ./code/function/eight..o
                0x0000000020000454                data_stastics_l
 .sbss.data_stastics_r
                0x0000000020000456        0x2 ./code/function/eight..o
                0x0000000020000456                data_stastics_r
 .sbss.Curser_Now
                0x0000000020000458        0x1 ./code/APP/UI.o
                0x0000000020000458                Curser_Now
 .sbss.state_now
                0x0000000020000459        0x1 ./code/APP/integration_control.o
                0x0000000020000459                state_now
 .sbss.next_times
                0x000000002000045a        0x2 ./code/cam_preprocess.o
 .sbss.prev_times
                0x000000002000045c        0x2 ./code/cam_preprocess.o
 *fill*         0x000000002000045e        0x2 
 .sbss.lastaverageValue_LessThreshold.8294
                0x0000000020000460        0x4 ./code/cam_preprocess.o
 .sbss.lastaverageValue_MoreThreshold.8295
                0x0000000020000464        0x4 ./code/cam_preprocess.o
 .sbss.mt9v03x_h_blank
                0x0000000020000468        0x4 H:\projectLib\visionCar_v1.0\libraries\zf_device\libzf_device_config.a(zf_device_config.o)
 .sbss.mt9v03x_v_blank
                0x000000002000046c        0x4 H:\projectLib\visionCar_v1.0\libraries\zf_device\libzf_device_config.a(zf_device_config.o)
 .sbss.__malloc_free_list
                0x0000000020000470        0x4 h:/mounriver_studio/toolchain/risc-v embedded gcc/bin/../lib/gcc/riscv-none-embed/8.2.0/../../../../riscv-none-embed/lib/rv32imafc/ilp32f\libg_nano.a(lib_a-nano-mallocr.o)
                0x0000000020000470                __malloc_free_list
 .sbss.__malloc_sbrk_start
                0x0000000020000474        0x4 h:/mounriver_studio/toolchain/risc-v embedded gcc/bin/../lib/gcc/riscv-none-embed/8.2.0/../../../../riscv-none-embed/lib/rv32imafc/ilp32f\libg_nano.a(lib_a-nano-mallocr.o)
                0x0000000020000474                __malloc_sbrk_start
 .sbss.heap_end.1520
                0x0000000020000478        0x4 h:/mounriver_studio/toolchain/risc-v embedded gcc/bin/../lib/gcc/riscv-none-embed/8.2.0/../../../../riscv-none-embed/lib/rv32imafc/ilp32f\libnosys.a(sbrk.o)
 *(.gnu.linkonce.sb.*)
 *(.bss*)
 .bss.timer_mode_state
                0x000000002000047c       0x28 ./zf_driver/zf_driver_timer.o
 .bss.camera_receiver_fifo
                0x00000000200004a4       0x1c ./zf_device/zf_device_camera.o
                0x00000000200004a4                camera_receiver_fifo
 .bss.gps_tau1201_receiver_fifo
                0x00000000200004c0       0x1c ./zf_device/zf_device_gps_tau1201.o
 .bss.gps_gga_buffer
                0x00000000200004dc       0x80 ./zf_device/zf_device_gps_tau1201.o
 .bss.gps_rmc_buffer
                0x000000002000055c       0x80 ./zf_device/zf_device_gps_tau1201.o
 .bss.mt9v03x_image
                0x00000000200005dc     0x5820 ./zf_device/zf_device_mt9v03x_dvp.o
                0x00000000200005dc                mt9v03x_image
 .bss.debug_uart_buffer
                0x0000000020005dfc       0x40 ./zf_common/zf_common_debug.o
                0x0000000020005dfc                debug_uart_buffer
 .bss.debug_uart_fifo
                0x0000000020005e3c       0x1c ./zf_common/zf_common_debug.o
                0x0000000020005e3c                debug_uart_fifo
 .bss.debug_output_info
                0x0000000020005e58       0x14 ./zf_common/zf_common_debug.o
 .bss.weight1   0x0000000020005e6c       0x3c ./code/function/angleErr.o
                0x0000000020005e6c                weight1
 .bss.bin_image
                0x0000000020005ea8      0xe10 ./code/function/eight..o
                0x0000000020005ea8                bin_image
 .bss.bound_Points_L
                0x0000000020006cb8       0xc8 ./code/function/eight..o
                0x0000000020006cb8                bound_Points_L
 .bss.bound_Points_R
                0x0000000020006d80       0xc8 ./code/function/eight..o
                0x0000000020006d80                bound_Points_R
 .bss.isNewCheck_array
                0x0000000020006e48      0xe10 ./code/function/eight..o
                0x0000000020006e48                isNewCheck_array
 .bss.points_l  0x0000000020007c58      0x2d0 ./code/function/eight..o
                0x0000000020007c58                points_l
 .bss.points_r  0x0000000020007f28      0x2d0 ./code/function/eight..o
                0x0000000020007f28                points_r
 .bss.dir_r     0x00000000200081f8      0x168 ./code/function/eight..o
                0x00000000200081f8                dir_r
 .bss.dir_l     0x0000000020008360      0x168 ./code/function/eight..o
                0x0000000020008360                dir_l
 .bss.l_border  0x00000000200084c8       0x3c ./code/function/eight..o
                0x00000000200084c8                l_border
 .bss.r_border  0x0000000020008504       0x3c ./code/function/eight..o
                0x0000000020008504                r_border
 .bss.center_line